[0.073s] DEBUG:colcon:Command line arguments: ['/usr/bin/colcon', 'build', '--packages-select', 'limo_description', 'limo_gazebo_sim']
[0.073s] DEBUG:colcon:Parsed command line arguments: Namespace(log_base=None, log_level=None, verb_name='build', build_base='build', install_base='install', merge_install=False, symlink_install=False, test_result_base=None, continue_on_error=False, executor='parallel', parallel_workers=16, event_handlers=None, ignore_user_meta=False, metas=['./colcon.meta'], base_paths=['.'], packages_ignore=None, packages_ignore_regex=None, paths=None, packages_up_to=None, packages_up_to_regex=None, packages_above=None, packages_above_and_dependencies=None, packages_above_depth=None, packages_select_by_dep=None, packages_skip_by_dep=None, packages_skip_up_to=None, packages_select_build_failed=False, packages_skip_build_finished=False, packages_select_test_failures=False, packages_skip_test_passed=False, packages_select=['limo_description', 'limo_gazebo_sim'], packages_skip=None, packages_select_regex=None, packages_skip_regex=None, packages_start=None, packages_end=None, allow_overriding=[], cmake_args=None, cmake_target=None, cmake_target_skip_unavailable=False, cmake_clean_cache=False, cmake_clean_first=False, cmake_force_configure=False, ament_cmake_args=None, catkin_cmake_args=None, catkin_skip_building_tests=False, verb_parser=<colcon_defaults.argument_parser.defaults.DefaultArgumentsDecorator object at 0x74043ee6e7e0>, verb_extension=<colcon_core.verb.build.BuildVerb object at 0x74043ee6e690>, main=<bound method BuildVerb.main of <colcon_core.verb.build.BuildVerb object at 0x74043ee6e690>>)
[0.102s] Level 1:colcon.colcon_core.package_discovery:discover_packages(colcon_meta) check parameters
[0.103s] Level 1:colcon.colcon_core.package_discovery:discover_packages(recursive) check parameters
[0.103s] Level 1:colcon.colcon_core.package_discovery:discover_packages(ignore) check parameters
[0.103s] Level 1:colcon.colcon_core.package_discovery:discover_packages(path) check parameters
[0.103s] Level 1:colcon.colcon_core.package_discovery:discover_packages(colcon_meta) discover
[0.103s] Level 1:colcon.colcon_core.package_discovery:discover_packages(recursive) discover
[0.103s] INFO:colcon.colcon_core.package_discovery:Crawling recursively for packages in '/home/artil/ROS'
[0.103s] Level 1:colcon.colcon_core.package_identification:_identify(.) by extensions ['ignore', 'ignore_ament_install']
[0.103s] Level 1:colcon.colcon_core.package_identification:_identify(.) by extension 'ignore'
[0.103s] Level 1:colcon.colcon_core.package_identification:_identify(.) by extension 'ignore_ament_install'
[0.103s] Level 1:colcon.colcon_core.package_identification:_identify(.) by extensions ['colcon_pkg']
[0.103s] Level 1:colcon.colcon_core.package_identification:_identify(.) by extension 'colcon_pkg'
[0.103s] Level 1:colcon.colcon_core.package_identification:_identify(.) by extensions ['colcon_meta']
[0.103s] Level 1:colcon.colcon_core.package_identification:_identify(.) by extension 'colcon_meta'
[0.103s] Level 1:colcon.colcon_core.package_identification:_identify(.) by extensions ['ros']
[0.103s] Level 1:colcon.colcon_core.package_identification:_identify(.) by extension 'ros'
[0.123s] Level 1:colcon.colcon_core.package_identification:_identify(.) by extensions ['cmake', 'python']
[0.123s] Level 1:colcon.colcon_core.package_identification:_identify(.) by extension 'cmake'
[0.123s] Level 1:colcon.colcon_core.package_identification:_identify(.) by extension 'python'
[0.123s] Level 1:colcon.colcon_core.package_identification:_identify(.) by extensions ['python_setup_py']
[0.123s] Level 1:colcon.colcon_core.package_identification:_identify(.) by extension 'python_setup_py'
[0.124s] Level 1:colcon.colcon_core.package_identification:_identify(build) by extensions ['ignore', 'ignore_ament_install']
[0.124s] Level 1:colcon.colcon_core.package_identification:_identify(build) by extension 'ignore'
[0.124s] Level 1:colcon.colcon_core.package_identification:_identify(build) ignored
[0.124s] Level 1:colcon.colcon_core.package_identification:_identify(install) by extensions ['ignore', 'ignore_ament_install']
[0.124s] Level 1:colcon.colcon_core.package_identification:_identify(install) by extension 'ignore'
[0.124s] Level 1:colcon.colcon_core.package_identification:_identify(install) ignored
[0.124s] Level 1:colcon.colcon_core.package_identification:_identify(log) by extensions ['ignore', 'ignore_ament_install']
[0.124s] Level 1:colcon.colcon_core.package_identification:_identify(log) by extension 'ignore'
[0.124s] Level 1:colcon.colcon_core.package_identification:_identify(log) ignored
[0.124s] Level 1:colcon.colcon_core.package_identification:_identify(src) by extensions ['ignore', 'ignore_ament_install']
[0.124s] Level 1:colcon.colcon_core.package_identification:_identify(src) by extension 'ignore'
[0.124s] Level 1:colcon.colcon_core.package_identification:_identify(src) by extension 'ignore_ament_install'
[0.124s] Level 1:colcon.colcon_core.package_identification:_identify(src) by extensions ['colcon_pkg']
[0.124s] Level 1:colcon.colcon_core.package_identification:_identify(src) by extension 'colcon_pkg'
[0.124s] Level 1:colcon.colcon_core.package_identification:_identify(src) by extensions ['colcon_meta']
[0.124s] Level 1:colcon.colcon_core.package_identification:_identify(src) by extension 'colcon_meta'
[0.124s] Level 1:colcon.colcon_core.package_identification:_identify(src) by extensions ['ros']
[0.124s] Level 1:colcon.colcon_core.package_identification:_identify(src) by extension 'ros'
[0.124s] Level 1:colcon.colcon_core.package_identification:_identify(src) by extensions ['cmake', 'python']
[0.124s] Level 1:colcon.colcon_core.package_identification:_identify(src) by extension 'cmake'
[0.124s] Level 1:colcon.colcon_core.package_identification:_identify(src) by extension 'python'
[0.124s] Level 1:colcon.colcon_core.package_identification:_identify(src) by extensions ['python_setup_py']
[0.124s] Level 1:colcon.colcon_core.package_identification:_identify(src) by extension 'python_setup_py'
[0.125s] Level 1:colcon.colcon_core.package_identification:_identify(src/agilex_open_class) by extensions ['ignore', 'ignore_ament_install']
[0.125s] Level 1:colcon.colcon_core.package_identification:_identify(src/agilex_open_class) by extension 'ignore'
[0.125s] Level 1:colcon.colcon_core.package_identification:_identify(src/agilex_open_class) by extension 'ignore_ament_install'
[0.125s] Level 1:colcon.colcon_core.package_identification:_identify(src/agilex_open_class) by extensions ['colcon_pkg']
[0.125s] Level 1:colcon.colcon_core.package_identification:_identify(src/agilex_open_class) by extension 'colcon_pkg'
[0.125s] Level 1:colcon.colcon_core.package_identification:_identify(src/agilex_open_class) by extensions ['colcon_meta']
[0.125s] Level 1:colcon.colcon_core.package_identification:_identify(src/agilex_open_class) by extension 'colcon_meta'
[0.125s] Level 1:colcon.colcon_core.package_identification:_identify(src/agilex_open_class) by extensions ['ros']
[0.125s] Level 1:colcon.colcon_core.package_identification:_identify(src/agilex_open_class) by extension 'ros'
[0.125s] Level 1:colcon.colcon_core.package_identification:_identify(src/agilex_open_class) by extensions ['cmake', 'python']
[0.125s] Level 1:colcon.colcon_core.package_identification:_identify(src/agilex_open_class) by extension 'cmake'
[0.125s] Level 1:colcon.colcon_core.package_identification:_identify(src/agilex_open_class) by extension 'python'
[0.125s] Level 1:colcon.colcon_core.package_identification:_identify(src/agilex_open_class) by extensions ['python_setup_py']
[0.125s] Level 1:colcon.colcon_core.package_identification:_identify(src/agilex_open_class) by extension 'python_setup_py'
[0.125s] Level 1:colcon.colcon_core.package_identification:_identify(src/agilex_open_class/img) by extensions ['ignore', 'ignore_ament_install']
[0.125s] Level 1:colcon.colcon_core.package_identification:_identify(src/agilex_open_class/img) by extension 'ignore'
[0.125s] Level 1:colcon.colcon_core.package_identification:_identify(src/agilex_open_class/img) by extension 'ignore_ament_install'
[0.125s] Level 1:colcon.colcon_core.package_identification:_identify(src/agilex_open_class/img) by extensions ['colcon_pkg']
[0.125s] Level 1:colcon.colcon_core.package_identification:_identify(src/agilex_open_class/img) by extension 'colcon_pkg'
[0.125s] Level 1:colcon.colcon_core.package_identification:_identify(src/agilex_open_class/img) by extensions ['colcon_meta']
[0.125s] Level 1:colcon.colcon_core.package_identification:_identify(src/agilex_open_class/img) by extension 'colcon_meta'
[0.126s] Level 1:colcon.colcon_core.package_identification:_identify(src/agilex_open_class/img) by extensions ['ros']
[0.126s] Level 1:colcon.colcon_core.package_identification:_identify(src/agilex_open_class/img) by extension 'ros'
[0.126s] Level 1:colcon.colcon_core.package_identification:_identify(src/agilex_open_class/img) by extensions ['cmake', 'python']
[0.126s] Level 1:colcon.colcon_core.package_identification:_identify(src/agilex_open_class/img) by extension 'cmake'
[0.126s] Level 1:colcon.colcon_core.package_identification:_identify(src/agilex_open_class/img) by extension 'python'
[0.126s] Level 1:colcon.colcon_core.package_identification:_identify(src/agilex_open_class/img) by extensions ['python_setup_py']
[0.126s] Level 1:colcon.colcon_core.package_identification:_identify(src/agilex_open_class/img) by extension 'python_setup_py'
[0.126s] Level 1:colcon.colcon_core.package_identification:_identify(src/agilex_open_class/limo) by extensions ['ignore', 'ignore_ament_install']
[0.126s] Level 1:colcon.colcon_core.package_identification:_identify(src/agilex_open_class/limo) by extension 'ignore'
[0.126s] Level 1:colcon.colcon_core.package_identification:_identify(src/agilex_open_class/limo) by extension 'ignore_ament_install'
[0.126s] Level 1:colcon.colcon_core.package_identification:_identify(src/agilex_open_class/limo) by extensions ['colcon_pkg']
[0.126s] Level 1:colcon.colcon_core.package_identification:_identify(src/agilex_open_class/limo) by extension 'colcon_pkg'
[0.126s] Level 1:colcon.colcon_core.package_identification:_identify(src/agilex_open_class/limo) by extensions ['colcon_meta']
[0.126s] Level 1:colcon.colcon_core.package_identification:_identify(src/agilex_open_class/limo) by extension 'colcon_meta'
[0.126s] Level 1:colcon.colcon_core.package_identification:_identify(src/agilex_open_class/limo) by extensions ['ros']
[0.126s] Level 1:colcon.colcon_core.package_identification:_identify(src/agilex_open_class/limo) by extension 'ros'
[0.126s] Level 1:colcon.colcon_core.package_identification:_identify(src/agilex_open_class/limo) by extensions ['cmake', 'python']
[0.126s] Level 1:colcon.colcon_core.package_identification:_identify(src/agilex_open_class/limo) by extension 'cmake'
[0.126s] Level 1:colcon.colcon_core.package_identification:_identify(src/agilex_open_class/limo) by extension 'python'
[0.126s] Level 1:colcon.colcon_core.package_identification:_identify(src/agilex_open_class/limo) by extensions ['python_setup_py']
[0.126s] Level 1:colcon.colcon_core.package_identification:_identify(src/agilex_open_class/limo) by extension 'python_setup_py'
[0.127s] Level 1:colcon.colcon_core.package_identification:_identify(src/agilex_open_class/limo/image) by extensions ['ignore', 'ignore_ament_install']
[0.127s] Level 1:colcon.colcon_core.package_identification:_identify(src/agilex_open_class/limo/image) by extension 'ignore'
[0.127s] Level 1:colcon.colcon_core.package_identification:_identify(src/agilex_open_class/limo/image) by extension 'ignore_ament_install'
[0.127s] Level 1:colcon.colcon_core.package_identification:_identify(src/agilex_open_class/limo/image) by extensions ['colcon_pkg']
[0.127s] Level 1:colcon.colcon_core.package_identification:_identify(src/agilex_open_class/limo/image) by extension 'colcon_pkg'
[0.127s] Level 1:colcon.colcon_core.package_identification:_identify(src/agilex_open_class/limo/image) by extensions ['colcon_meta']
[0.127s] Level 1:colcon.colcon_core.package_identification:_identify(src/agilex_open_class/limo/image) by extension 'colcon_meta'
[0.127s] Level 1:colcon.colcon_core.package_identification:_identify(src/agilex_open_class/limo/image) by extensions ['ros']
[0.127s] Level 1:colcon.colcon_core.package_identification:_identify(src/agilex_open_class/limo/image) by extension 'ros'
[0.127s] Level 1:colcon.colcon_core.package_identification:_identify(src/agilex_open_class/limo/image) by extensions ['cmake', 'python']
[0.127s] Level 1:colcon.colcon_core.package_identification:_identify(src/agilex_open_class/limo/image) by extension 'cmake'
[0.127s] Level 1:colcon.colcon_core.package_identification:_identify(src/agilex_open_class/limo/image) by extension 'python'
[0.127s] Level 1:colcon.colcon_core.package_identification:_identify(src/agilex_open_class/limo/image) by extensions ['python_setup_py']
[0.127s] Level 1:colcon.colcon_core.package_identification:_identify(src/agilex_open_class/limo/image) by extension 'python_setup_py'
[0.127s] Level 1:colcon.colcon_core.package_identification:_identify(src/agilex_open_class/limo/limo_bringup) by extensions ['ignore', 'ignore_ament_install']
[0.127s] Level 1:colcon.colcon_core.package_identification:_identify(src/agilex_open_class/limo/limo_bringup) by extension 'ignore'
[0.127s] Level 1:colcon.colcon_core.package_identification:_identify(src/agilex_open_class/limo/limo_bringup) by extension 'ignore_ament_install'
[0.128s] Level 1:colcon.colcon_core.package_identification:_identify(src/agilex_open_class/limo/limo_bringup) by extensions ['colcon_pkg']
[0.128s] Level 1:colcon.colcon_core.package_identification:_identify(src/agilex_open_class/limo/limo_bringup) by extension 'colcon_pkg'
[0.128s] Level 1:colcon.colcon_core.package_identification:_identify(src/agilex_open_class/limo/limo_bringup) by extensions ['colcon_meta']
[0.128s] Level 1:colcon.colcon_core.package_identification:_identify(src/agilex_open_class/limo/limo_bringup) by extension 'colcon_meta'
[0.128s] Level 1:colcon.colcon_core.package_identification:_identify(src/agilex_open_class/limo/limo_bringup) by extensions ['ros']
[0.128s] Level 1:colcon.colcon_core.package_identification:_identify(src/agilex_open_class/limo/limo_bringup) by extension 'ros'
[0.130s] DEBUG:colcon.colcon_core.package_identification:Package 'src/agilex_open_class/limo/limo_bringup' with type 'ros.ament_cmake' and name 'limo_bringup'
[0.130s] Level 1:colcon.colcon_core.package_identification:_identify(src/agilex_open_class/limo/limo_description) by extensions ['ignore', 'ignore_ament_install']
[0.130s] Level 1:colcon.colcon_core.package_identification:_identify(src/agilex_open_class/limo/limo_description) by extension 'ignore'
[0.130s] Level 1:colcon.colcon_core.package_identification:_identify(src/agilex_open_class/limo/limo_description) by extension 'ignore_ament_install'
[0.130s] Level 1:colcon.colcon_core.package_identification:_identify(src/agilex_open_class/limo/limo_description) by extensions ['colcon_pkg']
[0.130s] Level 1:colcon.colcon_core.package_identification:_identify(src/agilex_open_class/limo/limo_description) by extension 'colcon_pkg'
[0.130s] Level 1:colcon.colcon_core.package_identification:_identify(src/agilex_open_class/limo/limo_description) by extensions ['colcon_meta']
[0.130s] Level 1:colcon.colcon_core.package_identification:_identify(src/agilex_open_class/limo/limo_description) by extension 'colcon_meta'
[0.130s] Level 1:colcon.colcon_core.package_identification:_identify(src/agilex_open_class/limo/limo_description) by extensions ['ros']
[0.130s] Level 1:colcon.colcon_core.package_identification:_identify(src/agilex_open_class/limo/limo_description) by extension 'ros'
[0.131s] DEBUG:colcon.colcon_core.package_identification:Package 'src/agilex_open_class/limo/limo_description' with type 'ros.ament_cmake' and name 'limo_description'
[0.131s] Level 1:colcon.colcon_core.package_identification:_identify(src/agilex_open_class/limo/limo_gazebo_sim) by extensions ['ignore', 'ignore_ament_install']
[0.131s] Level 1:colcon.colcon_core.package_identification:_identify(src/agilex_open_class/limo/limo_gazebo_sim) by extension 'ignore'
[0.131s] Level 1:colcon.colcon_core.package_identification:_identify(src/agilex_open_class/limo/limo_gazebo_sim) by extension 'ignore_ament_install'
[0.131s] Level 1:colcon.colcon_core.package_identification:_identify(src/agilex_open_class/limo/limo_gazebo_sim) by extensions ['colcon_pkg']
[0.131s] Level 1:colcon.colcon_core.package_identification:_identify(src/agilex_open_class/limo/limo_gazebo_sim) by extension 'colcon_pkg'
[0.131s] Level 1:colcon.colcon_core.package_identification:_identify(src/agilex_open_class/limo/limo_gazebo_sim) by extensions ['colcon_meta']
[0.131s] Level 1:colcon.colcon_core.package_identification:_identify(src/agilex_open_class/limo/limo_gazebo_sim) by extension 'colcon_meta'
[0.131s] Level 1:colcon.colcon_core.package_identification:_identify(src/agilex_open_class/limo/limo_gazebo_sim) by extensions ['ros']
[0.131s] Level 1:colcon.colcon_core.package_identification:_identify(src/agilex_open_class/limo/limo_gazebo_sim) by extension 'ros'
[0.132s] DEBUG:colcon.colcon_core.package_identification:Package 'src/agilex_open_class/limo/limo_gazebo_sim' with type 'ros.ament_cmake' and name 'limo_gazebo_sim'
[0.132s] Level 1:colcon.colcon_core.package_identification:_identify(src/agilex_open_class/limo/limo_learnning) by extensions ['ignore', 'ignore_ament_install']
[0.132s] Level 1:colcon.colcon_core.package_identification:_identify(src/agilex_open_class/limo/limo_learnning) by extension 'ignore'
[0.132s] Level 1:colcon.colcon_core.package_identification:_identify(src/agilex_open_class/limo/limo_learnning) by extension 'ignore_ament_install'
[0.132s] Level 1:colcon.colcon_core.package_identification:_identify(src/agilex_open_class/limo/limo_learnning) by extensions ['colcon_pkg']
[0.132s] Level 1:colcon.colcon_core.package_identification:_identify(src/agilex_open_class/limo/limo_learnning) by extension 'colcon_pkg'
[0.132s] Level 1:colcon.colcon_core.package_identification:_identify(src/agilex_open_class/limo/limo_learnning) by extensions ['colcon_meta']
[0.132s] Level 1:colcon.colcon_core.package_identification:_identify(src/agilex_open_class/limo/limo_learnning) by extension 'colcon_meta'
[0.132s] Level 1:colcon.colcon_core.package_identification:_identify(src/agilex_open_class/limo/limo_learnning) by extensions ['ros']
[0.132s] Level 1:colcon.colcon_core.package_identification:_identify(src/agilex_open_class/limo/limo_learnning) by extension 'ros'
[0.132s] DEBUG:colcon.colcon_core.package_identification:Package 'src/agilex_open_class/limo/limo_learnning' with type 'ros.ament_cmake' and name 'limo_learnning'
[0.133s] Level 1:colcon.colcon_core.package_identification:_identify(src/agilex_open_class/limo/limo_learnning_py) by extensions ['ignore', 'ignore_ament_install']
[0.133s] Level 1:colcon.colcon_core.package_identification:_identify(src/agilex_open_class/limo/limo_learnning_py) by extension 'ignore'
[0.133s] Level 1:colcon.colcon_core.package_identification:_identify(src/agilex_open_class/limo/limo_learnning_py) by extension 'ignore_ament_install'
[0.133s] Level 1:colcon.colcon_core.package_identification:_identify(src/agilex_open_class/limo/limo_learnning_py) by extensions ['colcon_pkg']
[0.133s] Level 1:colcon.colcon_core.package_identification:_identify(src/agilex_open_class/limo/limo_learnning_py) by extension 'colcon_pkg'
[0.133s] Level 1:colcon.colcon_core.package_identification:_identify(src/agilex_open_class/limo/limo_learnning_py) by extensions ['colcon_meta']
[0.133s] Level 1:colcon.colcon_core.package_identification:_identify(src/agilex_open_class/limo/limo_learnning_py) by extension 'colcon_meta'
[0.133s] Level 1:colcon.colcon_core.package_identification:_identify(src/agilex_open_class/limo/limo_learnning_py) by extensions ['ros']
[0.133s] Level 1:colcon.colcon_core.package_identification:_identify(src/agilex_open_class/limo/limo_learnning_py) by extension 'ros'
[0.133s] DEBUG:colcon.colcon_core.package_identification:Package 'src/agilex_open_class/limo/limo_learnning_py' with type 'ros.ament_python' and name 'limo_learnning_py'
[0.133s] Level 1:colcon.colcon_core.package_identification:_identify(src/agilex_open_class/limo/limo_msgs) by extensions ['ignore', 'ignore_ament_install']
[0.133s] Level 1:colcon.colcon_core.package_identification:_identify(src/agilex_open_class/limo/limo_msgs) by extension 'ignore'
[0.133s] Level 1:colcon.colcon_core.package_identification:_identify(src/agilex_open_class/limo/limo_msgs) by extension 'ignore_ament_install'
[0.133s] Level 1:colcon.colcon_core.package_identification:_identify(src/agilex_open_class/limo/limo_msgs) by extensions ['colcon_pkg']
[0.133s] Level 1:colcon.colcon_core.package_identification:_identify(src/agilex_open_class/limo/limo_msgs) by extension 'colcon_pkg'
[0.133s] Level 1:colcon.colcon_core.package_identification:_identify(src/agilex_open_class/limo/limo_msgs) by extensions ['colcon_meta']
[0.133s] Level 1:colcon.colcon_core.package_identification:_identify(src/agilex_open_class/limo/limo_msgs) by extension 'colcon_meta'
[0.133s] Level 1:colcon.colcon_core.package_identification:_identify(src/agilex_open_class/limo/limo_msgs) by extensions ['ros']
[0.134s] Level 1:colcon.colcon_core.package_identification:_identify(src/agilex_open_class/limo/limo_msgs) by extension 'ros'
[0.134s] DEBUG:colcon.colcon_core.package_identification:Package 'src/agilex_open_class/limo/limo_msgs' with type 'ros.ament_cmake' and name 'limo_msgs'
[0.134s] Level 1:colcon.colcon_core.package_identification:_identify(src/agilex_open_class/piper) by extensions ['ignore', 'ignore_ament_install']
[0.134s] Level 1:colcon.colcon_core.package_identification:_identify(src/agilex_open_class/piper) by extension 'ignore'
[0.134s] Level 1:colcon.colcon_core.package_identification:_identify(src/agilex_open_class/piper) by extension 'ignore_ament_install'
[0.134s] Level 1:colcon.colcon_core.package_identification:_identify(src/agilex_open_class/piper) by extensions ['colcon_pkg']
[0.134s] Level 1:colcon.colcon_core.package_identification:_identify(src/agilex_open_class/piper) by extension 'colcon_pkg'
[0.134s] Level 1:colcon.colcon_core.package_identification:_identify(src/agilex_open_class/piper) by extensions ['colcon_meta']
[0.134s] Level 1:colcon.colcon_core.package_identification:_identify(src/agilex_open_class/piper) by extension 'colcon_meta'
[0.134s] Level 1:colcon.colcon_core.package_identification:_identify(src/agilex_open_class/piper) by extensions ['ros']
[0.134s] Level 1:colcon.colcon_core.package_identification:_identify(src/agilex_open_class/piper) by extension 'ros'
[0.134s] Level 1:colcon.colcon_core.package_identification:_identify(src/agilex_open_class/piper) by extensions ['cmake', 'python']
[0.134s] Level 1:colcon.colcon_core.package_identification:_identify(src/agilex_open_class/piper) by extension 'cmake'
[0.134s] Level 1:colcon.colcon_core.package_identification:_identify(src/agilex_open_class/piper) by extension 'python'
[0.134s] Level 1:colcon.colcon_core.package_identification:_identify(src/agilex_open_class/piper) by extensions ['python_setup_py']
[0.134s] Level 1:colcon.colcon_core.package_identification:_identify(src/agilex_open_class/piper) by extension 'python_setup_py'
[0.134s] Level 1:colcon.colcon_core.package_identification:_identify(src/agilex_open_class/piper/image) by extensions ['ignore', 'ignore_ament_install']
[0.134s] Level 1:colcon.colcon_core.package_identification:_identify(src/agilex_open_class/piper/image) by extension 'ignore'
[0.135s] Level 1:colcon.colcon_core.package_identification:_identify(src/agilex_open_class/piper/image) by extension 'ignore_ament_install'
[0.135s] Level 1:colcon.colcon_core.package_identification:_identify(src/agilex_open_class/piper/image) by extensions ['colcon_pkg']
[0.135s] Level 1:colcon.colcon_core.package_identification:_identify(src/agilex_open_class/piper/image) by extension 'colcon_pkg'
[0.135s] Level 1:colcon.colcon_core.package_identification:_identify(src/agilex_open_class/piper/image) by extensions ['colcon_meta']
[0.135s] Level 1:colcon.colcon_core.package_identification:_identify(src/agilex_open_class/piper/image) by extension 'colcon_meta'
[0.135s] Level 1:colcon.colcon_core.package_identification:_identify(src/agilex_open_class/piper/image) by extensions ['ros']
[0.135s] Level 1:colcon.colcon_core.package_identification:_identify(src/agilex_open_class/piper/image) by extension 'ros'
[0.135s] Level 1:colcon.colcon_core.package_identification:_identify(src/agilex_open_class/piper/image) by extensions ['cmake', 'python']
[0.135s] Level 1:colcon.colcon_core.package_identification:_identify(src/agilex_open_class/piper/image) by extension 'cmake'
[0.135s] Level 1:colcon.colcon_core.package_identification:_identify(src/agilex_open_class/piper/image) by extension 'python'
[0.135s] Level 1:colcon.colcon_core.package_identification:_identify(src/agilex_open_class/piper/image) by extensions ['python_setup_py']
[0.135s] Level 1:colcon.colcon_core.package_identification:_identify(src/agilex_open_class/piper/image) by extension 'python_setup_py'
[0.136s] Level 1:colcon.colcon_core.package_identification:_identify(src/agilex_open_class/piper/learnning_piper) by extensions ['ignore', 'ignore_ament_install']
[0.136s] Level 1:colcon.colcon_core.package_identification:_identify(src/agilex_open_class/piper/learnning_piper) by extension 'ignore'
[0.136s] Level 1:colcon.colcon_core.package_identification:_identify(src/agilex_open_class/piper/learnning_piper) by extension 'ignore_ament_install'
[0.136s] Level 1:colcon.colcon_core.package_identification:_identify(src/agilex_open_class/piper/learnning_piper) by extensions ['colcon_pkg']
[0.136s] Level 1:colcon.colcon_core.package_identification:_identify(src/agilex_open_class/piper/learnning_piper) by extension 'colcon_pkg'
[0.136s] Level 1:colcon.colcon_core.package_identification:_identify(src/agilex_open_class/piper/learnning_piper) by extensions ['colcon_meta']
[0.136s] Level 1:colcon.colcon_core.package_identification:_identify(src/agilex_open_class/piper/learnning_piper) by extension 'colcon_meta'
[0.136s] Level 1:colcon.colcon_core.package_identification:_identify(src/agilex_open_class/piper/learnning_piper) by extensions ['ros']
[0.136s] Level 1:colcon.colcon_core.package_identification:_identify(src/agilex_open_class/piper/learnning_piper) by extension 'ros'
[0.137s] DEBUG:colcon.colcon_core.package_identification:Package 'src/agilex_open_class/piper/learnning_piper' with type 'ros.ament_cmake' and name 'learnning_piper'
[0.137s] Level 1:colcon.colcon_core.package_identification:_identify(src/agilex_open_class/piper/piper_description) by extensions ['ignore', 'ignore_ament_install']
[0.137s] Level 1:colcon.colcon_core.package_identification:_identify(src/agilex_open_class/piper/piper_description) by extension 'ignore'
[0.137s] Level 1:colcon.colcon_core.package_identification:_identify(src/agilex_open_class/piper/piper_description) by extension 'ignore_ament_install'
[0.137s] Level 1:colcon.colcon_core.package_identification:_identify(src/agilex_open_class/piper/piper_description) by extensions ['colcon_pkg']
[0.137s] Level 1:colcon.colcon_core.package_identification:_identify(src/agilex_open_class/piper/piper_description) by extension 'colcon_pkg'
[0.137s] Level 1:colcon.colcon_core.package_identification:_identify(src/agilex_open_class/piper/piper_description) by extensions ['colcon_meta']
[0.137s] Level 1:colcon.colcon_core.package_identification:_identify(src/agilex_open_class/piper/piper_description) by extension 'colcon_meta'
[0.138s] Level 1:colcon.colcon_core.package_identification:_identify(src/agilex_open_class/piper/piper_description) by extensions ['ros']
[0.138s] Level 1:colcon.colcon_core.package_identification:_identify(src/agilex_open_class/piper/piper_description) by extension 'ros'
[0.138s] DEBUG:colcon.colcon_core.package_identification:Package 'src/agilex_open_class/piper/piper_description' with type 'ros.ament_cmake' and name 'piper_description'
[0.138s] Level 1:colcon.colcon_core.package_identification:_identify(src/agilex_open_class/piper/piper_moveit_config_v4) by extensions ['ignore', 'ignore_ament_install']
[0.138s] Level 1:colcon.colcon_core.package_identification:_identify(src/agilex_open_class/piper/piper_moveit_config_v4) by extension 'ignore'
[0.138s] Level 1:colcon.colcon_core.package_identification:_identify(src/agilex_open_class/piper/piper_moveit_config_v4) by extension 'ignore_ament_install'
[0.138s] Level 1:colcon.colcon_core.package_identification:_identify(src/agilex_open_class/piper/piper_moveit_config_v4) by extensions ['colcon_pkg']
[0.138s] Level 1:colcon.colcon_core.package_identification:_identify(src/agilex_open_class/piper/piper_moveit_config_v4) by extension 'colcon_pkg'
[0.138s] Level 1:colcon.colcon_core.package_identification:_identify(src/agilex_open_class/piper/piper_moveit_config_v4) by extensions ['colcon_meta']
[0.138s] Level 1:colcon.colcon_core.package_identification:_identify(src/agilex_open_class/piper/piper_moveit_config_v4) by extension 'colcon_meta'
[0.138s] Level 1:colcon.colcon_core.package_identification:_identify(src/agilex_open_class/piper/piper_moveit_config_v4) by extensions ['ros']
[0.138s] Level 1:colcon.colcon_core.package_identification:_identify(src/agilex_open_class/piper/piper_moveit_config_v4) by extension 'ros'
[0.139s] DEBUG:colcon.colcon_core.package_identification:Package 'src/agilex_open_class/piper/piper_moveit_config_v4' with type 'ros.ament_cmake' and name 'piper_moveit_config_v4'
[0.139s] Level 1:colcon.colcon_core.package_identification:_identify(src/agilex_open_class/piper/piper_moveit_config_v5) by extensions ['ignore', 'ignore_ament_install']
[0.139s] Level 1:colcon.colcon_core.package_identification:_identify(src/agilex_open_class/piper/piper_moveit_config_v5) by extension 'ignore'
[0.139s] Level 1:colcon.colcon_core.package_identification:_identify(src/agilex_open_class/piper/piper_moveit_config_v5) by extension 'ignore_ament_install'
[0.139s] Level 1:colcon.colcon_core.package_identification:_identify(src/agilex_open_class/piper/piper_moveit_config_v5) by extensions ['colcon_pkg']
[0.139s] Level 1:colcon.colcon_core.package_identification:_identify(src/agilex_open_class/piper/piper_moveit_config_v5) by extension 'colcon_pkg'
[0.139s] Level 1:colcon.colcon_core.package_identification:_identify(src/agilex_open_class/piper/piper_moveit_config_v5) by extensions ['colcon_meta']
[0.139s] Level 1:colcon.colcon_core.package_identification:_identify(src/agilex_open_class/piper/piper_moveit_config_v5) by extension 'colcon_meta'
[0.139s] Level 1:colcon.colcon_core.package_identification:_identify(src/agilex_open_class/piper/piper_moveit_config_v5) by extensions ['ros']
[0.139s] Level 1:colcon.colcon_core.package_identification:_identify(src/agilex_open_class/piper/piper_moveit_config_v5) by extension 'ros'
[0.140s] DEBUG:colcon.colcon_core.package_identification:Package 'src/agilex_open_class/piper/piper_moveit_config_v5' with type 'ros.ament_cmake' and name 'piper_moveit_config_v5'
[0.140s] Level 1:colcon.colcon_core.package_discovery:discover_packages(recursive) using defaults
[0.140s] Level 1:colcon.colcon_core.package_discovery:discover_packages(ignore) discover
[0.140s] Level 1:colcon.colcon_core.package_discovery:discover_packages(ignore) using defaults
[0.140s] Level 1:colcon.colcon_core.package_discovery:discover_packages(path) discover
[0.140s] Level 1:colcon.colcon_core.package_discovery:discover_packages(path) using defaults
[0.156s] INFO:colcon.colcon_core.package_selection:Skipping not selected package 'learnning_piper' in 'src/agilex_open_class/piper/learnning_piper'
[0.156s] INFO:colcon.colcon_core.package_selection:Skipping not selected package 'limo_msgs' in 'src/agilex_open_class/limo/limo_msgs'
[0.156s] INFO:colcon.colcon_core.package_selection:Skipping not selected package 'piper_description' in 'src/agilex_open_class/piper/piper_description'
[0.156s] INFO:colcon.colcon_core.package_selection:Skipping not selected package 'limo_bringup' in 'src/agilex_open_class/limo/limo_bringup'
[0.156s] INFO:colcon.colcon_core.package_selection:Skipping not selected package 'limo_learnning' in 'src/agilex_open_class/limo/limo_learnning'
[0.156s] INFO:colcon.colcon_core.package_selection:Skipping not selected package 'limo_learnning_py' in 'src/agilex_open_class/limo/limo_learnning_py'
[0.156s] INFO:colcon.colcon_core.package_selection:Skipping not selected package 'piper_moveit_config_v4' in 'src/agilex_open_class/piper/piper_moveit_config_v4'
[0.156s] INFO:colcon.colcon_core.package_selection:Skipping not selected package 'piper_moveit_config_v5' in 'src/agilex_open_class/piper/piper_moveit_config_v5'
[0.156s] Level 1:colcon.colcon_core.package_discovery:discover_packages(prefix_path) check parameters
[0.157s] Level 1:colcon.colcon_core.package_discovery:discover_packages(prefix_path) discover
[0.158s] DEBUG:colcon.colcon_installed_package_information.package_discovery:Found 2 installed packages in /home/artil/ROS/install
[0.159s] DEBUG:colcon.colcon_installed_package_information.package_discovery:Found 335 installed packages in /opt/ros/jazzy
[0.160s] Level 1:colcon.colcon_core.package_discovery:discover_packages(prefix_path) using defaults
[0.199s] Level 5:colcon.colcon_core.verb:set package 'limo_description' build argument 'cmake_args' from command line to 'None'
[0.199s] Level 5:colcon.colcon_core.verb:set package 'limo_description' build argument 'cmake_target' from command line to 'None'
[0.199s] Level 5:colcon.colcon_core.verb:set package 'limo_description' build argument 'cmake_target_skip_unavailable' from command line to 'False'
[0.199s] Level 5:colcon.colcon_core.verb:set package 'limo_description' build argument 'cmake_clean_cache' from command line to 'False'
[0.199s] Level 5:colcon.colcon_core.verb:set package 'limo_description' build argument 'cmake_clean_first' from command line to 'False'
[0.199s] Level 5:colcon.colcon_core.verb:set package 'limo_description' build argument 'cmake_force_configure' from command line to 'False'
[0.199s] Level 5:colcon.colcon_core.verb:set package 'limo_description' build argument 'ament_cmake_args' from command line to 'None'
[0.199s] Level 5:colcon.colcon_core.verb:set package 'limo_description' build argument 'catkin_cmake_args' from command line to 'None'
[0.199s] Level 5:colcon.colcon_core.verb:set package 'limo_description' build argument 'catkin_skip_building_tests' from command line to 'False'
[0.199s] DEBUG:colcon.colcon_core.verb:Building package 'limo_description' with the following arguments: {'ament_cmake_args': None, 'build_base': '/home/artil/ROS/build/limo_description', 'catkin_cmake_args': None, 'catkin_skip_building_tests': False, 'cmake_args': None, 'cmake_clean_cache': False, 'cmake_clean_first': False, 'cmake_force_configure': False, 'cmake_target': None, 'cmake_target_skip_unavailable': False, 'install_base': '/home/artil/ROS/install/limo_description', 'merge_install': False, 'path': '/home/artil/ROS/src/agilex_open_class/limo/limo_description', 'symlink_install': False, 'test_result_base': None}
[0.199s] Level 5:colcon.colcon_core.verb:set package 'limo_gazebo_sim' build argument 'cmake_args' from command line to 'None'
[0.199s] Level 5:colcon.colcon_core.verb:set package 'limo_gazebo_sim' build argument 'cmake_target' from command line to 'None'
[0.199s] Level 5:colcon.colcon_core.verb:set package 'limo_gazebo_sim' build argument 'cmake_target_skip_unavailable' from command line to 'False'
[0.199s] Level 5:colcon.colcon_core.verb:set package 'limo_gazebo_sim' build argument 'cmake_clean_cache' from command line to 'False'
[0.199s] Level 5:colcon.colcon_core.verb:set package 'limo_gazebo_sim' build argument 'cmake_clean_first' from command line to 'False'
[0.199s] Level 5:colcon.colcon_core.verb:set package 'limo_gazebo_sim' build argument 'cmake_force_configure' from command line to 'False'
[0.199s] Level 5:colcon.colcon_core.verb:set package 'limo_gazebo_sim' build argument 'ament_cmake_args' from command line to 'None'
[0.199s] Level 5:colcon.colcon_core.verb:set package 'limo_gazebo_sim' build argument 'catkin_cmake_args' from command line to 'None'
[0.199s] Level 5:colcon.colcon_core.verb:set package 'limo_gazebo_sim' build argument 'catkin_skip_building_tests' from command line to 'False'
[0.199s] DEBUG:colcon.colcon_core.verb:Building package 'limo_gazebo_sim' with the following arguments: {'ament_cmake_args': None, 'build_base': '/home/artil/ROS/build/limo_gazebo_sim', 'catkin_cmake_args': None, 'catkin_skip_building_tests': False, 'cmake_args': None, 'cmake_clean_cache': False, 'cmake_clean_first': False, 'cmake_force_configure': False, 'cmake_target': None, 'cmake_target_skip_unavailable': False, 'install_base': '/home/artil/ROS/install/limo_gazebo_sim', 'merge_install': False, 'path': '/home/artil/ROS/src/agilex_open_class/limo/limo_gazebo_sim', 'symlink_install': False, 'test_result_base': None}
[0.199s] INFO:colcon.colcon_core.executor:Executing jobs using 'parallel' executor
[0.200s] DEBUG:colcon.colcon_parallel_executor.executor.parallel:run_until_complete
[0.201s] INFO:colcon.colcon_ros.task.ament_cmake.build:Building ROS package in '/home/artil/ROS/src/agilex_open_class/limo/limo_description' with build type 'ament_cmake'
[0.202s] INFO:colcon.colcon_cmake.task.cmake.build:Building CMake package in '/home/artil/ROS/src/agilex_open_class/limo/limo_description'
[0.205s] INFO:colcon.colcon_core.plugin_system:Skipping extension 'colcon_core.shell.bat': Not used on non-Windows systems
[0.205s] INFO:colcon.colcon_core.shell:Skip shell extension 'powershell' for command environment: Not usable outside of PowerShell
[0.205s] DEBUG:colcon.colcon_core.shell:Skip shell extension 'dsv' for command environment
[0.208s] INFO:colcon.colcon_ros.task.ament_cmake.build:Building ROS package in '/home/artil/ROS/src/agilex_open_class/limo/limo_gazebo_sim' with build type 'ament_cmake'
[0.208s] INFO:colcon.colcon_cmake.task.cmake.build:Building CMake package in '/home/artil/ROS/src/agilex_open_class/limo/limo_gazebo_sim'
[0.209s] INFO:colcon.colcon_core.shell:Skip shell extension 'powershell' for command environment: Not usable outside of PowerShell
[0.209s] DEBUG:colcon.colcon_core.shell:Skip shell extension 'dsv' for command environment
[0.217s] DEBUG:colcon.colcon_core.event_handler.log_command:Invoking command in '/home/artil/ROS/build/limo_description': CMAKE_PREFIX_PATH=${CMAKE_PREFIX_PATH}:/opt/ros/jazzy DEBUGINFOD_URLS=https://debuginfod.ubuntu.com /usr/bin/cmake --build /home/artil/ROS/build/limo_description -- -j16 -l16
[0.224s] DEBUG:colcon.colcon_core.event_handler.log_command:Invoking command in '/home/artil/ROS/build/limo_gazebo_sim': CMAKE_PREFIX_PATH=${CMAKE_PREFIX_PATH}:/opt/ros/jazzy DEBUGINFOD_URLS=https://debuginfod.ubuntu.com /usr/bin/cmake --build /home/artil/ROS/build/limo_gazebo_sim -- -j16 -l16
[0.274s] DEBUG:colcon.colcon_core.event_handler.log_command:Invoked command in '/home/artil/ROS/build/limo_description' returned '0': CMAKE_PREFIX_PATH=${CMAKE_PREFIX_PATH}:/opt/ros/jazzy DEBUGINFOD_URLS=https://debuginfod.ubuntu.com /usr/bin/cmake --build /home/artil/ROS/build/limo_description -- -j16 -l16
[0.284s] DEBUG:colcon.colcon_core.event_handler.log_command:Invoking command in '/home/artil/ROS/build/limo_description': CMAKE_PREFIX_PATH=${CMAKE_PREFIX_PATH}:/opt/ros/jazzy DEBUGINFOD_URLS=https://debuginfod.ubuntu.com /usr/bin/cmake --install /home/artil/ROS/build/limo_description
[0.297s] Level 1:colcon.colcon_core.environment:create_environment_scripts_only(limo_description)
[0.298s] DEBUG:colcon.colcon_core.event_handler.log_command:Invoked command in '/home/artil/ROS/build/limo_description' returned '0': CMAKE_PREFIX_PATH=${CMAKE_PREFIX_PATH}:/opt/ros/jazzy DEBUGINFOD_URLS=https://debuginfod.ubuntu.com /usr/bin/cmake --install /home/artil/ROS/build/limo_description
[0.301s] Level 1:colcon.colcon_core.environment:checking '/home/artil/ROS/install/limo_description' for CMake module files
[0.301s] Level 1:colcon.colcon_core.environment:checking '/home/artil/ROS/install/limo_description' for CMake config files
[0.301s] Level 1:colcon.colcon_core.shell:create_environment_hook('limo_description', 'cmake_prefix_path')
[0.301s] INFO:colcon.colcon_core.shell:Creating environment hook '/home/artil/ROS/install/limo_description/share/limo_description/hook/cmake_prefix_path.ps1'
[0.302s] INFO:colcon.colcon_core.shell:Creating environment descriptor '/home/artil/ROS/install/limo_description/share/limo_description/hook/cmake_prefix_path.dsv'
[0.302s] INFO:colcon.colcon_core.shell:Creating environment hook '/home/artil/ROS/install/limo_description/share/limo_description/hook/cmake_prefix_path.sh'
[0.303s] Level 1:colcon.colcon_core.environment:checking '/home/artil/ROS/install/limo_description/bin'
[0.303s] Level 1:colcon.colcon_core.environment:checking '/home/artil/ROS/install/limo_description/lib/pkgconfig/limo_description.pc'
[0.303s] Level 1:colcon.colcon_core.environment:checking '/home/artil/ROS/install/limo_description/lib/python3.12/site-packages'
[0.303s] Level 1:colcon.colcon_core.environment:checking '/home/artil/ROS/install/limo_description/bin'
[0.303s] INFO:colcon.colcon_core.shell:Creating package script '/home/artil/ROS/install/limo_description/share/limo_description/package.ps1'
[0.304s] INFO:colcon.colcon_core.shell:Creating package descriptor '/home/artil/ROS/install/limo_description/share/limo_description/package.dsv'
[0.304s] INFO:colcon.colcon_core.shell:Creating package script '/home/artil/ROS/install/limo_description/share/limo_description/package.sh'
[0.305s] INFO:colcon.colcon_core.shell:Creating package script '/home/artil/ROS/install/limo_description/share/limo_description/package.bash'
[0.305s] INFO:colcon.colcon_core.shell:Creating package script '/home/artil/ROS/install/limo_description/share/limo_description/package.zsh'
[0.306s] Level 1:colcon.colcon_core.environment:create_file_with_runtime_dependencies(/home/artil/ROS/install/limo_description/share/colcon-core/packages/limo_description)
[0.306s] Level 1:colcon.colcon_core.environment:create_environment_scripts_only(limo_description)
[0.306s] Level 1:colcon.colcon_core.environment:checking '/home/artil/ROS/install/limo_description' for CMake module files
[0.307s] Level 1:colcon.colcon_core.environment:checking '/home/artil/ROS/install/limo_description' for CMake config files
[0.307s] Level 1:colcon.colcon_core.shell:create_environment_hook('limo_description', 'cmake_prefix_path')
[0.307s] INFO:colcon.colcon_core.shell:Creating environment hook '/home/artil/ROS/install/limo_description/share/limo_description/hook/cmake_prefix_path.ps1'
[0.308s] INFO:colcon.colcon_core.shell:Creating environment descriptor '/home/artil/ROS/install/limo_description/share/limo_description/hook/cmake_prefix_path.dsv'
[0.308s] INFO:colcon.colcon_core.shell:Creating environment hook '/home/artil/ROS/install/limo_description/share/limo_description/hook/cmake_prefix_path.sh'
[0.308s] Level 1:colcon.colcon_core.environment:checking '/home/artil/ROS/install/limo_description/bin'
[0.308s] Level 1:colcon.colcon_core.environment:checking '/home/artil/ROS/install/limo_description/lib/pkgconfig/limo_description.pc'
[0.309s] Level 1:colcon.colcon_core.environment:checking '/home/artil/ROS/install/limo_description/lib/python3.12/site-packages'
[0.309s] Level 1:colcon.colcon_core.environment:checking '/home/artil/ROS/install/limo_description/bin'
[0.309s] INFO:colcon.colcon_core.shell:Creating package script '/home/artil/ROS/install/limo_description/share/limo_description/package.ps1'
[0.310s] INFO:colcon.colcon_core.shell:Creating package descriptor '/home/artil/ROS/install/limo_description/share/limo_description/package.dsv'
[0.311s] INFO:colcon.colcon_core.shell:Creating package script '/home/artil/ROS/install/limo_description/share/limo_description/package.sh'
[0.311s] INFO:colcon.colcon_core.shell:Creating package script '/home/artil/ROS/install/limo_description/share/limo_description/package.bash'
[0.312s] INFO:colcon.colcon_core.shell:Creating package script '/home/artil/ROS/install/limo_description/share/limo_description/package.zsh'
[0.313s] Level 1:colcon.colcon_core.environment:create_file_with_runtime_dependencies(/home/artil/ROS/install/limo_description/share/colcon-core/packages/limo_description)
[0.586s] DEBUG:colcon.colcon_core.event_handler.log_command:Invoked command in '/home/artil/ROS/build/limo_gazebo_sim' returned '0': CMAKE_PREFIX_PATH=${CMAKE_PREFIX_PATH}:/opt/ros/jazzy DEBUGINFOD_URLS=https://debuginfod.ubuntu.com /usr/bin/cmake --build /home/artil/ROS/build/limo_gazebo_sim -- -j16 -l16
[0.587s] DEBUG:colcon.colcon_core.event_handler.log_command:Invoking command in '/home/artil/ROS/build/limo_gazebo_sim': CMAKE_PREFIX_PATH=${CMAKE_PREFIX_PATH}:/opt/ros/jazzy DEBUGINFOD_URLS=https://debuginfod.ubuntu.com /usr/bin/cmake --install /home/artil/ROS/build/limo_gazebo_sim
[0.601s] Level 1:colcon.colcon_core.environment:create_environment_scripts_only(limo_gazebo_sim)
[0.601s] Level 1:colcon.colcon_core.environment:checking '/home/artil/ROS/install/limo_gazebo_sim' for CMake module files
[0.604s] Level 1:colcon.colcon_core.environment:checking '/home/artil/ROS/install/limo_gazebo_sim' for CMake config files
[0.605s] DEBUG:colcon.colcon_core.event_handler.log_command:Invoked command in '/home/artil/ROS/build/limo_gazebo_sim' returned '0': CMAKE_PREFIX_PATH=${CMAKE_PREFIX_PATH}:/opt/ros/jazzy DEBUGINFOD_URLS=https://debuginfod.ubuntu.com /usr/bin/cmake --install /home/artil/ROS/build/limo_gazebo_sim
[0.605s] Level 1:colcon.colcon_core.shell:create_environment_hook('limo_gazebo_sim', 'cmake_prefix_path')
[0.605s] INFO:colcon.colcon_core.shell:Creating environment hook '/home/artil/ROS/install/limo_gazebo_sim/share/limo_gazebo_sim/hook/cmake_prefix_path.ps1'
[0.606s] INFO:colcon.colcon_core.shell:Creating environment descriptor '/home/artil/ROS/install/limo_gazebo_sim/share/limo_gazebo_sim/hook/cmake_prefix_path.dsv'
[0.606s] INFO:colcon.colcon_core.shell:Creating environment hook '/home/artil/ROS/install/limo_gazebo_sim/share/limo_gazebo_sim/hook/cmake_prefix_path.sh'
[0.606s] Level 1:colcon.colcon_core.environment:checking '/home/artil/ROS/install/limo_gazebo_sim/bin'
[0.606s] Level 1:colcon.colcon_core.environment:checking '/home/artil/ROS/install/limo_gazebo_sim/lib/pkgconfig/limo_gazebo_sim.pc'
[0.607s] Level 1:colcon.colcon_core.environment:checking '/home/artil/ROS/install/limo_gazebo_sim/lib/python3.12/site-packages'
[0.607s] Level 1:colcon.colcon_core.environment:checking '/home/artil/ROS/install/limo_gazebo_sim/bin'
[0.607s] INFO:colcon.colcon_core.shell:Creating package script '/home/artil/ROS/install/limo_gazebo_sim/share/limo_gazebo_sim/package.ps1'
[0.607s] INFO:colcon.colcon_core.shell:Creating package descriptor '/home/artil/ROS/install/limo_gazebo_sim/share/limo_gazebo_sim/package.dsv'
[0.608s] INFO:colcon.colcon_core.shell:Creating package script '/home/artil/ROS/install/limo_gazebo_sim/share/limo_gazebo_sim/package.sh'
[0.608s] INFO:colcon.colcon_core.shell:Creating package script '/home/artil/ROS/install/limo_gazebo_sim/share/limo_gazebo_sim/package.bash'
[0.609s] INFO:colcon.colcon_core.shell:Creating package script '/home/artil/ROS/install/limo_gazebo_sim/share/limo_gazebo_sim/package.zsh'
[0.609s] Level 1:colcon.colcon_core.environment:create_file_with_runtime_dependencies(/home/artil/ROS/install/limo_gazebo_sim/share/colcon-core/packages/limo_gazebo_sim)
[0.609s] Level 1:colcon.colcon_core.environment:create_environment_scripts_only(limo_gazebo_sim)
[0.610s] Level 1:colcon.colcon_core.environment:checking '/home/artil/ROS/install/limo_gazebo_sim' for CMake module files
[0.610s] Level 1:colcon.colcon_core.environment:checking '/home/artil/ROS/install/limo_gazebo_sim' for CMake config files
[0.610s] Level 1:colcon.colcon_core.shell:create_environment_hook('limo_gazebo_sim', 'cmake_prefix_path')
[0.610s] INFO:colcon.colcon_core.shell:Creating environment hook '/home/artil/ROS/install/limo_gazebo_sim/share/limo_gazebo_sim/hook/cmake_prefix_path.ps1'
[0.610s] INFO:colcon.colcon_core.shell:Creating environment descriptor '/home/artil/ROS/install/limo_gazebo_sim/share/limo_gazebo_sim/hook/cmake_prefix_path.dsv'
[0.611s] INFO:colcon.colcon_core.shell:Creating environment hook '/home/artil/ROS/install/limo_gazebo_sim/share/limo_gazebo_sim/hook/cmake_prefix_path.sh'
[0.611s] Level 1:colcon.colcon_core.environment:checking '/home/artil/ROS/install/limo_gazebo_sim/bin'
[0.611s] Level 1:colcon.colcon_core.environment:checking '/home/artil/ROS/install/limo_gazebo_sim/lib/pkgconfig/limo_gazebo_sim.pc'
[0.612s] Level 1:colcon.colcon_core.environment:checking '/home/artil/ROS/install/limo_gazebo_sim/lib/python3.12/site-packages'
[0.612s] Level 1:colcon.colcon_core.environment:checking '/home/artil/ROS/install/limo_gazebo_sim/bin'
[0.612s] INFO:colcon.colcon_core.shell:Creating package script '/home/artil/ROS/install/limo_gazebo_sim/share/limo_gazebo_sim/package.ps1'
[0.612s] INFO:colcon.colcon_core.shell:Creating package descriptor '/home/artil/ROS/install/limo_gazebo_sim/share/limo_gazebo_sim/package.dsv'
[0.613s] INFO:colcon.colcon_core.shell:Creating package script '/home/artil/ROS/install/limo_gazebo_sim/share/limo_gazebo_sim/package.sh'
[0.614s] INFO:colcon.colcon_core.shell:Creating package script '/home/artil/ROS/install/limo_gazebo_sim/share/limo_gazebo_sim/package.bash'
[0.614s] INFO:colcon.colcon_core.shell:Creating package script '/home/artil/ROS/install/limo_gazebo_sim/share/limo_gazebo_sim/package.zsh'
[0.614s] Level 1:colcon.colcon_core.environment:create_file_with_runtime_dependencies(/home/artil/ROS/install/limo_gazebo_sim/share/colcon-core/packages/limo_gazebo_sim)
[0.615s] DEBUG:colcon.colcon_parallel_executor.executor.parallel:closing loop
[0.615s] DEBUG:colcon.colcon_parallel_executor.executor.parallel:loop closed
[0.615s] DEBUG:colcon.colcon_parallel_executor.executor.parallel:run_until_complete finished with '0'
[0.615s] DEBUG:colcon.colcon_core.event_reactor:joining thread
[0.621s] INFO:colcon.colcon_core.plugin_system:Skipping extension 'colcon_notification.desktop_notification.terminal_notifier': Not used on non-Darwin systems
[0.622s] INFO:colcon.colcon_core.plugin_system:Skipping extension 'colcon_notification.desktop_notification.win32': Not used on non-Windows systems
[0.622s] INFO:colcon.colcon_notification.desktop_notification:Sending desktop notification using 'notify2'
[0.634s] DEBUG:colcon.colcon_core.event_reactor:joined thread
[0.635s] INFO:colcon.colcon_core.shell:Creating prefix script '/home/artil/ROS/install/local_setup.ps1'
[0.636s] INFO:colcon.colcon_core.shell:Creating prefix util module '/home/artil/ROS/install/_local_setup_util_ps1.py'
[0.636s] INFO:colcon.colcon_core.shell:Creating prefix chain script '/home/artil/ROS/install/setup.ps1'
[0.637s] INFO:colcon.colcon_core.shell:Creating prefix script '/home/artil/ROS/install/local_setup.sh'
[0.638s] INFO:colcon.colcon_core.shell:Creating prefix util module '/home/artil/ROS/install/_local_setup_util_sh.py'
[0.638s] INFO:colcon.colcon_core.shell:Creating prefix chain script '/home/artil/ROS/install/setup.sh'
[0.639s] INFO:colcon.colcon_core.shell:Creating prefix script '/home/artil/ROS/install/local_setup.bash'
[0.639s] INFO:colcon.colcon_core.shell:Creating prefix chain script '/home/artil/ROS/install/setup.bash'
[0.640s] INFO:colcon.colcon_core.shell:Creating prefix script '/home/artil/ROS/install/local_setup.zsh'
[0.640s] INFO:colcon.colcon_core.shell:Creating prefix chain script '/home/artil/ROS/install/setup.zsh'
