[0.111s] DEBUG:colcon:Command line arguments: ['/usr/bin/colcon', 'build', '--packages-select', 'limo_msgs']
[0.111s] DEBUG:colcon:Parsed command line arguments: Namespace(log_base=None, log_level=None, verb_name='build', build_base='build', install_base='install', merge_install=False, symlink_install=False, test_result_base=None, continue_on_error=False, executor='parallel', parallel_workers=16, event_handlers=None, ignore_user_meta=False, metas=['./colcon.meta'], base_paths=['.'], packages_ignore=None, packages_ignore_regex=None, paths=None, packages_up_to=None, packages_up_to_regex=None, packages_above=None, packages_above_and_dependencies=None, packages_above_depth=None, packages_select_by_dep=None, packages_skip_by_dep=None, packages_skip_up_to=None, packages_select_build_failed=False, packages_skip_build_finished=False, packages_select_test_failures=False, packages_skip_test_passed=False, packages_select=['limo_msgs'], packages_skip=None, packages_select_regex=None, packages_skip_regex=None, packages_start=None, packages_end=None, allow_overriding=[], cmake_args=None, cmake_target=None, cmake_target_skip_unavailable=False, cmake_clean_cache=False, cmake_clean_first=False, cmake_force_configure=False, ament_cmake_args=None, catkin_cmake_args=None, catkin_skip_building_tests=False, verb_parser=<colcon_defaults.argument_parser.defaults.DefaultArgumentsDecorator object at 0x72a7e387e450>, verb_extension=<colcon_core.verb.build.BuildVerb object at 0x72a7e387e3f0>, main=<bound method BuildVerb.main of <colcon_core.verb.build.BuildVerb object at 0x72a7e387e3f0>>)
[0.139s] Level 1:colcon.colcon_core.package_discovery:discover_packages(colcon_meta) check parameters
[0.139s] Level 1:colcon.colcon_core.package_discovery:discover_packages(recursive) check parameters
[0.139s] Level 1:colcon.colcon_core.package_discovery:discover_packages(ignore) check parameters
[0.139s] Level 1:colcon.colcon_core.package_discovery:discover_packages(path) check parameters
[0.139s] Level 1:colcon.colcon_core.package_discovery:discover_packages(colcon_meta) discover
[0.139s] Level 1:colcon.colcon_core.package_discovery:discover_packages(recursive) discover
[0.139s] INFO:colcon.colcon_core.package_discovery:Crawling recursively for packages in '/home/artil/ROS'
[0.139s] Level 1:colcon.colcon_core.package_identification:_identify(.) by extensions ['ignore', 'ignore_ament_install']
[0.139s] Level 1:colcon.colcon_core.package_identification:_identify(.) by extension 'ignore'
[0.139s] Level 1:colcon.colcon_core.package_identification:_identify(.) by extension 'ignore_ament_install'
[0.139s] Level 1:colcon.colcon_core.package_identification:_identify(.) by extensions ['colcon_pkg']
[0.139s] Level 1:colcon.colcon_core.package_identification:_identify(.) by extension 'colcon_pkg'
[0.139s] Level 1:colcon.colcon_core.package_identification:_identify(.) by extensions ['colcon_meta']
[0.139s] Level 1:colcon.colcon_core.package_identification:_identify(.) by extension 'colcon_meta'
[0.140s] Level 1:colcon.colcon_core.package_identification:_identify(.) by extensions ['ros']
[0.140s] Level 1:colcon.colcon_core.package_identification:_identify(.) by extension 'ros'
[0.157s] Level 1:colcon.colcon_core.package_identification:_identify(.) by extensions ['cmake', 'python']
[0.157s] Level 1:colcon.colcon_core.package_identification:_identify(.) by extension 'cmake'
[0.157s] Level 1:colcon.colcon_core.package_identification:_identify(.) by extension 'python'
[0.157s] Level 1:colcon.colcon_core.package_identification:_identify(.) by extensions ['python_setup_py']
[0.157s] Level 1:colcon.colcon_core.package_identification:_identify(.) by extension 'python_setup_py'
[0.157s] Level 1:colcon.colcon_core.package_identification:_identify(build) by extensions ['ignore', 'ignore_ament_install']
[0.157s] Level 1:colcon.colcon_core.package_identification:_identify(build) by extension 'ignore'
[0.157s] Level 1:colcon.colcon_core.package_identification:_identify(build) ignored
[0.158s] Level 1:colcon.colcon_core.package_identification:_identify(install) by extensions ['ignore', 'ignore_ament_install']
[0.158s] Level 1:colcon.colcon_core.package_identification:_identify(install) by extension 'ignore'
[0.158s] Level 1:colcon.colcon_core.package_identification:_identify(install) ignored
[0.158s] Level 1:colcon.colcon_core.package_identification:_identify(log) by extensions ['ignore', 'ignore_ament_install']
[0.158s] Level 1:colcon.colcon_core.package_identification:_identify(log) by extension 'ignore'
[0.158s] Level 1:colcon.colcon_core.package_identification:_identify(log) ignored
[0.158s] Level 1:colcon.colcon_core.package_identification:_identify(src) by extensions ['ignore', 'ignore_ament_install']
[0.158s] Level 1:colcon.colcon_core.package_identification:_identify(src) by extension 'ignore'
[0.158s] Level 1:colcon.colcon_core.package_identification:_identify(src) by extension 'ignore_ament_install'
[0.158s] Level 1:colcon.colcon_core.package_identification:_identify(src) by extensions ['colcon_pkg']
[0.158s] Level 1:colcon.colcon_core.package_identification:_identify(src) by extension 'colcon_pkg'
[0.158s] Level 1:colcon.colcon_core.package_identification:_identify(src) by extensions ['colcon_meta']
[0.158s] Level 1:colcon.colcon_core.package_identification:_identify(src) by extension 'colcon_meta'
[0.158s] Level 1:colcon.colcon_core.package_identification:_identify(src) by extensions ['ros']
[0.158s] Level 1:colcon.colcon_core.package_identification:_identify(src) by extension 'ros'
[0.158s] Level 1:colcon.colcon_core.package_identification:_identify(src) by extensions ['cmake', 'python']
[0.158s] Level 1:colcon.colcon_core.package_identification:_identify(src) by extension 'cmake'
[0.158s] Level 1:colcon.colcon_core.package_identification:_identify(src) by extension 'python'
[0.158s] Level 1:colcon.colcon_core.package_identification:_identify(src) by extensions ['python_setup_py']
[0.158s] Level 1:colcon.colcon_core.package_identification:_identify(src) by extension 'python_setup_py'
[0.158s] Level 1:colcon.colcon_core.package_identification:_identify(src/agilex_open_class) by extensions ['ignore', 'ignore_ament_install']
[0.158s] Level 1:colcon.colcon_core.package_identification:_identify(src/agilex_open_class) by extension 'ignore'
[0.158s] Level 1:colcon.colcon_core.package_identification:_identify(src/agilex_open_class) by extension 'ignore_ament_install'
[0.158s] Level 1:colcon.colcon_core.package_identification:_identify(src/agilex_open_class) by extensions ['colcon_pkg']
[0.158s] Level 1:colcon.colcon_core.package_identification:_identify(src/agilex_open_class) by extension 'colcon_pkg'
[0.158s] Level 1:colcon.colcon_core.package_identification:_identify(src/agilex_open_class) by extensions ['colcon_meta']
[0.158s] Level 1:colcon.colcon_core.package_identification:_identify(src/agilex_open_class) by extension 'colcon_meta'
[0.158s] Level 1:colcon.colcon_core.package_identification:_identify(src/agilex_open_class) by extensions ['ros']
[0.158s] Level 1:colcon.colcon_core.package_identification:_identify(src/agilex_open_class) by extension 'ros'
[0.158s] Level 1:colcon.colcon_core.package_identification:_identify(src/agilex_open_class) by extensions ['cmake', 'python']
[0.158s] Level 1:colcon.colcon_core.package_identification:_identify(src/agilex_open_class) by extension 'cmake'
[0.159s] Level 1:colcon.colcon_core.package_identification:_identify(src/agilex_open_class) by extension 'python'
[0.159s] Level 1:colcon.colcon_core.package_identification:_identify(src/agilex_open_class) by extensions ['python_setup_py']
[0.159s] Level 1:colcon.colcon_core.package_identification:_identify(src/agilex_open_class) by extension 'python_setup_py'
[0.159s] Level 1:colcon.colcon_core.package_identification:_identify(src/agilex_open_class/img) by extensions ['ignore', 'ignore_ament_install']
[0.159s] Level 1:colcon.colcon_core.package_identification:_identify(src/agilex_open_class/img) by extension 'ignore'
[0.159s] Level 1:colcon.colcon_core.package_identification:_identify(src/agilex_open_class/img) by extension 'ignore_ament_install'
[0.159s] Level 1:colcon.colcon_core.package_identification:_identify(src/agilex_open_class/img) by extensions ['colcon_pkg']
[0.159s] Level 1:colcon.colcon_core.package_identification:_identify(src/agilex_open_class/img) by extension 'colcon_pkg'
[0.159s] Level 1:colcon.colcon_core.package_identification:_identify(src/agilex_open_class/img) by extensions ['colcon_meta']
[0.159s] Level 1:colcon.colcon_core.package_identification:_identify(src/agilex_open_class/img) by extension 'colcon_meta'
[0.159s] Level 1:colcon.colcon_core.package_identification:_identify(src/agilex_open_class/img) by extensions ['ros']
[0.159s] Level 1:colcon.colcon_core.package_identification:_identify(src/agilex_open_class/img) by extension 'ros'
[0.159s] Level 1:colcon.colcon_core.package_identification:_identify(src/agilex_open_class/img) by extensions ['cmake', 'python']
[0.159s] Level 1:colcon.colcon_core.package_identification:_identify(src/agilex_open_class/img) by extension 'cmake'
[0.159s] Level 1:colcon.colcon_core.package_identification:_identify(src/agilex_open_class/img) by extension 'python'
[0.159s] Level 1:colcon.colcon_core.package_identification:_identify(src/agilex_open_class/img) by extensions ['python_setup_py']
[0.159s] Level 1:colcon.colcon_core.package_identification:_identify(src/agilex_open_class/img) by extension 'python_setup_py'
[0.159s] Level 1:colcon.colcon_core.package_identification:_identify(src/agilex_open_class/limo) by extensions ['ignore', 'ignore_ament_install']
[0.159s] Level 1:colcon.colcon_core.package_identification:_identify(src/agilex_open_class/limo) by extension 'ignore'
[0.159s] Level 1:colcon.colcon_core.package_identification:_identify(src/agilex_open_class/limo) by extension 'ignore_ament_install'
[0.159s] Level 1:colcon.colcon_core.package_identification:_identify(src/agilex_open_class/limo) by extensions ['colcon_pkg']
[0.159s] Level 1:colcon.colcon_core.package_identification:_identify(src/agilex_open_class/limo) by extension 'colcon_pkg'
[0.159s] Level 1:colcon.colcon_core.package_identification:_identify(src/agilex_open_class/limo) by extensions ['colcon_meta']
[0.159s] Level 1:colcon.colcon_core.package_identification:_identify(src/agilex_open_class/limo) by extension 'colcon_meta'
[0.159s] Level 1:colcon.colcon_core.package_identification:_identify(src/agilex_open_class/limo) by extensions ['ros']
[0.159s] Level 1:colcon.colcon_core.package_identification:_identify(src/agilex_open_class/limo) by extension 'ros'
[0.159s] Level 1:colcon.colcon_core.package_identification:_identify(src/agilex_open_class/limo) by extensions ['cmake', 'python']
[0.159s] Level 1:colcon.colcon_core.package_identification:_identify(src/agilex_open_class/limo) by extension 'cmake'
[0.159s] Level 1:colcon.colcon_core.package_identification:_identify(src/agilex_open_class/limo) by extension 'python'
[0.159s] Level 1:colcon.colcon_core.package_identification:_identify(src/agilex_open_class/limo) by extensions ['python_setup_py']
[0.159s] Level 1:colcon.colcon_core.package_identification:_identify(src/agilex_open_class/limo) by extension 'python_setup_py'
[0.159s] Level 1:colcon.colcon_core.package_identification:_identify(src/agilex_open_class/limo/image) by extensions ['ignore', 'ignore_ament_install']
[0.159s] Level 1:colcon.colcon_core.package_identification:_identify(src/agilex_open_class/limo/image) by extension 'ignore'
[0.159s] Level 1:colcon.colcon_core.package_identification:_identify(src/agilex_open_class/limo/image) by extension 'ignore_ament_install'
[0.159s] Level 1:colcon.colcon_core.package_identification:_identify(src/agilex_open_class/limo/image) by extensions ['colcon_pkg']
[0.160s] Level 1:colcon.colcon_core.package_identification:_identify(src/agilex_open_class/limo/image) by extension 'colcon_pkg'
[0.160s] Level 1:colcon.colcon_core.package_identification:_identify(src/agilex_open_class/limo/image) by extensions ['colcon_meta']
[0.160s] Level 1:colcon.colcon_core.package_identification:_identify(src/agilex_open_class/limo/image) by extension 'colcon_meta'
[0.160s] Level 1:colcon.colcon_core.package_identification:_identify(src/agilex_open_class/limo/image) by extensions ['ros']
[0.160s] Level 1:colcon.colcon_core.package_identification:_identify(src/agilex_open_class/limo/image) by extension 'ros'
[0.160s] Level 1:colcon.colcon_core.package_identification:_identify(src/agilex_open_class/limo/image) by extensions ['cmake', 'python']
[0.160s] Level 1:colcon.colcon_core.package_identification:_identify(src/agilex_open_class/limo/image) by extension 'cmake'
[0.160s] Level 1:colcon.colcon_core.package_identification:_identify(src/agilex_open_class/limo/image) by extension 'python'
[0.160s] Level 1:colcon.colcon_core.package_identification:_identify(src/agilex_open_class/limo/image) by extensions ['python_setup_py']
[0.160s] Level 1:colcon.colcon_core.package_identification:_identify(src/agilex_open_class/limo/image) by extension 'python_setup_py'
[0.160s] Level 1:colcon.colcon_core.package_identification:_identify(src/agilex_open_class/limo/limo_bringup) by extensions ['ignore', 'ignore_ament_install']
[0.160s] Level 1:colcon.colcon_core.package_identification:_identify(src/agilex_open_class/limo/limo_bringup) by extension 'ignore'
[0.160s] Level 1:colcon.colcon_core.package_identification:_identify(src/agilex_open_class/limo/limo_bringup) by extension 'ignore_ament_install'
[0.160s] Level 1:colcon.colcon_core.package_identification:_identify(src/agilex_open_class/limo/limo_bringup) by extensions ['colcon_pkg']
[0.160s] Level 1:colcon.colcon_core.package_identification:_identify(src/agilex_open_class/limo/limo_bringup) by extension 'colcon_pkg'
[0.160s] Level 1:colcon.colcon_core.package_identification:_identify(src/agilex_open_class/limo/limo_bringup) by extensions ['colcon_meta']
[0.160s] Level 1:colcon.colcon_core.package_identification:_identify(src/agilex_open_class/limo/limo_bringup) by extension 'colcon_meta'
[0.160s] Level 1:colcon.colcon_core.package_identification:_identify(src/agilex_open_class/limo/limo_bringup) by extensions ['ros']
[0.160s] Level 1:colcon.colcon_core.package_identification:_identify(src/agilex_open_class/limo/limo_bringup) by extension 'ros'
[0.162s] DEBUG:colcon.colcon_core.package_identification:Package 'src/agilex_open_class/limo/limo_bringup' with type 'ros.ament_cmake' and name 'limo_bringup'
[0.162s] Level 1:colcon.colcon_core.package_identification:_identify(src/agilex_open_class/limo/limo_description) by extensions ['ignore', 'ignore_ament_install']
[0.162s] Level 1:colcon.colcon_core.package_identification:_identify(src/agilex_open_class/limo/limo_description) by extension 'ignore'
[0.162s] Level 1:colcon.colcon_core.package_identification:_identify(src/agilex_open_class/limo/limo_description) by extension 'ignore_ament_install'
[0.162s] Level 1:colcon.colcon_core.package_identification:_identify(src/agilex_open_class/limo/limo_description) by extensions ['colcon_pkg']
[0.162s] Level 1:colcon.colcon_core.package_identification:_identify(src/agilex_open_class/limo/limo_description) by extension 'colcon_pkg'
[0.162s] Level 1:colcon.colcon_core.package_identification:_identify(src/agilex_open_class/limo/limo_description) by extensions ['colcon_meta']
[0.162s] Level 1:colcon.colcon_core.package_identification:_identify(src/agilex_open_class/limo/limo_description) by extension 'colcon_meta'
[0.162s] Level 1:colcon.colcon_core.package_identification:_identify(src/agilex_open_class/limo/limo_description) by extensions ['ros']
[0.162s] Level 1:colcon.colcon_core.package_identification:_identify(src/agilex_open_class/limo/limo_description) by extension 'ros'
[0.163s] DEBUG:colcon.colcon_core.package_identification:Package 'src/agilex_open_class/limo/limo_description' with type 'ros.ament_cmake' and name 'limo_description'
[0.163s] Level 1:colcon.colcon_core.package_identification:_identify(src/agilex_open_class/limo/limo_gazebo_sim) by extensions ['ignore', 'ignore_ament_install']
[0.163s] Level 1:colcon.colcon_core.package_identification:_identify(src/agilex_open_class/limo/limo_gazebo_sim) by extension 'ignore'
[0.163s] Level 1:colcon.colcon_core.package_identification:_identify(src/agilex_open_class/limo/limo_gazebo_sim) by extension 'ignore_ament_install'
[0.163s] Level 1:colcon.colcon_core.package_identification:_identify(src/agilex_open_class/limo/limo_gazebo_sim) by extensions ['colcon_pkg']
[0.163s] Level 1:colcon.colcon_core.package_identification:_identify(src/agilex_open_class/limo/limo_gazebo_sim) by extension 'colcon_pkg'
[0.163s] Level 1:colcon.colcon_core.package_identification:_identify(src/agilex_open_class/limo/limo_gazebo_sim) by extensions ['colcon_meta']
[0.163s] Level 1:colcon.colcon_core.package_identification:_identify(src/agilex_open_class/limo/limo_gazebo_sim) by extension 'colcon_meta'
[0.163s] Level 1:colcon.colcon_core.package_identification:_identify(src/agilex_open_class/limo/limo_gazebo_sim) by extensions ['ros']
[0.163s] Level 1:colcon.colcon_core.package_identification:_identify(src/agilex_open_class/limo/limo_gazebo_sim) by extension 'ros'
[0.163s] DEBUG:colcon.colcon_core.package_identification:Package 'src/agilex_open_class/limo/limo_gazebo_sim' with type 'ros.ament_cmake' and name 'limo_gazebo_sim'
[0.163s] Level 1:colcon.colcon_core.package_identification:_identify(src/agilex_open_class/limo/limo_learnning) by extensions ['ignore', 'ignore_ament_install']
[0.163s] Level 1:colcon.colcon_core.package_identification:_identify(src/agilex_open_class/limo/limo_learnning) by extension 'ignore'
[0.163s] Level 1:colcon.colcon_core.package_identification:_identify(src/agilex_open_class/limo/limo_learnning) by extension 'ignore_ament_install'
[0.163s] Level 1:colcon.colcon_core.package_identification:_identify(src/agilex_open_class/limo/limo_learnning) by extensions ['colcon_pkg']
[0.163s] Level 1:colcon.colcon_core.package_identification:_identify(src/agilex_open_class/limo/limo_learnning) by extension 'colcon_pkg'
[0.164s] Level 1:colcon.colcon_core.package_identification:_identify(src/agilex_open_class/limo/limo_learnning) by extensions ['colcon_meta']
[0.164s] Level 1:colcon.colcon_core.package_identification:_identify(src/agilex_open_class/limo/limo_learnning) by extension 'colcon_meta'
[0.164s] Level 1:colcon.colcon_core.package_identification:_identify(src/agilex_open_class/limo/limo_learnning) by extensions ['ros']
[0.164s] Level 1:colcon.colcon_core.package_identification:_identify(src/agilex_open_class/limo/limo_learnning) by extension 'ros'
[0.164s] DEBUG:colcon.colcon_core.package_identification:Package 'src/agilex_open_class/limo/limo_learnning' with type 'ros.ament_cmake' and name 'limo_learnning'
[0.164s] Level 1:colcon.colcon_core.package_identification:_identify(src/agilex_open_class/limo/limo_learnning_py) by extensions ['ignore', 'ignore_ament_install']
[0.164s] Level 1:colcon.colcon_core.package_identification:_identify(src/agilex_open_class/limo/limo_learnning_py) by extension 'ignore'
[0.164s] Level 1:colcon.colcon_core.package_identification:_identify(src/agilex_open_class/limo/limo_learnning_py) by extension 'ignore_ament_install'
[0.164s] Level 1:colcon.colcon_core.package_identification:_identify(src/agilex_open_class/limo/limo_learnning_py) by extensions ['colcon_pkg']
[0.164s] Level 1:colcon.colcon_core.package_identification:_identify(src/agilex_open_class/limo/limo_learnning_py) by extension 'colcon_pkg'
[0.164s] Level 1:colcon.colcon_core.package_identification:_identify(src/agilex_open_class/limo/limo_learnning_py) by extensions ['colcon_meta']
[0.164s] Level 1:colcon.colcon_core.package_identification:_identify(src/agilex_open_class/limo/limo_learnning_py) by extension 'colcon_meta'
[0.164s] Level 1:colcon.colcon_core.package_identification:_identify(src/agilex_open_class/limo/limo_learnning_py) by extensions ['ros']
[0.164s] Level 1:colcon.colcon_core.package_identification:_identify(src/agilex_open_class/limo/limo_learnning_py) by extension 'ros'
[0.165s] DEBUG:colcon.colcon_core.package_identification:Package 'src/agilex_open_class/limo/limo_learnning_py' with type 'ros.ament_python' and name 'limo_learnning_py'
[0.165s] Level 1:colcon.colcon_core.package_identification:_identify(src/agilex_open_class/limo/limo_msgs) by extensions ['ignore', 'ignore_ament_install']
[0.165s] Level 1:colcon.colcon_core.package_identification:_identify(src/agilex_open_class/limo/limo_msgs) by extension 'ignore'
[0.165s] Level 1:colcon.colcon_core.package_identification:_identify(src/agilex_open_class/limo/limo_msgs) by extension 'ignore_ament_install'
[0.165s] Level 1:colcon.colcon_core.package_identification:_identify(src/agilex_open_class/limo/limo_msgs) by extensions ['colcon_pkg']
[0.165s] Level 1:colcon.colcon_core.package_identification:_identify(src/agilex_open_class/limo/limo_msgs) by extension 'colcon_pkg'
[0.165s] Level 1:colcon.colcon_core.package_identification:_identify(src/agilex_open_class/limo/limo_msgs) by extensions ['colcon_meta']
[0.165s] Level 1:colcon.colcon_core.package_identification:_identify(src/agilex_open_class/limo/limo_msgs) by extension 'colcon_meta'
[0.165s] Level 1:colcon.colcon_core.package_identification:_identify(src/agilex_open_class/limo/limo_msgs) by extensions ['ros']
[0.165s] Level 1:colcon.colcon_core.package_identification:_identify(src/agilex_open_class/limo/limo_msgs) by extension 'ros'
[0.165s] DEBUG:colcon.colcon_core.package_identification:Package 'src/agilex_open_class/limo/limo_msgs' with type 'ros.ament_cmake' and name 'limo_msgs'
[0.165s] Level 1:colcon.colcon_core.package_identification:_identify(src/agilex_open_class/piper) by extensions ['ignore', 'ignore_ament_install']
[0.165s] Level 1:colcon.colcon_core.package_identification:_identify(src/agilex_open_class/piper) by extension 'ignore'
[0.165s] Level 1:colcon.colcon_core.package_identification:_identify(src/agilex_open_class/piper) by extension 'ignore_ament_install'
[0.165s] Level 1:colcon.colcon_core.package_identification:_identify(src/agilex_open_class/piper) by extensions ['colcon_pkg']
[0.165s] Level 1:colcon.colcon_core.package_identification:_identify(src/agilex_open_class/piper) by extension 'colcon_pkg'
[0.165s] Level 1:colcon.colcon_core.package_identification:_identify(src/agilex_open_class/piper) by extensions ['colcon_meta']
[0.165s] Level 1:colcon.colcon_core.package_identification:_identify(src/agilex_open_class/piper) by extension 'colcon_meta'
[0.166s] Level 1:colcon.colcon_core.package_identification:_identify(src/agilex_open_class/piper) by extensions ['ros']
[0.166s] Level 1:colcon.colcon_core.package_identification:_identify(src/agilex_open_class/piper) by extension 'ros'
[0.166s] Level 1:colcon.colcon_core.package_identification:_identify(src/agilex_open_class/piper) by extensions ['cmake', 'python']
[0.166s] Level 1:colcon.colcon_core.package_identification:_identify(src/agilex_open_class/piper) by extension 'cmake'
[0.166s] Level 1:colcon.colcon_core.package_identification:_identify(src/agilex_open_class/piper) by extension 'python'
[0.166s] Level 1:colcon.colcon_core.package_identification:_identify(src/agilex_open_class/piper) by extensions ['python_setup_py']
[0.166s] Level 1:colcon.colcon_core.package_identification:_identify(src/agilex_open_class/piper) by extension 'python_setup_py'
[0.166s] Level 1:colcon.colcon_core.package_identification:_identify(src/agilex_open_class/piper/image) by extensions ['ignore', 'ignore_ament_install']
[0.166s] Level 1:colcon.colcon_core.package_identification:_identify(src/agilex_open_class/piper/image) by extension 'ignore'
[0.166s] Level 1:colcon.colcon_core.package_identification:_identify(src/agilex_open_class/piper/image) by extension 'ignore_ament_install'
[0.166s] Level 1:colcon.colcon_core.package_identification:_identify(src/agilex_open_class/piper/image) by extensions ['colcon_pkg']
[0.166s] Level 1:colcon.colcon_core.package_identification:_identify(src/agilex_open_class/piper/image) by extension 'colcon_pkg'
[0.166s] Level 1:colcon.colcon_core.package_identification:_identify(src/agilex_open_class/piper/image) by extensions ['colcon_meta']
[0.166s] Level 1:colcon.colcon_core.package_identification:_identify(src/agilex_open_class/piper/image) by extension 'colcon_meta'
[0.166s] Level 1:colcon.colcon_core.package_identification:_identify(src/agilex_open_class/piper/image) by extensions ['ros']
[0.166s] Level 1:colcon.colcon_core.package_identification:_identify(src/agilex_open_class/piper/image) by extension 'ros'
[0.166s] Level 1:colcon.colcon_core.package_identification:_identify(src/agilex_open_class/piper/image) by extensions ['cmake', 'python']
[0.166s] Level 1:colcon.colcon_core.package_identification:_identify(src/agilex_open_class/piper/image) by extension 'cmake'
[0.166s] Level 1:colcon.colcon_core.package_identification:_identify(src/agilex_open_class/piper/image) by extension 'python'
[0.166s] Level 1:colcon.colcon_core.package_identification:_identify(src/agilex_open_class/piper/image) by extensions ['python_setup_py']
[0.166s] Level 1:colcon.colcon_core.package_identification:_identify(src/agilex_open_class/piper/image) by extension 'python_setup_py'
[0.166s] Level 1:colcon.colcon_core.package_identification:_identify(src/agilex_open_class/piper/learnning_piper) by extensions ['ignore', 'ignore_ament_install']
[0.166s] Level 1:colcon.colcon_core.package_identification:_identify(src/agilex_open_class/piper/learnning_piper) by extension 'ignore'
[0.166s] Level 1:colcon.colcon_core.package_identification:_identify(src/agilex_open_class/piper/learnning_piper) by extension 'ignore_ament_install'
[0.166s] Level 1:colcon.colcon_core.package_identification:_identify(src/agilex_open_class/piper/learnning_piper) by extensions ['colcon_pkg']
[0.166s] Level 1:colcon.colcon_core.package_identification:_identify(src/agilex_open_class/piper/learnning_piper) by extension 'colcon_pkg'
[0.166s] Level 1:colcon.colcon_core.package_identification:_identify(src/agilex_open_class/piper/learnning_piper) by extensions ['colcon_meta']
[0.166s] Level 1:colcon.colcon_core.package_identification:_identify(src/agilex_open_class/piper/learnning_piper) by extension 'colcon_meta'
[0.166s] Level 1:colcon.colcon_core.package_identification:_identify(src/agilex_open_class/piper/learnning_piper) by extensions ['ros']
[0.166s] Level 1:colcon.colcon_core.package_identification:_identify(src/agilex_open_class/piper/learnning_piper) by extension 'ros'
[0.167s] DEBUG:colcon.colcon_core.package_identification:Package 'src/agilex_open_class/piper/learnning_piper' with type 'ros.ament_cmake' and name 'learnning_piper'
[0.167s] Level 1:colcon.colcon_core.package_identification:_identify(src/agilex_open_class/piper/piper_description) by extensions ['ignore', 'ignore_ament_install']
[0.167s] Level 1:colcon.colcon_core.package_identification:_identify(src/agilex_open_class/piper/piper_description) by extension 'ignore'
[0.167s] Level 1:colcon.colcon_core.package_identification:_identify(src/agilex_open_class/piper/piper_description) by extension 'ignore_ament_install'
[0.167s] Level 1:colcon.colcon_core.package_identification:_identify(src/agilex_open_class/piper/piper_description) by extensions ['colcon_pkg']
[0.167s] Level 1:colcon.colcon_core.package_identification:_identify(src/agilex_open_class/piper/piper_description) by extension 'colcon_pkg'
[0.167s] Level 1:colcon.colcon_core.package_identification:_identify(src/agilex_open_class/piper/piper_description) by extensions ['colcon_meta']
[0.167s] Level 1:colcon.colcon_core.package_identification:_identify(src/agilex_open_class/piper/piper_description) by extension 'colcon_meta'
[0.167s] Level 1:colcon.colcon_core.package_identification:_identify(src/agilex_open_class/piper/piper_description) by extensions ['ros']
[0.167s] Level 1:colcon.colcon_core.package_identification:_identify(src/agilex_open_class/piper/piper_description) by extension 'ros'
[0.168s] DEBUG:colcon.colcon_core.package_identification:Package 'src/agilex_open_class/piper/piper_description' with type 'ros.ament_cmake' and name 'piper_description'
[0.168s] Level 1:colcon.colcon_core.package_identification:_identify(src/agilex_open_class/piper/piper_moveit_config_v4) by extensions ['ignore', 'ignore_ament_install']
[0.168s] Level 1:colcon.colcon_core.package_identification:_identify(src/agilex_open_class/piper/piper_moveit_config_v4) by extension 'ignore'
[0.168s] Level 1:colcon.colcon_core.package_identification:_identify(src/agilex_open_class/piper/piper_moveit_config_v4) by extension 'ignore_ament_install'
[0.168s] Level 1:colcon.colcon_core.package_identification:_identify(src/agilex_open_class/piper/piper_moveit_config_v4) by extensions ['colcon_pkg']
[0.168s] Level 1:colcon.colcon_core.package_identification:_identify(src/agilex_open_class/piper/piper_moveit_config_v4) by extension 'colcon_pkg'
[0.168s] Level 1:colcon.colcon_core.package_identification:_identify(src/agilex_open_class/piper/piper_moveit_config_v4) by extensions ['colcon_meta']
[0.168s] Level 1:colcon.colcon_core.package_identification:_identify(src/agilex_open_class/piper/piper_moveit_config_v4) by extension 'colcon_meta'
[0.168s] Level 1:colcon.colcon_core.package_identification:_identify(src/agilex_open_class/piper/piper_moveit_config_v4) by extensions ['ros']
[0.168s] Level 1:colcon.colcon_core.package_identification:_identify(src/agilex_open_class/piper/piper_moveit_config_v4) by extension 'ros'
[0.168s] DEBUG:colcon.colcon_core.package_identification:Package 'src/agilex_open_class/piper/piper_moveit_config_v4' with type 'ros.ament_cmake' and name 'piper_moveit_config_v4'
[0.169s] Level 1:colcon.colcon_core.package_identification:_identify(src/agilex_open_class/piper/piper_moveit_config_v5) by extensions ['ignore', 'ignore_ament_install']
[0.169s] Level 1:colcon.colcon_core.package_identification:_identify(src/agilex_open_class/piper/piper_moveit_config_v5) by extension 'ignore'
[0.169s] Level 1:colcon.colcon_core.package_identification:_identify(src/agilex_open_class/piper/piper_moveit_config_v5) by extension 'ignore_ament_install'
[0.169s] Level 1:colcon.colcon_core.package_identification:_identify(src/agilex_open_class/piper/piper_moveit_config_v5) by extensions ['colcon_pkg']
[0.169s] Level 1:colcon.colcon_core.package_identification:_identify(src/agilex_open_class/piper/piper_moveit_config_v5) by extension 'colcon_pkg'
[0.169s] Level 1:colcon.colcon_core.package_identification:_identify(src/agilex_open_class/piper/piper_moveit_config_v5) by extensions ['colcon_meta']
[0.169s] Level 1:colcon.colcon_core.package_identification:_identify(src/agilex_open_class/piper/piper_moveit_config_v5) by extension 'colcon_meta'
[0.169s] Level 1:colcon.colcon_core.package_identification:_identify(src/agilex_open_class/piper/piper_moveit_config_v5) by extensions ['ros']
[0.169s] Level 1:colcon.colcon_core.package_identification:_identify(src/agilex_open_class/piper/piper_moveit_config_v5) by extension 'ros'
[0.169s] DEBUG:colcon.colcon_core.package_identification:Package 'src/agilex_open_class/piper/piper_moveit_config_v5' with type 'ros.ament_cmake' and name 'piper_moveit_config_v5'
[0.169s] Level 1:colcon.colcon_core.package_discovery:discover_packages(recursive) using defaults
[0.169s] Level 1:colcon.colcon_core.package_discovery:discover_packages(ignore) discover
[0.169s] Level 1:colcon.colcon_core.package_discovery:discover_packages(ignore) using defaults
[0.169s] Level 1:colcon.colcon_core.package_discovery:discover_packages(path) discover
[0.169s] Level 1:colcon.colcon_core.package_discovery:discover_packages(path) using defaults
[0.192s] INFO:colcon.colcon_core.package_selection:Skipping not selected package 'learnning_piper' in 'src/agilex_open_class/piper/learnning_piper'
[0.192s] INFO:colcon.colcon_core.package_selection:Skipping not selected package 'limo_description' in 'src/agilex_open_class/limo/limo_description'
[0.192s] INFO:colcon.colcon_core.package_selection:Skipping not selected package 'limo_gazebo_sim' in 'src/agilex_open_class/limo/limo_gazebo_sim'
[0.192s] INFO:colcon.colcon_core.package_selection:Skipping not selected package 'piper_description' in 'src/agilex_open_class/piper/piper_description'
[0.192s] INFO:colcon.colcon_core.package_selection:Skipping not selected package 'limo_bringup' in 'src/agilex_open_class/limo/limo_bringup'
[0.192s] INFO:colcon.colcon_core.package_selection:Skipping not selected package 'limo_learnning' in 'src/agilex_open_class/limo/limo_learnning'
[0.192s] INFO:colcon.colcon_core.package_selection:Skipping not selected package 'limo_learnning_py' in 'src/agilex_open_class/limo/limo_learnning_py'
[0.192s] INFO:colcon.colcon_core.package_selection:Skipping not selected package 'piper_moveit_config_v4' in 'src/agilex_open_class/piper/piper_moveit_config_v4'
[0.192s] INFO:colcon.colcon_core.package_selection:Skipping not selected package 'piper_moveit_config_v5' in 'src/agilex_open_class/piper/piper_moveit_config_v5'
[0.192s] Level 1:colcon.colcon_core.package_discovery:discover_packages(prefix_path) check parameters
[0.192s] Level 1:colcon.colcon_core.package_discovery:discover_packages(prefix_path) discover
[0.194s] DEBUG:colcon.colcon_installed_package_information.package_discovery:Found 335 installed packages in /opt/ros/jazzy
[0.195s] Level 1:colcon.colcon_core.package_discovery:discover_packages(prefix_path) using defaults
[0.227s] Level 5:colcon.colcon_core.verb:set package 'limo_msgs' build argument 'cmake_args' from command line to 'None'
[0.227s] Level 5:colcon.colcon_core.verb:set package 'limo_msgs' build argument 'cmake_target' from command line to 'None'
[0.227s] Level 5:colcon.colcon_core.verb:set package 'limo_msgs' build argument 'cmake_target_skip_unavailable' from command line to 'False'
[0.227s] Level 5:colcon.colcon_core.verb:set package 'limo_msgs' build argument 'cmake_clean_cache' from command line to 'False'
[0.227s] Level 5:colcon.colcon_core.verb:set package 'limo_msgs' build argument 'cmake_clean_first' from command line to 'False'
[0.227s] Level 5:colcon.colcon_core.verb:set package 'limo_msgs' build argument 'cmake_force_configure' from command line to 'False'
[0.227s] Level 5:colcon.colcon_core.verb:set package 'limo_msgs' build argument 'ament_cmake_args' from command line to 'None'
[0.227s] Level 5:colcon.colcon_core.verb:set package 'limo_msgs' build argument 'catkin_cmake_args' from command line to 'None'
[0.227s] Level 5:colcon.colcon_core.verb:set package 'limo_msgs' build argument 'catkin_skip_building_tests' from command line to 'False'
[0.227s] DEBUG:colcon.colcon_core.verb:Building package 'limo_msgs' with the following arguments: {'ament_cmake_args': None, 'build_base': '/home/artil/ROS/build/limo_msgs', 'catkin_cmake_args': None, 'catkin_skip_building_tests': False, 'cmake_args': None, 'cmake_clean_cache': False, 'cmake_clean_first': False, 'cmake_force_configure': False, 'cmake_target': None, 'cmake_target_skip_unavailable': False, 'install_base': '/home/artil/ROS/install/limo_msgs', 'merge_install': False, 'path': '/home/artil/ROS/src/agilex_open_class/limo/limo_msgs', 'symlink_install': False, 'test_result_base': None}
[0.227s] INFO:colcon.colcon_core.executor:Executing jobs using 'parallel' executor
[0.228s] DEBUG:colcon.colcon_parallel_executor.executor.parallel:run_until_complete
[0.228s] INFO:colcon.colcon_ros.task.ament_cmake.build:Building ROS package in '/home/artil/ROS/src/agilex_open_class/limo/limo_msgs' with build type 'ament_cmake'
[0.228s] INFO:colcon.colcon_cmake.task.cmake.build:Building CMake package in '/home/artil/ROS/src/agilex_open_class/limo/limo_msgs'
[0.230s] INFO:colcon.colcon_core.plugin_system:Skipping extension 'colcon_core.shell.bat': Not used on non-Windows systems
[0.230s] INFO:colcon.colcon_core.shell:Skip shell extension 'powershell' for command environment: Not usable outside of PowerShell
[0.230s] DEBUG:colcon.colcon_core.shell:Skip shell extension 'dsv' for command environment
[0.237s] DEBUG:colcon.colcon_core.event_handler.log_command:Invoking command in '/home/artil/ROS/build/limo_msgs': CMAKE_PREFIX_PATH=${CMAKE_PREFIX_PATH}:/opt/ros/jazzy DEBUGINFOD_URLS=https://debuginfod.ubuntu.com /usr/bin/cmake /home/artil/ROS/src/agilex_open_class/limo/limo_msgs -DCMAKE_INSTALL_PREFIX=/home/artil/ROS/install/limo_msgs
[3.179s] DEBUG:colcon.colcon_core.event_handler.log_command:Invoked command in '/home/artil/ROS/build/limo_msgs' returned '0': CMAKE_PREFIX_PATH=${CMAKE_PREFIX_PATH}:/opt/ros/jazzy DEBUGINFOD_URLS=https://debuginfod.ubuntu.com /usr/bin/cmake /home/artil/ROS/src/agilex_open_class/limo/limo_msgs -DCMAKE_INSTALL_PREFIX=/home/artil/ROS/install/limo_msgs
[3.181s] DEBUG:colcon.colcon_core.event_handler.log_command:Invoking command in '/home/artil/ROS/build/limo_msgs': CMAKE_PREFIX_PATH=${CMAKE_PREFIX_PATH}:/opt/ros/jazzy DEBUGINFOD_URLS=https://debuginfod.ubuntu.com /usr/bin/cmake --build /home/artil/ROS/build/limo_msgs -- -j16 -l16
[6.516s] DEBUG:colcon.colcon_core.event_handler.log_command:Invoked command in '/home/artil/ROS/build/limo_msgs' returned '0': CMAKE_PREFIX_PATH=${CMAKE_PREFIX_PATH}:/opt/ros/jazzy DEBUGINFOD_URLS=https://debuginfod.ubuntu.com /usr/bin/cmake --build /home/artil/ROS/build/limo_msgs -- -j16 -l16
[6.526s] DEBUG:colcon.colcon_core.event_handler.log_command:Invoking command in '/home/artil/ROS/build/limo_msgs': CMAKE_PREFIX_PATH=${CMAKE_PREFIX_PATH}:/opt/ros/jazzy DEBUGINFOD_URLS=https://debuginfod.ubuntu.com /usr/bin/cmake --install /home/artil/ROS/build/limo_msgs
[6.606s] Level 1:colcon.colcon_core.environment:create_environment_scripts_only(limo_msgs)
[6.607s] DEBUG:colcon.colcon_core.event_handler.log_command:Invoked command in '/home/artil/ROS/build/limo_msgs' returned '0': CMAKE_PREFIX_PATH=${CMAKE_PREFIX_PATH}:/opt/ros/jazzy DEBUGINFOD_URLS=https://debuginfod.ubuntu.com /usr/bin/cmake --install /home/artil/ROS/build/limo_msgs
[6.608s] Level 1:colcon.colcon_core.environment:checking '/home/artil/ROS/install/limo_msgs' for CMake module files
[6.609s] Level 1:colcon.colcon_core.environment:checking '/home/artil/ROS/install/limo_msgs' for CMake config files
[6.609s] Level 1:colcon.colcon_core.shell:create_environment_hook('limo_msgs', 'cmake_prefix_path')
[6.609s] INFO:colcon.colcon_core.shell:Creating environment hook '/home/artil/ROS/install/limo_msgs/share/limo_msgs/hook/cmake_prefix_path.ps1'
[6.610s] INFO:colcon.colcon_core.shell:Creating environment descriptor '/home/artil/ROS/install/limo_msgs/share/limo_msgs/hook/cmake_prefix_path.dsv'
[6.610s] INFO:colcon.colcon_core.shell:Creating environment hook '/home/artil/ROS/install/limo_msgs/share/limo_msgs/hook/cmake_prefix_path.sh'
[6.611s] Level 1:colcon.colcon_core.environment:checking '/home/artil/ROS/install/limo_msgs/lib'
[6.611s] Level 1:colcon.colcon_core.shell:create_environment_hook('limo_msgs', 'ld_library_path_lib')
[6.611s] INFO:colcon.colcon_core.shell:Creating environment hook '/home/artil/ROS/install/limo_msgs/share/limo_msgs/hook/ld_library_path_lib.ps1'
[6.611s] INFO:colcon.colcon_core.shell:Creating environment descriptor '/home/artil/ROS/install/limo_msgs/share/limo_msgs/hook/ld_library_path_lib.dsv'
[6.611s] INFO:colcon.colcon_core.shell:Creating environment hook '/home/artil/ROS/install/limo_msgs/share/limo_msgs/hook/ld_library_path_lib.sh'
[6.611s] Level 1:colcon.colcon_core.environment:checking '/home/artil/ROS/install/limo_msgs/bin'
[6.611s] Level 1:colcon.colcon_core.environment:checking '/home/artil/ROS/install/limo_msgs/lib/pkgconfig/limo_msgs.pc'
[6.612s] Level 1:colcon.colcon_core.environment:checking '/home/artil/ROS/install/limo_msgs/lib/python3.12/site-packages'
[6.612s] Level 1:colcon.colcon_core.shell:create_environment_hook('limo_msgs', 'pythonpath')
[6.612s] INFO:colcon.colcon_core.shell:Creating environment hook '/home/artil/ROS/install/limo_msgs/share/limo_msgs/hook/pythonpath.ps1'
[6.612s] INFO:colcon.colcon_core.shell:Creating environment descriptor '/home/artil/ROS/install/limo_msgs/share/limo_msgs/hook/pythonpath.dsv'
[6.612s] INFO:colcon.colcon_core.shell:Creating environment hook '/home/artil/ROS/install/limo_msgs/share/limo_msgs/hook/pythonpath.sh'
[6.613s] Level 1:colcon.colcon_core.environment:checking '/home/artil/ROS/install/limo_msgs/bin'
[6.613s] INFO:colcon.colcon_core.shell:Creating package script '/home/artil/ROS/install/limo_msgs/share/limo_msgs/package.ps1'
[6.613s] INFO:colcon.colcon_core.shell:Creating package descriptor '/home/artil/ROS/install/limo_msgs/share/limo_msgs/package.dsv'
[6.614s] INFO:colcon.colcon_core.shell:Creating package script '/home/artil/ROS/install/limo_msgs/share/limo_msgs/package.sh'
[6.614s] INFO:colcon.colcon_core.shell:Creating package script '/home/artil/ROS/install/limo_msgs/share/limo_msgs/package.bash'
[6.614s] INFO:colcon.colcon_core.shell:Creating package script '/home/artil/ROS/install/limo_msgs/share/limo_msgs/package.zsh'
[6.614s] Level 1:colcon.colcon_core.environment:create_file_with_runtime_dependencies(/home/artil/ROS/install/limo_msgs/share/colcon-core/packages/limo_msgs)
[6.617s] Level 1:colcon.colcon_core.environment:create_environment_scripts_only(limo_msgs)
[6.617s] Level 1:colcon.colcon_core.environment:checking '/home/artil/ROS/install/limo_msgs' for CMake module files
[6.618s] Level 1:colcon.colcon_core.environment:checking '/home/artil/ROS/install/limo_msgs' for CMake config files
[6.618s] Level 1:colcon.colcon_core.shell:create_environment_hook('limo_msgs', 'cmake_prefix_path')
[6.618s] INFO:colcon.colcon_core.shell:Creating environment hook '/home/artil/ROS/install/limo_msgs/share/limo_msgs/hook/cmake_prefix_path.ps1'
[6.618s] INFO:colcon.colcon_core.shell:Creating environment descriptor '/home/artil/ROS/install/limo_msgs/share/limo_msgs/hook/cmake_prefix_path.dsv'
[6.619s] INFO:colcon.colcon_core.shell:Creating environment hook '/home/artil/ROS/install/limo_msgs/share/limo_msgs/hook/cmake_prefix_path.sh'
[6.619s] Level 1:colcon.colcon_core.environment:checking '/home/artil/ROS/install/limo_msgs/lib'
[6.619s] Level 1:colcon.colcon_core.shell:create_environment_hook('limo_msgs', 'ld_library_path_lib')
[6.619s] INFO:colcon.colcon_core.shell:Creating environment hook '/home/artil/ROS/install/limo_msgs/share/limo_msgs/hook/ld_library_path_lib.ps1'
[6.620s] INFO:colcon.colcon_core.shell:Creating environment descriptor '/home/artil/ROS/install/limo_msgs/share/limo_msgs/hook/ld_library_path_lib.dsv'
[6.620s] INFO:colcon.colcon_core.shell:Creating environment hook '/home/artil/ROS/install/limo_msgs/share/limo_msgs/hook/ld_library_path_lib.sh'
[6.620s] Level 1:colcon.colcon_core.environment:checking '/home/artil/ROS/install/limo_msgs/bin'
[6.620s] Level 1:colcon.colcon_core.environment:checking '/home/artil/ROS/install/limo_msgs/lib/pkgconfig/limo_msgs.pc'
[6.620s] Level 1:colcon.colcon_core.environment:checking '/home/artil/ROS/install/limo_msgs/lib/python3.12/site-packages'
[6.620s] Level 1:colcon.colcon_core.shell:create_environment_hook('limo_msgs', 'pythonpath')
[6.620s] INFO:colcon.colcon_core.shell:Creating environment hook '/home/artil/ROS/install/limo_msgs/share/limo_msgs/hook/pythonpath.ps1'
[6.621s] INFO:colcon.colcon_core.shell:Creating environment descriptor '/home/artil/ROS/install/limo_msgs/share/limo_msgs/hook/pythonpath.dsv'
[6.621s] INFO:colcon.colcon_core.shell:Creating environment hook '/home/artil/ROS/install/limo_msgs/share/limo_msgs/hook/pythonpath.sh'
[6.622s] Level 1:colcon.colcon_core.environment:checking '/home/artil/ROS/install/limo_msgs/bin'
[6.622s] INFO:colcon.colcon_core.shell:Creating package script '/home/artil/ROS/install/limo_msgs/share/limo_msgs/package.ps1'
[6.622s] INFO:colcon.colcon_core.shell:Creating package descriptor '/home/artil/ROS/install/limo_msgs/share/limo_msgs/package.dsv'
[6.623s] INFO:colcon.colcon_core.shell:Creating package script '/home/artil/ROS/install/limo_msgs/share/limo_msgs/package.sh'
[6.623s] INFO:colcon.colcon_core.shell:Creating package script '/home/artil/ROS/install/limo_msgs/share/limo_msgs/package.bash'
[6.623s] INFO:colcon.colcon_core.shell:Creating package script '/home/artil/ROS/install/limo_msgs/share/limo_msgs/package.zsh'
[6.623s] Level 1:colcon.colcon_core.environment:create_file_with_runtime_dependencies(/home/artil/ROS/install/limo_msgs/share/colcon-core/packages/limo_msgs)
[6.624s] DEBUG:colcon.colcon_parallel_executor.executor.parallel:closing loop
[6.624s] DEBUG:colcon.colcon_parallel_executor.executor.parallel:loop closed
[6.624s] DEBUG:colcon.colcon_parallel_executor.executor.parallel:run_until_complete finished with '0'
[6.624s] DEBUG:colcon.colcon_core.event_reactor:joining thread
[6.628s] INFO:colcon.colcon_core.plugin_system:Skipping extension 'colcon_notification.desktop_notification.terminal_notifier': Not used on non-Darwin systems
[6.628s] INFO:colcon.colcon_core.plugin_system:Skipping extension 'colcon_notification.desktop_notification.win32': Not used on non-Windows systems
[6.628s] INFO:colcon.colcon_notification.desktop_notification:Sending desktop notification using 'notify2'
[6.652s] DEBUG:colcon.colcon_core.event_reactor:joined thread
[6.652s] INFO:colcon.colcon_core.shell:Creating prefix script '/home/artil/ROS/install/local_setup.ps1'
[6.653s] INFO:colcon.colcon_core.shell:Creating prefix util module '/home/artil/ROS/install/_local_setup_util_ps1.py'
[6.654s] INFO:colcon.colcon_core.shell:Creating prefix chain script '/home/artil/ROS/install/setup.ps1'
[6.654s] INFO:colcon.colcon_core.shell:Creating prefix script '/home/artil/ROS/install/local_setup.sh'
[6.654s] INFO:colcon.colcon_core.shell:Creating prefix util module '/home/artil/ROS/install/_local_setup_util_sh.py'
[6.655s] INFO:colcon.colcon_core.shell:Creating prefix chain script '/home/artil/ROS/install/setup.sh'
[6.655s] INFO:colcon.colcon_core.shell:Creating prefix script '/home/artil/ROS/install/local_setup.bash'
[6.656s] INFO:colcon.colcon_core.shell:Creating prefix chain script '/home/artil/ROS/install/setup.bash'
[6.656s] INFO:colcon.colcon_core.shell:Creating prefix script '/home/artil/ROS/install/local_setup.zsh'
[6.656s] INFO:colcon.colcon_core.shell:Creating prefix chain script '/home/artil/ROS/install/setup.zsh'
