[0.072s] DEBUG:colcon:Command line arguments: ['/usr/bin/colcon', 'build', '--packages-select', 'limo_description', 'limo_gazebo_sim']
[0.072s] DEBUG:colcon:Parsed command line arguments: Namespace(log_base=None, log_level=None, verb_name='build', build_base='build', install_base='install', merge_install=False, symlink_install=False, test_result_base=None, continue_on_error=False, executor='parallel', parallel_workers=16, event_handlers=None, ignore_user_meta=False, metas=['./colcon.meta'], base_paths=['.'], packages_ignore=None, packages_ignore_regex=None, paths=None, packages_up_to=None, packages_up_to_regex=None, packages_above=None, packages_above_and_dependencies=None, packages_above_depth=None, packages_select_by_dep=None, packages_skip_by_dep=None, packages_skip_up_to=None, packages_select_build_failed=False, packages_skip_build_finished=False, packages_select_test_failures=False, packages_skip_test_passed=False, packages_select=['limo_description', 'limo_gazebo_sim'], packages_skip=None, packages_select_regex=None, packages_skip_regex=None, packages_start=None, packages_end=None, allow_overriding=[], cmake_args=None, cmake_target=None, cmake_target_skip_unavailable=False, cmake_clean_cache=False, cmake_clean_first=False, cmake_force_configure=False, ament_cmake_args=None, catkin_cmake_args=None, catkin_skip_building_tests=False, verb_parser=<colcon_defaults.argument_parser.defaults.DefaultArgumentsDecorator object at 0x70c78826e570>, verb_extension=<colcon_core.verb.build.BuildVerb object at 0x70c78826e240>, main=<bound method BuildVerb.main of <colcon_core.verb.build.BuildVerb object at 0x70c78826e240>>)
[0.101s] Level 1:colcon.colcon_core.package_discovery:discover_packages(colcon_meta) check parameters
[0.101s] Level 1:colcon.colcon_core.package_discovery:discover_packages(recursive) check parameters
[0.101s] Level 1:colcon.colcon_core.package_discovery:discover_packages(ignore) check parameters
[0.101s] Level 1:colcon.colcon_core.package_discovery:discover_packages(path) check parameters
[0.101s] Level 1:colcon.colcon_core.package_discovery:discover_packages(colcon_meta) discover
[0.101s] Level 1:colcon.colcon_core.package_discovery:discover_packages(recursive) discover
[0.101s] INFO:colcon.colcon_core.package_discovery:Crawling recursively for packages in '/home/artil/ROS'
[0.102s] Level 1:colcon.colcon_core.package_identification:_identify(.) by extensions ['ignore', 'ignore_ament_install']
[0.102s] Level 1:colcon.colcon_core.package_identification:_identify(.) by extension 'ignore'
[0.102s] Level 1:colcon.colcon_core.package_identification:_identify(.) by extension 'ignore_ament_install'
[0.102s] Level 1:colcon.colcon_core.package_identification:_identify(.) by extensions ['colcon_pkg']
[0.102s] Level 1:colcon.colcon_core.package_identification:_identify(.) by extension 'colcon_pkg'
[0.102s] Level 1:colcon.colcon_core.package_identification:_identify(.) by extensions ['colcon_meta']
[0.102s] Level 1:colcon.colcon_core.package_identification:_identify(.) by extension 'colcon_meta'
[0.102s] Level 1:colcon.colcon_core.package_identification:_identify(.) by extensions ['ros']
[0.102s] Level 1:colcon.colcon_core.package_identification:_identify(.) by extension 'ros'
[0.120s] Level 1:colcon.colcon_core.package_identification:_identify(.) by extensions ['cmake', 'python']
[0.120s] Level 1:colcon.colcon_core.package_identification:_identify(.) by extension 'cmake'
[0.120s] Level 1:colcon.colcon_core.package_identification:_identify(.) by extension 'python'
[0.120s] Level 1:colcon.colcon_core.package_identification:_identify(.) by extensions ['python_setup_py']
[0.120s] Level 1:colcon.colcon_core.package_identification:_identify(.) by extension 'python_setup_py'
[0.120s] Level 1:colcon.colcon_core.package_identification:_identify(build) by extensions ['ignore', 'ignore_ament_install']
[0.121s] Level 1:colcon.colcon_core.package_identification:_identify(build) by extension 'ignore'
[0.121s] Level 1:colcon.colcon_core.package_identification:_identify(build) ignored
[0.121s] Level 1:colcon.colcon_core.package_identification:_identify(install) by extensions ['ignore', 'ignore_ament_install']
[0.121s] Level 1:colcon.colcon_core.package_identification:_identify(install) by extension 'ignore'
[0.121s] Level 1:colcon.colcon_core.package_identification:_identify(install) ignored
[0.121s] Level 1:colcon.colcon_core.package_identification:_identify(log) by extensions ['ignore', 'ignore_ament_install']
[0.121s] Level 1:colcon.colcon_core.package_identification:_identify(log) by extension 'ignore'
[0.121s] Level 1:colcon.colcon_core.package_identification:_identify(log) ignored
[0.121s] Level 1:colcon.colcon_core.package_identification:_identify(src) by extensions ['ignore', 'ignore_ament_install']
[0.121s] Level 1:colcon.colcon_core.package_identification:_identify(src) by extension 'ignore'
[0.121s] Level 1:colcon.colcon_core.package_identification:_identify(src) by extension 'ignore_ament_install'
[0.121s] Level 1:colcon.colcon_core.package_identification:_identify(src) by extensions ['colcon_pkg']
[0.121s] Level 1:colcon.colcon_core.package_identification:_identify(src) by extension 'colcon_pkg'
[0.121s] Level 1:colcon.colcon_core.package_identification:_identify(src) by extensions ['colcon_meta']
[0.121s] Level 1:colcon.colcon_core.package_identification:_identify(src) by extension 'colcon_meta'
[0.121s] Level 1:colcon.colcon_core.package_identification:_identify(src) by extensions ['ros']
[0.121s] Level 1:colcon.colcon_core.package_identification:_identify(src) by extension 'ros'
[0.121s] Level 1:colcon.colcon_core.package_identification:_identify(src) by extensions ['cmake', 'python']
[0.121s] Level 1:colcon.colcon_core.package_identification:_identify(src) by extension 'cmake'
[0.121s] Level 1:colcon.colcon_core.package_identification:_identify(src) by extension 'python'
[0.121s] Level 1:colcon.colcon_core.package_identification:_identify(src) by extensions ['python_setup_py']
[0.121s] Level 1:colcon.colcon_core.package_identification:_identify(src) by extension 'python_setup_py'
[0.121s] Level 1:colcon.colcon_core.package_identification:_identify(src/agilex_open_class) by extensions ['ignore', 'ignore_ament_install']
[0.122s] Level 1:colcon.colcon_core.package_identification:_identify(src/agilex_open_class) by extension 'ignore'
[0.122s] Level 1:colcon.colcon_core.package_identification:_identify(src/agilex_open_class) by extension 'ignore_ament_install'
[0.122s] Level 1:colcon.colcon_core.package_identification:_identify(src/agilex_open_class) by extensions ['colcon_pkg']
[0.122s] Level 1:colcon.colcon_core.package_identification:_identify(src/agilex_open_class) by extension 'colcon_pkg'
[0.122s] Level 1:colcon.colcon_core.package_identification:_identify(src/agilex_open_class) by extensions ['colcon_meta']
[0.122s] Level 1:colcon.colcon_core.package_identification:_identify(src/agilex_open_class) by extension 'colcon_meta'
[0.122s] Level 1:colcon.colcon_core.package_identification:_identify(src/agilex_open_class) by extensions ['ros']
[0.122s] Level 1:colcon.colcon_core.package_identification:_identify(src/agilex_open_class) by extension 'ros'
[0.122s] Level 1:colcon.colcon_core.package_identification:_identify(src/agilex_open_class) by extensions ['cmake', 'python']
[0.122s] Level 1:colcon.colcon_core.package_identification:_identify(src/agilex_open_class) by extension 'cmake'
[0.122s] Level 1:colcon.colcon_core.package_identification:_identify(src/agilex_open_class) by extension 'python'
[0.122s] Level 1:colcon.colcon_core.package_identification:_identify(src/agilex_open_class) by extensions ['python_setup_py']
[0.122s] Level 1:colcon.colcon_core.package_identification:_identify(src/agilex_open_class) by extension 'python_setup_py'
[0.122s] Level 1:colcon.colcon_core.package_identification:_identify(src/agilex_open_class/img) by extensions ['ignore', 'ignore_ament_install']
[0.122s] Level 1:colcon.colcon_core.package_identification:_identify(src/agilex_open_class/img) by extension 'ignore'
[0.122s] Level 1:colcon.colcon_core.package_identification:_identify(src/agilex_open_class/img) by extension 'ignore_ament_install'
[0.122s] Level 1:colcon.colcon_core.package_identification:_identify(src/agilex_open_class/img) by extensions ['colcon_pkg']
[0.122s] Level 1:colcon.colcon_core.package_identification:_identify(src/agilex_open_class/img) by extension 'colcon_pkg'
[0.122s] Level 1:colcon.colcon_core.package_identification:_identify(src/agilex_open_class/img) by extensions ['colcon_meta']
[0.122s] Level 1:colcon.colcon_core.package_identification:_identify(src/agilex_open_class/img) by extension 'colcon_meta'
[0.122s] Level 1:colcon.colcon_core.package_identification:_identify(src/agilex_open_class/img) by extensions ['ros']
[0.122s] Level 1:colcon.colcon_core.package_identification:_identify(src/agilex_open_class/img) by extension 'ros'
[0.122s] Level 1:colcon.colcon_core.package_identification:_identify(src/agilex_open_class/img) by extensions ['cmake', 'python']
[0.122s] Level 1:colcon.colcon_core.package_identification:_identify(src/agilex_open_class/img) by extension 'cmake'
[0.122s] Level 1:colcon.colcon_core.package_identification:_identify(src/agilex_open_class/img) by extension 'python'
[0.122s] Level 1:colcon.colcon_core.package_identification:_identify(src/agilex_open_class/img) by extensions ['python_setup_py']
[0.122s] Level 1:colcon.colcon_core.package_identification:_identify(src/agilex_open_class/img) by extension 'python_setup_py'
[0.122s] Level 1:colcon.colcon_core.package_identification:_identify(src/agilex_open_class/limo) by extensions ['ignore', 'ignore_ament_install']
[0.122s] Level 1:colcon.colcon_core.package_identification:_identify(src/agilex_open_class/limo) by extension 'ignore'
[0.123s] Level 1:colcon.colcon_core.package_identification:_identify(src/agilex_open_class/limo) by extension 'ignore_ament_install'
[0.123s] Level 1:colcon.colcon_core.package_identification:_identify(src/agilex_open_class/limo) by extensions ['colcon_pkg']
[0.123s] Level 1:colcon.colcon_core.package_identification:_identify(src/agilex_open_class/limo) by extension 'colcon_pkg'
[0.123s] Level 1:colcon.colcon_core.package_identification:_identify(src/agilex_open_class/limo) by extensions ['colcon_meta']
[0.123s] Level 1:colcon.colcon_core.package_identification:_identify(src/agilex_open_class/limo) by extension 'colcon_meta'
[0.123s] Level 1:colcon.colcon_core.package_identification:_identify(src/agilex_open_class/limo) by extensions ['ros']
[0.123s] Level 1:colcon.colcon_core.package_identification:_identify(src/agilex_open_class/limo) by extension 'ros'
[0.123s] Level 1:colcon.colcon_core.package_identification:_identify(src/agilex_open_class/limo) by extensions ['cmake', 'python']
[0.123s] Level 1:colcon.colcon_core.package_identification:_identify(src/agilex_open_class/limo) by extension 'cmake'
[0.123s] Level 1:colcon.colcon_core.package_identification:_identify(src/agilex_open_class/limo) by extension 'python'
[0.123s] Level 1:colcon.colcon_core.package_identification:_identify(src/agilex_open_class/limo) by extensions ['python_setup_py']
[0.123s] Level 1:colcon.colcon_core.package_identification:_identify(src/agilex_open_class/limo) by extension 'python_setup_py'
[0.123s] Level 1:colcon.colcon_core.package_identification:_identify(src/agilex_open_class/limo/image) by extensions ['ignore', 'ignore_ament_install']
[0.123s] Level 1:colcon.colcon_core.package_identification:_identify(src/agilex_open_class/limo/image) by extension 'ignore'
[0.123s] Level 1:colcon.colcon_core.package_identification:_identify(src/agilex_open_class/limo/image) by extension 'ignore_ament_install'
[0.123s] Level 1:colcon.colcon_core.package_identification:_identify(src/agilex_open_class/limo/image) by extensions ['colcon_pkg']
[0.123s] Level 1:colcon.colcon_core.package_identification:_identify(src/agilex_open_class/limo/image) by extension 'colcon_pkg'
[0.123s] Level 1:colcon.colcon_core.package_identification:_identify(src/agilex_open_class/limo/image) by extensions ['colcon_meta']
[0.123s] Level 1:colcon.colcon_core.package_identification:_identify(src/agilex_open_class/limo/image) by extension 'colcon_meta'
[0.123s] Level 1:colcon.colcon_core.package_identification:_identify(src/agilex_open_class/limo/image) by extensions ['ros']
[0.123s] Level 1:colcon.colcon_core.package_identification:_identify(src/agilex_open_class/limo/image) by extension 'ros'
[0.123s] Level 1:colcon.colcon_core.package_identification:_identify(src/agilex_open_class/limo/image) by extensions ['cmake', 'python']
[0.123s] Level 1:colcon.colcon_core.package_identification:_identify(src/agilex_open_class/limo/image) by extension 'cmake'
[0.123s] Level 1:colcon.colcon_core.package_identification:_identify(src/agilex_open_class/limo/image) by extension 'python'
[0.123s] Level 1:colcon.colcon_core.package_identification:_identify(src/agilex_open_class/limo/image) by extensions ['python_setup_py']
[0.123s] Level 1:colcon.colcon_core.package_identification:_identify(src/agilex_open_class/limo/image) by extension 'python_setup_py'
[0.123s] Level 1:colcon.colcon_core.package_identification:_identify(src/agilex_open_class/limo/limo_bringup) by extensions ['ignore', 'ignore_ament_install']
[0.123s] Level 1:colcon.colcon_core.package_identification:_identify(src/agilex_open_class/limo/limo_bringup) by extension 'ignore'
[0.123s] Level 1:colcon.colcon_core.package_identification:_identify(src/agilex_open_class/limo/limo_bringup) by extension 'ignore_ament_install'
[0.123s] Level 1:colcon.colcon_core.package_identification:_identify(src/agilex_open_class/limo/limo_bringup) by extensions ['colcon_pkg']
[0.123s] Level 1:colcon.colcon_core.package_identification:_identify(src/agilex_open_class/limo/limo_bringup) by extension 'colcon_pkg'
[0.124s] Level 1:colcon.colcon_core.package_identification:_identify(src/agilex_open_class/limo/limo_bringup) by extensions ['colcon_meta']
[0.124s] Level 1:colcon.colcon_core.package_identification:_identify(src/agilex_open_class/limo/limo_bringup) by extension 'colcon_meta'
[0.124s] Level 1:colcon.colcon_core.package_identification:_identify(src/agilex_open_class/limo/limo_bringup) by extensions ['ros']
[0.124s] Level 1:colcon.colcon_core.package_identification:_identify(src/agilex_open_class/limo/limo_bringup) by extension 'ros'
[0.125s] DEBUG:colcon.colcon_core.package_identification:Package 'src/agilex_open_class/limo/limo_bringup' with type 'ros.ament_cmake' and name 'limo_bringup'
[0.126s] Level 1:colcon.colcon_core.package_identification:_identify(src/agilex_open_class/limo/limo_description) by extensions ['ignore', 'ignore_ament_install']
[0.126s] Level 1:colcon.colcon_core.package_identification:_identify(src/agilex_open_class/limo/limo_description) by extension 'ignore'
[0.126s] Level 1:colcon.colcon_core.package_identification:_identify(src/agilex_open_class/limo/limo_description) by extension 'ignore_ament_install'
[0.126s] Level 1:colcon.colcon_core.package_identification:_identify(src/agilex_open_class/limo/limo_description) by extensions ['colcon_pkg']
[0.126s] Level 1:colcon.colcon_core.package_identification:_identify(src/agilex_open_class/limo/limo_description) by extension 'colcon_pkg'
[0.126s] Level 1:colcon.colcon_core.package_identification:_identify(src/agilex_open_class/limo/limo_description) by extensions ['colcon_meta']
[0.126s] Level 1:colcon.colcon_core.package_identification:_identify(src/agilex_open_class/limo/limo_description) by extension 'colcon_meta'
[0.126s] Level 1:colcon.colcon_core.package_identification:_identify(src/agilex_open_class/limo/limo_description) by extensions ['ros']
[0.126s] Level 1:colcon.colcon_core.package_identification:_identify(src/agilex_open_class/limo/limo_description) by extension 'ros'
[0.126s] DEBUG:colcon.colcon_core.package_identification:Package 'src/agilex_open_class/limo/limo_description' with type 'ros.ament_cmake' and name 'limo_description'
[0.126s] Level 1:colcon.colcon_core.package_identification:_identify(src/agilex_open_class/limo/limo_gazebo_sim) by extensions ['ignore', 'ignore_ament_install']
[0.126s] Level 1:colcon.colcon_core.package_identification:_identify(src/agilex_open_class/limo/limo_gazebo_sim) by extension 'ignore'
[0.126s] Level 1:colcon.colcon_core.package_identification:_identify(src/agilex_open_class/limo/limo_gazebo_sim) by extension 'ignore_ament_install'
[0.126s] Level 1:colcon.colcon_core.package_identification:_identify(src/agilex_open_class/limo/limo_gazebo_sim) by extensions ['colcon_pkg']
[0.126s] Level 1:colcon.colcon_core.package_identification:_identify(src/agilex_open_class/limo/limo_gazebo_sim) by extension 'colcon_pkg'
[0.126s] Level 1:colcon.colcon_core.package_identification:_identify(src/agilex_open_class/limo/limo_gazebo_sim) by extensions ['colcon_meta']
[0.127s] Level 1:colcon.colcon_core.package_identification:_identify(src/agilex_open_class/limo/limo_gazebo_sim) by extension 'colcon_meta'
[0.127s] Level 1:colcon.colcon_core.package_identification:_identify(src/agilex_open_class/limo/limo_gazebo_sim) by extensions ['ros']
[0.127s] Level 1:colcon.colcon_core.package_identification:_identify(src/agilex_open_class/limo/limo_gazebo_sim) by extension 'ros'
[0.127s] DEBUG:colcon.colcon_core.package_identification:Package 'src/agilex_open_class/limo/limo_gazebo_sim' with type 'ros.ament_cmake' and name 'limo_gazebo_sim'
[0.127s] Level 1:colcon.colcon_core.package_identification:_identify(src/agilex_open_class/limo/limo_learnning) by extensions ['ignore', 'ignore_ament_install']
[0.127s] Level 1:colcon.colcon_core.package_identification:_identify(src/agilex_open_class/limo/limo_learnning) by extension 'ignore'
[0.127s] Level 1:colcon.colcon_core.package_identification:_identify(src/agilex_open_class/limo/limo_learnning) by extension 'ignore_ament_install'
[0.127s] Level 1:colcon.colcon_core.package_identification:_identify(src/agilex_open_class/limo/limo_learnning) by extensions ['colcon_pkg']
[0.127s] Level 1:colcon.colcon_core.package_identification:_identify(src/agilex_open_class/limo/limo_learnning) by extension 'colcon_pkg'
[0.127s] Level 1:colcon.colcon_core.package_identification:_identify(src/agilex_open_class/limo/limo_learnning) by extensions ['colcon_meta']
[0.127s] Level 1:colcon.colcon_core.package_identification:_identify(src/agilex_open_class/limo/limo_learnning) by extension 'colcon_meta'
[0.127s] Level 1:colcon.colcon_core.package_identification:_identify(src/agilex_open_class/limo/limo_learnning) by extensions ['ros']
[0.127s] Level 1:colcon.colcon_core.package_identification:_identify(src/agilex_open_class/limo/limo_learnning) by extension 'ros'
[0.128s] DEBUG:colcon.colcon_core.package_identification:Package 'src/agilex_open_class/limo/limo_learnning' with type 'ros.ament_cmake' and name 'limo_learnning'
[0.128s] Level 1:colcon.colcon_core.package_identification:_identify(src/agilex_open_class/limo/limo_learnning_py) by extensions ['ignore', 'ignore_ament_install']
[0.128s] Level 1:colcon.colcon_core.package_identification:_identify(src/agilex_open_class/limo/limo_learnning_py) by extension 'ignore'
[0.128s] Level 1:colcon.colcon_core.package_identification:_identify(src/agilex_open_class/limo/limo_learnning_py) by extension 'ignore_ament_install'
[0.128s] Level 1:colcon.colcon_core.package_identification:_identify(src/agilex_open_class/limo/limo_learnning_py) by extensions ['colcon_pkg']
[0.128s] Level 1:colcon.colcon_core.package_identification:_identify(src/agilex_open_class/limo/limo_learnning_py) by extension 'colcon_pkg'
[0.128s] Level 1:colcon.colcon_core.package_identification:_identify(src/agilex_open_class/limo/limo_learnning_py) by extensions ['colcon_meta']
[0.128s] Level 1:colcon.colcon_core.package_identification:_identify(src/agilex_open_class/limo/limo_learnning_py) by extension 'colcon_meta'
[0.128s] Level 1:colcon.colcon_core.package_identification:_identify(src/agilex_open_class/limo/limo_learnning_py) by extensions ['ros']
[0.128s] Level 1:colcon.colcon_core.package_identification:_identify(src/agilex_open_class/limo/limo_learnning_py) by extension 'ros'
[0.128s] DEBUG:colcon.colcon_core.package_identification:Package 'src/agilex_open_class/limo/limo_learnning_py' with type 'ros.ament_python' and name 'limo_learnning_py'
[0.129s] Level 1:colcon.colcon_core.package_identification:_identify(src/agilex_open_class/limo/limo_msgs) by extensions ['ignore', 'ignore_ament_install']
[0.129s] Level 1:colcon.colcon_core.package_identification:_identify(src/agilex_open_class/limo/limo_msgs) by extension 'ignore'
[0.129s] Level 1:colcon.colcon_core.package_identification:_identify(src/agilex_open_class/limo/limo_msgs) by extension 'ignore_ament_install'
[0.129s] Level 1:colcon.colcon_core.package_identification:_identify(src/agilex_open_class/limo/limo_msgs) by extensions ['colcon_pkg']
[0.129s] Level 1:colcon.colcon_core.package_identification:_identify(src/agilex_open_class/limo/limo_msgs) by extension 'colcon_pkg'
[0.129s] Level 1:colcon.colcon_core.package_identification:_identify(src/agilex_open_class/limo/limo_msgs) by extensions ['colcon_meta']
[0.129s] Level 1:colcon.colcon_core.package_identification:_identify(src/agilex_open_class/limo/limo_msgs) by extension 'colcon_meta'
[0.129s] Level 1:colcon.colcon_core.package_identification:_identify(src/agilex_open_class/limo/limo_msgs) by extensions ['ros']
[0.129s] Level 1:colcon.colcon_core.package_identification:_identify(src/agilex_open_class/limo/limo_msgs) by extension 'ros'
[0.129s] DEBUG:colcon.colcon_core.package_identification:Package 'src/agilex_open_class/limo/limo_msgs' with type 'ros.ament_cmake' and name 'limo_msgs'
[0.129s] Level 1:colcon.colcon_core.package_identification:_identify(src/agilex_open_class/piper) by extensions ['ignore', 'ignore_ament_install']
[0.129s] Level 1:colcon.colcon_core.package_identification:_identify(src/agilex_open_class/piper) by extension 'ignore'
[0.129s] Level 1:colcon.colcon_core.package_identification:_identify(src/agilex_open_class/piper) by extension 'ignore_ament_install'
[0.129s] Level 1:colcon.colcon_core.package_identification:_identify(src/agilex_open_class/piper) by extensions ['colcon_pkg']
[0.129s] Level 1:colcon.colcon_core.package_identification:_identify(src/agilex_open_class/piper) by extension 'colcon_pkg'
[0.129s] Level 1:colcon.colcon_core.package_identification:_identify(src/agilex_open_class/piper) by extensions ['colcon_meta']
[0.130s] Level 1:colcon.colcon_core.package_identification:_identify(src/agilex_open_class/piper) by extension 'colcon_meta'
[0.130s] Level 1:colcon.colcon_core.package_identification:_identify(src/agilex_open_class/piper) by extensions ['ros']
[0.130s] Level 1:colcon.colcon_core.package_identification:_identify(src/agilex_open_class/piper) by extension 'ros'
[0.130s] Level 1:colcon.colcon_core.package_identification:_identify(src/agilex_open_class/piper) by extensions ['cmake', 'python']
[0.130s] Level 1:colcon.colcon_core.package_identification:_identify(src/agilex_open_class/piper) by extension 'cmake'
[0.130s] Level 1:colcon.colcon_core.package_identification:_identify(src/agilex_open_class/piper) by extension 'python'
[0.130s] Level 1:colcon.colcon_core.package_identification:_identify(src/agilex_open_class/piper) by extensions ['python_setup_py']
[0.130s] Level 1:colcon.colcon_core.package_identification:_identify(src/agilex_open_class/piper) by extension 'python_setup_py'
[0.130s] Level 1:colcon.colcon_core.package_identification:_identify(src/agilex_open_class/piper/image) by extensions ['ignore', 'ignore_ament_install']
[0.130s] Level 1:colcon.colcon_core.package_identification:_identify(src/agilex_open_class/piper/image) by extension 'ignore'
[0.130s] Level 1:colcon.colcon_core.package_identification:_identify(src/agilex_open_class/piper/image) by extension 'ignore_ament_install'
[0.130s] Level 1:colcon.colcon_core.package_identification:_identify(src/agilex_open_class/piper/image) by extensions ['colcon_pkg']
[0.130s] Level 1:colcon.colcon_core.package_identification:_identify(src/agilex_open_class/piper/image) by extension 'colcon_pkg'
[0.130s] Level 1:colcon.colcon_core.package_identification:_identify(src/agilex_open_class/piper/image) by extensions ['colcon_meta']
[0.130s] Level 1:colcon.colcon_core.package_identification:_identify(src/agilex_open_class/piper/image) by extension 'colcon_meta'
[0.130s] Level 1:colcon.colcon_core.package_identification:_identify(src/agilex_open_class/piper/image) by extensions ['ros']
[0.130s] Level 1:colcon.colcon_core.package_identification:_identify(src/agilex_open_class/piper/image) by extension 'ros'
[0.130s] Level 1:colcon.colcon_core.package_identification:_identify(src/agilex_open_class/piper/image) by extensions ['cmake', 'python']
[0.130s] Level 1:colcon.colcon_core.package_identification:_identify(src/agilex_open_class/piper/image) by extension 'cmake'
[0.130s] Level 1:colcon.colcon_core.package_identification:_identify(src/agilex_open_class/piper/image) by extension 'python'
[0.130s] Level 1:colcon.colcon_core.package_identification:_identify(src/agilex_open_class/piper/image) by extensions ['python_setup_py']
[0.130s] Level 1:colcon.colcon_core.package_identification:_identify(src/agilex_open_class/piper/image) by extension 'python_setup_py'
[0.130s] Level 1:colcon.colcon_core.package_identification:_identify(src/agilex_open_class/piper/learnning_piper) by extensions ['ignore', 'ignore_ament_install']
[0.130s] Level 1:colcon.colcon_core.package_identification:_identify(src/agilex_open_class/piper/learnning_piper) by extension 'ignore'
[0.130s] Level 1:colcon.colcon_core.package_identification:_identify(src/agilex_open_class/piper/learnning_piper) by extension 'ignore_ament_install'
[0.130s] Level 1:colcon.colcon_core.package_identification:_identify(src/agilex_open_class/piper/learnning_piper) by extensions ['colcon_pkg']
[0.131s] Level 1:colcon.colcon_core.package_identification:_identify(src/agilex_open_class/piper/learnning_piper) by extension 'colcon_pkg'
[0.131s] Level 1:colcon.colcon_core.package_identification:_identify(src/agilex_open_class/piper/learnning_piper) by extensions ['colcon_meta']
[0.131s] Level 1:colcon.colcon_core.package_identification:_identify(src/agilex_open_class/piper/learnning_piper) by extension 'colcon_meta'
[0.131s] Level 1:colcon.colcon_core.package_identification:_identify(src/agilex_open_class/piper/learnning_piper) by extensions ['ros']
[0.131s] Level 1:colcon.colcon_core.package_identification:_identify(src/agilex_open_class/piper/learnning_piper) by extension 'ros'
[0.131s] DEBUG:colcon.colcon_core.package_identification:Package 'src/agilex_open_class/piper/learnning_piper' with type 'ros.ament_cmake' and name 'learnning_piper'
[0.131s] Level 1:colcon.colcon_core.package_identification:_identify(src/agilex_open_class/piper/piper_description) by extensions ['ignore', 'ignore_ament_install']
[0.131s] Level 1:colcon.colcon_core.package_identification:_identify(src/agilex_open_class/piper/piper_description) by extension 'ignore'
[0.131s] Level 1:colcon.colcon_core.package_identification:_identify(src/agilex_open_class/piper/piper_description) by extension 'ignore_ament_install'
[0.131s] Level 1:colcon.colcon_core.package_identification:_identify(src/agilex_open_class/piper/piper_description) by extensions ['colcon_pkg']
[0.131s] Level 1:colcon.colcon_core.package_identification:_identify(src/agilex_open_class/piper/piper_description) by extension 'colcon_pkg'
[0.131s] Level 1:colcon.colcon_core.package_identification:_identify(src/agilex_open_class/piper/piper_description) by extensions ['colcon_meta']
[0.131s] Level 1:colcon.colcon_core.package_identification:_identify(src/agilex_open_class/piper/piper_description) by extension 'colcon_meta'
[0.131s] Level 1:colcon.colcon_core.package_identification:_identify(src/agilex_open_class/piper/piper_description) by extensions ['ros']
[0.131s] Level 1:colcon.colcon_core.package_identification:_identify(src/agilex_open_class/piper/piper_description) by extension 'ros'
[0.132s] DEBUG:colcon.colcon_core.package_identification:Package 'src/agilex_open_class/piper/piper_description' with type 'ros.ament_cmake' and name 'piper_description'
[0.132s] Level 1:colcon.colcon_core.package_identification:_identify(src/agilex_open_class/piper/piper_moveit_config_v4) by extensions ['ignore', 'ignore_ament_install']
[0.132s] Level 1:colcon.colcon_core.package_identification:_identify(src/agilex_open_class/piper/piper_moveit_config_v4) by extension 'ignore'
[0.132s] Level 1:colcon.colcon_core.package_identification:_identify(src/agilex_open_class/piper/piper_moveit_config_v4) by extension 'ignore_ament_install'
[0.132s] Level 1:colcon.colcon_core.package_identification:_identify(src/agilex_open_class/piper/piper_moveit_config_v4) by extensions ['colcon_pkg']
[0.132s] Level 1:colcon.colcon_core.package_identification:_identify(src/agilex_open_class/piper/piper_moveit_config_v4) by extension 'colcon_pkg'
[0.132s] Level 1:colcon.colcon_core.package_identification:_identify(src/agilex_open_class/piper/piper_moveit_config_v4) by extensions ['colcon_meta']
[0.132s] Level 1:colcon.colcon_core.package_identification:_identify(src/agilex_open_class/piper/piper_moveit_config_v4) by extension 'colcon_meta'
[0.132s] Level 1:colcon.colcon_core.package_identification:_identify(src/agilex_open_class/piper/piper_moveit_config_v4) by extensions ['ros']
[0.132s] Level 1:colcon.colcon_core.package_identification:_identify(src/agilex_open_class/piper/piper_moveit_config_v4) by extension 'ros'
[0.132s] DEBUG:colcon.colcon_core.package_identification:Package 'src/agilex_open_class/piper/piper_moveit_config_v4' with type 'ros.ament_cmake' and name 'piper_moveit_config_v4'
[0.133s] Level 1:colcon.colcon_core.package_identification:_identify(src/agilex_open_class/piper/piper_moveit_config_v5) by extensions ['ignore', 'ignore_ament_install']
[0.133s] Level 1:colcon.colcon_core.package_identification:_identify(src/agilex_open_class/piper/piper_moveit_config_v5) by extension 'ignore'
[0.133s] Level 1:colcon.colcon_core.package_identification:_identify(src/agilex_open_class/piper/piper_moveit_config_v5) by extension 'ignore_ament_install'
[0.133s] Level 1:colcon.colcon_core.package_identification:_identify(src/agilex_open_class/piper/piper_moveit_config_v5) by extensions ['colcon_pkg']
[0.133s] Level 1:colcon.colcon_core.package_identification:_identify(src/agilex_open_class/piper/piper_moveit_config_v5) by extension 'colcon_pkg'
[0.133s] Level 1:colcon.colcon_core.package_identification:_identify(src/agilex_open_class/piper/piper_moveit_config_v5) by extensions ['colcon_meta']
[0.133s] Level 1:colcon.colcon_core.package_identification:_identify(src/agilex_open_class/piper/piper_moveit_config_v5) by extension 'colcon_meta'
[0.133s] Level 1:colcon.colcon_core.package_identification:_identify(src/agilex_open_class/piper/piper_moveit_config_v5) by extensions ['ros']
[0.133s] Level 1:colcon.colcon_core.package_identification:_identify(src/agilex_open_class/piper/piper_moveit_config_v5) by extension 'ros'
[0.133s] DEBUG:colcon.colcon_core.package_identification:Package 'src/agilex_open_class/piper/piper_moveit_config_v5' with type 'ros.ament_cmake' and name 'piper_moveit_config_v5'
[0.133s] Level 1:colcon.colcon_core.package_discovery:discover_packages(recursive) using defaults
[0.133s] Level 1:colcon.colcon_core.package_discovery:discover_packages(ignore) discover
[0.133s] Level 1:colcon.colcon_core.package_discovery:discover_packages(ignore) using defaults
[0.133s] Level 1:colcon.colcon_core.package_discovery:discover_packages(path) discover
[0.133s] Level 1:colcon.colcon_core.package_discovery:discover_packages(path) using defaults
[0.147s] INFO:colcon.colcon_core.package_selection:Skipping not selected package 'learnning_piper' in 'src/agilex_open_class/piper/learnning_piper'
[0.147s] INFO:colcon.colcon_core.package_selection:Skipping not selected package 'limo_msgs' in 'src/agilex_open_class/limo/limo_msgs'
[0.147s] INFO:colcon.colcon_core.package_selection:Skipping not selected package 'piper_description' in 'src/agilex_open_class/piper/piper_description'
[0.147s] INFO:colcon.colcon_core.package_selection:Skipping not selected package 'limo_bringup' in 'src/agilex_open_class/limo/limo_bringup'
[0.147s] INFO:colcon.colcon_core.package_selection:Skipping not selected package 'limo_learnning' in 'src/agilex_open_class/limo/limo_learnning'
[0.147s] INFO:colcon.colcon_core.package_selection:Skipping not selected package 'limo_learnning_py' in 'src/agilex_open_class/limo/limo_learnning_py'
[0.147s] INFO:colcon.colcon_core.package_selection:Skipping not selected package 'piper_moveit_config_v4' in 'src/agilex_open_class/piper/piper_moveit_config_v4'
[0.147s] INFO:colcon.colcon_core.package_selection:Skipping not selected package 'piper_moveit_config_v5' in 'src/agilex_open_class/piper/piper_moveit_config_v5'
[0.147s] Level 1:colcon.colcon_core.package_discovery:discover_packages(prefix_path) check parameters
[0.147s] Level 1:colcon.colcon_core.package_discovery:discover_packages(prefix_path) discover
[0.148s] DEBUG:colcon.colcon_installed_package_information.package_discovery:Found 1 installed packages in /home/artil/ROS/install
[0.150s] DEBUG:colcon.colcon_installed_package_information.package_discovery:Found 335 installed packages in /opt/ros/jazzy
[0.151s] Level 1:colcon.colcon_core.package_discovery:discover_packages(prefix_path) using defaults
[0.180s] Level 5:colcon.colcon_core.verb:set package 'limo_description' build argument 'cmake_args' from command line to 'None'
[0.180s] Level 5:colcon.colcon_core.verb:set package 'limo_description' build argument 'cmake_target' from command line to 'None'
[0.180s] Level 5:colcon.colcon_core.verb:set package 'limo_description' build argument 'cmake_target_skip_unavailable' from command line to 'False'
[0.180s] Level 5:colcon.colcon_core.verb:set package 'limo_description' build argument 'cmake_clean_cache' from command line to 'False'
[0.180s] Level 5:colcon.colcon_core.verb:set package 'limo_description' build argument 'cmake_clean_first' from command line to 'False'
[0.180s] Level 5:colcon.colcon_core.verb:set package 'limo_description' build argument 'cmake_force_configure' from command line to 'False'
[0.180s] Level 5:colcon.colcon_core.verb:set package 'limo_description' build argument 'ament_cmake_args' from command line to 'None'
[0.180s] Level 5:colcon.colcon_core.verb:set package 'limo_description' build argument 'catkin_cmake_args' from command line to 'None'
[0.180s] Level 5:colcon.colcon_core.verb:set package 'limo_description' build argument 'catkin_skip_building_tests' from command line to 'False'
[0.180s] DEBUG:colcon.colcon_core.verb:Building package 'limo_description' with the following arguments: {'ament_cmake_args': None, 'build_base': '/home/artil/ROS/build/limo_description', 'catkin_cmake_args': None, 'catkin_skip_building_tests': False, 'cmake_args': None, 'cmake_clean_cache': False, 'cmake_clean_first': False, 'cmake_force_configure': False, 'cmake_target': None, 'cmake_target_skip_unavailable': False, 'install_base': '/home/artil/ROS/install/limo_description', 'merge_install': False, 'path': '/home/artil/ROS/src/agilex_open_class/limo/limo_description', 'symlink_install': False, 'test_result_base': None}
[0.180s] Level 5:colcon.colcon_core.verb:set package 'limo_gazebo_sim' build argument 'cmake_args' from command line to 'None'
[0.180s] Level 5:colcon.colcon_core.verb:set package 'limo_gazebo_sim' build argument 'cmake_target' from command line to 'None'
[0.180s] Level 5:colcon.colcon_core.verb:set package 'limo_gazebo_sim' build argument 'cmake_target_skip_unavailable' from command line to 'False'
[0.180s] Level 5:colcon.colcon_core.verb:set package 'limo_gazebo_sim' build argument 'cmake_clean_cache' from command line to 'False'
[0.180s] Level 5:colcon.colcon_core.verb:set package 'limo_gazebo_sim' build argument 'cmake_clean_first' from command line to 'False'
[0.180s] Level 5:colcon.colcon_core.verb:set package 'limo_gazebo_sim' build argument 'cmake_force_configure' from command line to 'False'
[0.180s] Level 5:colcon.colcon_core.verb:set package 'limo_gazebo_sim' build argument 'ament_cmake_args' from command line to 'None'
[0.180s] Level 5:colcon.colcon_core.verb:set package 'limo_gazebo_sim' build argument 'catkin_cmake_args' from command line to 'None'
[0.180s] Level 5:colcon.colcon_core.verb:set package 'limo_gazebo_sim' build argument 'catkin_skip_building_tests' from command line to 'False'
[0.180s] DEBUG:colcon.colcon_core.verb:Building package 'limo_gazebo_sim' with the following arguments: {'ament_cmake_args': None, 'build_base': '/home/artil/ROS/build/limo_gazebo_sim', 'catkin_cmake_args': None, 'catkin_skip_building_tests': False, 'cmake_args': None, 'cmake_clean_cache': False, 'cmake_clean_first': False, 'cmake_force_configure': False, 'cmake_target': None, 'cmake_target_skip_unavailable': False, 'install_base': '/home/artil/ROS/install/limo_gazebo_sim', 'merge_install': False, 'path': '/home/artil/ROS/src/agilex_open_class/limo/limo_gazebo_sim', 'symlink_install': False, 'test_result_base': None}
[0.180s] INFO:colcon.colcon_core.executor:Executing jobs using 'parallel' executor
[0.181s] DEBUG:colcon.colcon_parallel_executor.executor.parallel:run_until_complete
[0.181s] INFO:colcon.colcon_ros.task.ament_cmake.build:Building ROS package in '/home/artil/ROS/src/agilex_open_class/limo/limo_description' with build type 'ament_cmake'
[0.182s] INFO:colcon.colcon_cmake.task.cmake.build:Building CMake package in '/home/artil/ROS/src/agilex_open_class/limo/limo_description'
[0.183s] INFO:colcon.colcon_core.plugin_system:Skipping extension 'colcon_core.shell.bat': Not used on non-Windows systems
[0.183s] INFO:colcon.colcon_core.shell:Skip shell extension 'powershell' for command environment: Not usable outside of PowerShell
[0.183s] DEBUG:colcon.colcon_core.shell:Skip shell extension 'dsv' for command environment
[0.186s] INFO:colcon.colcon_ros.task.ament_cmake.build:Building ROS package in '/home/artil/ROS/src/agilex_open_class/limo/limo_gazebo_sim' with build type 'ament_cmake'
[0.186s] INFO:colcon.colcon_cmake.task.cmake.build:Building CMake package in '/home/artil/ROS/src/agilex_open_class/limo/limo_gazebo_sim'
[0.186s] INFO:colcon.colcon_core.shell:Skip shell extension 'powershell' for command environment: Not usable outside of PowerShell
[0.186s] DEBUG:colcon.colcon_core.shell:Skip shell extension 'dsv' for command environment
[0.192s] DEBUG:colcon.colcon_core.event_handler.log_command:Invoking command in '/home/artil/ROS/build/limo_description': CMAKE_PREFIX_PATH=${CMAKE_PREFIX_PATH}:/opt/ros/jazzy DEBUGINFOD_URLS=https://debuginfod.ubuntu.com /usr/bin/cmake /home/artil/ROS/src/agilex_open_class/limo/limo_description -DCMAKE_INSTALL_PREFIX=/home/artil/ROS/install/limo_description
[0.196s] DEBUG:colcon.colcon_core.event_handler.log_command:Invoking command in '/home/artil/ROS/build/limo_gazebo_sim': CMAKE_PREFIX_PATH=${CMAKE_PREFIX_PATH}:/opt/ros/jazzy DEBUGINFOD_URLS=https://debuginfod.ubuntu.com /usr/bin/cmake /home/artil/ROS/src/agilex_open_class/limo/limo_gazebo_sim -DCMAKE_INSTALL_PREFIX=/home/artil/ROS/install/limo_gazebo_sim
[0.865s] DEBUG:colcon.colcon_core.event_handler.log_command:Invoked command in '/home/artil/ROS/build/limo_gazebo_sim' returned '0': CMAKE_PREFIX_PATH=${CMAKE_PREFIX_PATH}:/opt/ros/jazzy DEBUGINFOD_URLS=https://debuginfod.ubuntu.com /usr/bin/cmake /home/artil/ROS/src/agilex_open_class/limo/limo_gazebo_sim -DCMAKE_INSTALL_PREFIX=/home/artil/ROS/install/limo_gazebo_sim
[0.865s] DEBUG:colcon.colcon_core.event_handler.log_command:Invoking command in '/home/artil/ROS/build/limo_gazebo_sim': CMAKE_PREFIX_PATH=${CMAKE_PREFIX_PATH}:/opt/ros/jazzy DEBUGINFOD_URLS=https://debuginfod.ubuntu.com /usr/bin/cmake --build /home/artil/ROS/build/limo_gazebo_sim -- -j16 -l16
[0.866s] DEBUG:colcon.colcon_core.event_handler.log_command:Invoked command in '/home/artil/ROS/build/limo_description' returned '0': CMAKE_PREFIX_PATH=${CMAKE_PREFIX_PATH}:/opt/ros/jazzy DEBUGINFOD_URLS=https://debuginfod.ubuntu.com /usr/bin/cmake /home/artil/ROS/src/agilex_open_class/limo/limo_description -DCMAKE_INSTALL_PREFIX=/home/artil/ROS/install/limo_description
[0.867s] DEBUG:colcon.colcon_core.event_handler.log_command:Invoking command in '/home/artil/ROS/build/limo_description': CMAKE_PREFIX_PATH=${CMAKE_PREFIX_PATH}:/opt/ros/jazzy DEBUGINFOD_URLS=https://debuginfod.ubuntu.com /usr/bin/cmake --build /home/artil/ROS/build/limo_description -- -j16 -l16
[0.904s] DEBUG:colcon.colcon_core.event_handler.log_command:Invoked command in '/home/artil/ROS/build/limo_gazebo_sim' returned '0': CMAKE_PREFIX_PATH=${CMAKE_PREFIX_PATH}:/opt/ros/jazzy DEBUGINFOD_URLS=https://debuginfod.ubuntu.com /usr/bin/cmake --build /home/artil/ROS/build/limo_gazebo_sim -- -j16 -l16
[0.915s] DEBUG:colcon.colcon_core.event_handler.log_command:Invoking command in '/home/artil/ROS/build/limo_gazebo_sim': CMAKE_PREFIX_PATH=${CMAKE_PREFIX_PATH}:/opt/ros/jazzy DEBUGINFOD_URLS=https://debuginfod.ubuntu.com /usr/bin/cmake --install /home/artil/ROS/build/limo_gazebo_sim
[0.917s] DEBUG:colcon.colcon_core.event_handler.log_command:Invoked command in '/home/artil/ROS/build/limo_description' returned '0': CMAKE_PREFIX_PATH=${CMAKE_PREFIX_PATH}:/opt/ros/jazzy DEBUGINFOD_URLS=https://debuginfod.ubuntu.com /usr/bin/cmake --build /home/artil/ROS/build/limo_description -- -j16 -l16
[0.918s] DEBUG:colcon.colcon_core.event_handler.log_command:Invoking command in '/home/artil/ROS/build/limo_description': CMAKE_PREFIX_PATH=${CMAKE_PREFIX_PATH}:/opt/ros/jazzy DEBUGINFOD_URLS=https://debuginfod.ubuntu.com /usr/bin/cmake --install /home/artil/ROS/build/limo_description
[0.926s] DEBUG:colcon.colcon_core.event_handler.log_command:Invoked command in '/home/artil/ROS/build/limo_gazebo_sim' returned '1': CMAKE_PREFIX_PATH=${CMAKE_PREFIX_PATH}:/opt/ros/jazzy DEBUGINFOD_URLS=https://debuginfod.ubuntu.com /usr/bin/cmake --install /home/artil/ROS/build/limo_gazebo_sim
[0.926s] Level 1:colcon.colcon_core.environment:create_environment_scripts_only(limo_gazebo_sim)
[0.929s] Level 1:colcon.colcon_core.environment:checking '/home/artil/ROS/install/limo_gazebo_sim' for CMake module files
[0.929s] Level 1:colcon.colcon_core.environment:checking '/home/artil/ROS/install/limo_gazebo_sim' for CMake config files
[0.929s] Level 1:colcon.colcon_core.environment:checking '/home/artil/ROS/install/limo_gazebo_sim/bin'
[0.929s] Level 1:colcon.colcon_core.environment:checking '/home/artil/ROS/install/limo_gazebo_sim/lib/pkgconfig/limo_gazebo_sim.pc'
[0.930s] Level 1:colcon.colcon_core.environment:checking '/home/artil/ROS/install/limo_gazebo_sim/lib/python3.12/site-packages'
[0.930s] Level 1:colcon.colcon_core.environment:checking '/home/artil/ROS/install/limo_gazebo_sim/bin'
[0.930s] INFO:colcon.colcon_core.shell:Creating package script '/home/artil/ROS/install/limo_gazebo_sim/share/limo_gazebo_sim/package.ps1'
[0.930s] INFO:colcon.colcon_core.shell:Creating package descriptor '/home/artil/ROS/install/limo_gazebo_sim/share/limo_gazebo_sim/package.dsv'
[0.932s] INFO:colcon.colcon_core.shell:Creating package script '/home/artil/ROS/install/limo_gazebo_sim/share/limo_gazebo_sim/package.sh'
[0.932s] INFO:colcon.colcon_core.shell:Creating package script '/home/artil/ROS/install/limo_gazebo_sim/share/limo_gazebo_sim/package.bash'
[0.932s] INFO:colcon.colcon_core.shell:Creating package script '/home/artil/ROS/install/limo_gazebo_sim/share/limo_gazebo_sim/package.zsh'
[0.933s] Level 1:colcon.colcon_core.environment:create_file_with_runtime_dependencies(/home/artil/ROS/install/limo_gazebo_sim/share/colcon-core/packages/limo_gazebo_sim)
[1.015s] DEBUG:colcon.colcon_parallel_executor.executor.parallel:closing loop
[1.015s] DEBUG:colcon.colcon_parallel_executor.executor.parallel:loop closed
[1.016s] DEBUG:colcon.colcon_parallel_executor.executor.parallel:run_until_complete finished with '1'
[1.016s] DEBUG:colcon.colcon_core.event_reactor:joining thread
[1.020s] INFO:colcon.colcon_core.plugin_system:Skipping extension 'colcon_notification.desktop_notification.terminal_notifier': Not used on non-Darwin systems
[1.021s] INFO:colcon.colcon_core.plugin_system:Skipping extension 'colcon_notification.desktop_notification.win32': Not used on non-Windows systems
[1.021s] INFO:colcon.colcon_notification.desktop_notification:Sending desktop notification using 'notify2'
[1.027s] DEBUG:colcon.colcon_core.event_reactor:joined thread
[1.027s] INFO:colcon.colcon_core.shell:Creating prefix script '/home/artil/ROS/install/local_setup.ps1'
[1.028s] INFO:colcon.colcon_core.shell:Creating prefix util module '/home/artil/ROS/install/_local_setup_util_ps1.py'
[1.029s] INFO:colcon.colcon_core.shell:Creating prefix chain script '/home/artil/ROS/install/setup.ps1'
[1.030s] INFO:colcon.colcon_core.shell:Creating prefix script '/home/artil/ROS/install/local_setup.sh'
[1.031s] INFO:colcon.colcon_core.shell:Creating prefix util module '/home/artil/ROS/install/_local_setup_util_sh.py'
[1.031s] INFO:colcon.colcon_core.shell:Creating prefix chain script '/home/artil/ROS/install/setup.sh'
[1.032s] INFO:colcon.colcon_core.shell:Creating prefix script '/home/artil/ROS/install/local_setup.bash'
[1.032s] INFO:colcon.colcon_core.shell:Creating prefix chain script '/home/artil/ROS/install/setup.bash'
[1.034s] INFO:colcon.colcon_core.shell:Creating prefix script '/home/artil/ROS/install/local_setup.zsh'
[1.034s] INFO:colcon.colcon_core.shell:Creating prefix chain script '/home/artil/ROS/install/setup.zsh'
