[0.009s] Invoking command in '/home/artil/ROS/build/limo_gazebo_sim': CMAKE_PREFIX_PATH=${CMAKE_PREFIX_PATH}:/opt/ros/jazzy DEBUGINFOD_URLS=https://debuginfod.ubuntu.com /usr/bin/cmake /home/artil/ROS/src/agilex_open_class/limo/limo_gazebo_sim -DCMAKE_INSTALL_PREFIX=/home/artil/ROS/install/limo_gazebo_sim
[0.065s] -- The C compiler identification is GNU 13.3.0
[0.111s] -- The CXX compiler identification is GNU 13.3.0
[0.131s] -- Detecting C compiler ABI info
[0.215s] -- Detecting C compiler ABI info - done
[0.226s] -- Check for working C compiler: /usr/bin/cc - skipped
[0.226s] -- Detecting C compile features
[0.227s] -- Detecting C compile features - done
[0.236s] -- Detecting CXX compiler ABI info
[0.337s] -- Detecting CXX compiler ABI info - done
[0.344s] -- Check for working CXX compiler: /usr/bin/c++ - skipped
[0.345s] -- Detecting CXX compile features
[0.345s] -- Detecting CXX compile features - done
[0.348s] -- Found ament_cmake: 2.5.4 (/opt/ros/jazzy/share/ament_cmake/cmake)
[0.471s] -- Found Python3: /usr/bin/python3 (found version "3.12.3") found components: Interpreter 
[0.568s] -- Found ament_lint_auto: 0.17.3 (/opt/ros/jazzy/share/ament_lint_auto/cmake)
[0.662s] -- Added test 'copyright' to check source files copyright and LICENSE
[0.665s] -- Added test 'flake8' to check Python code syntax and style conventions
[0.665s] -- Configured 'flake8' exclude dirs and/or files: 
[0.666s] -- Added test 'lint_cmake' to check CMake code style
[0.666s] -- Added test 'pep257' to check Python code against some of the docstring style conventions in PEP 257
[0.668s] -- Added test 'xmllint' to check XML markup files
[0.669s] -- Configuring done (0.6s)
[0.671s] -- Generating done (0.0s)
[0.673s] -- Build files have been written to: /home/artil/ROS/build/limo_gazebo_sim
[0.678s] Invoked command in '/home/artil/ROS/build/limo_gazebo_sim' returned '0': CMAKE_PREFIX_PATH=${CMAKE_PREFIX_PATH}:/opt/ros/jazzy DEBUGINFOD_URLS=https://debuginfod.ubuntu.com /usr/bin/cmake /home/artil/ROS/src/agilex_open_class/limo/limo_gazebo_sim -DCMAKE_INSTALL_PREFIX=/home/artil/ROS/install/limo_gazebo_sim
[0.679s] Invoking command in '/home/artil/ROS/build/limo_gazebo_sim': CMAKE_PREFIX_PATH=${CMAKE_PREFIX_PATH}:/opt/ros/jazzy DEBUGINFOD_URLS=https://debuginfod.ubuntu.com /usr/bin/cmake --build /home/artil/ROS/build/limo_gazebo_sim -- -j16 -l16
[0.717s] Invoked command in '/home/artil/ROS/build/limo_gazebo_sim' returned '0': CMAKE_PREFIX_PATH=${CMAKE_PREFIX_PATH}:/opt/ros/jazzy DEBUGINFOD_URLS=https://debuginfod.ubuntu.com /usr/bin/cmake --build /home/artil/ROS/build/limo_gazebo_sim -- -j16 -l16
[0.729s] Invoking command in '/home/artil/ROS/build/limo_gazebo_sim': CMAKE_PREFIX_PATH=${CMAKE_PREFIX_PATH}:/opt/ros/jazzy DEBUGINFOD_URLS=https://debuginfod.ubuntu.com /usr/bin/cmake --install /home/artil/ROS/build/limo_gazebo_sim
[0.736s] -- Install configuration: ""
[0.736s] -- Installing: /home/artil/ROS/install/limo_gazebo_sim/share/limo_gazebo_sim/launch
[0.737s] -- Installing: /home/artil/ROS/install/limo_gazebo_sim/share/limo_gazebo_sim/launch/limo_ackerman_empty_world.launch.py
[0.737s] -- Installing: /home/artil/ROS/install/limo_gazebo_sim/share/limo_gazebo_sim/launch/limo_ackerman_spawn.launch.py
[0.737s] -- Installing: /home/artil/ROS/install/limo_gazebo_sim/share/limo_gazebo_sim/launch/limo_diff_empty_world.launch.py
[0.737s] -- Installing: /home/artil/ROS/install/limo_gazebo_sim/share/limo_gazebo_sim/launch/limo_diff.launch.py
[0.737s] -- Installing: /home/artil/ROS/install/limo_gazebo_sim/share/limo_gazebo_sim/launch/limo_diff_spawn.launch.py
[0.738s] [31mCMake Error at cmake_install.cmake:46 (file):
[0.738s]   file INSTALL cannot find
[0.739s]   "/home/artil/ROS/src/agilex_open_class/limo/limo_gazebo_sim/rviz": No such
[0.739s]   file or directory.
[0.739s] 
[0.739s] [0m
[0.739s] -- Installing: /home/artil/ROS/install/limo_gazebo_sim/share/limo_gazebo_sim/launch/limo_ackerman.launch.py
[0.739s] Invoked command in '/home/artil/ROS/build/limo_gazebo_sim' returned '1': CMAKE_PREFIX_PATH=${CMAKE_PREFIX_PATH}:/opt/ros/jazzy DEBUGINFOD_URLS=https://debuginfod.ubuntu.com /usr/bin/cmake --install /home/artil/ROS/build/limo_gazebo_sim
