[0.010s] Invoking command in '/home/artil/ROS/build/limo_description': CMAKE_PREFIX_PATH=${CMAKE_PREFIX_PATH}:/opt/ros/jazzy DEBUGINFOD_URLS=https://debuginfod.ubuntu.com /usr/bin/cmake /home/artil/ROS/src/agilex_open_class/limo/limo_description -DCMAKE_INSTALL_PREFIX=/home/artil/ROS/install/limo_description
[0.066s] -- The C compiler identification is GNU 13.3.0
[0.113s] -- The CXX compiler identification is GNU 13.3.0
[0.135s] -- Detecting C compiler ABI info
[0.220s] -- Detecting C compiler ABI info - done
[0.226s] -- Check for working C compiler: /usr/bin/cc - skipped
[0.226s] -- Detecting C compile features
[0.226s] -- Detecting C compile features - done
[0.236s] -- Detecting CXX compiler ABI info
[0.343s] -- Detecting CXX compiler ABI info - done
[0.350s] -- Check for working CXX compiler: /usr/bin/c++ - skipped
[0.350s] -- Detecting CXX compile features
[0.350s] -- Detecting CXX compile features - done
[0.354s] -- Found ament_cmake: 2.5.4 (/opt/ros/jazzy/share/ament_cmake/cmake)
[0.479s] -- Found Python3: /usr/bin/python3 (found version "3.12.3") found components: Interpreter 
[0.575s] -- Found ament_lint_auto: 0.17.3 (/opt/ros/jazzy/share/ament_lint_auto/cmake)
[0.667s] -- Added test 'copyright' to check source files copyright and LICENSE
[0.670s] -- Added test 'flake8' to check Python code syntax and style conventions
[0.670s] -- Configured 'flake8' exclude dirs and/or files: 
[0.670s] -- Added test 'lint_cmake' to check CMake code style
[0.671s] -- Added test 'pep257' to check Python code against some of the docstring style conventions in PEP 257
[0.673s] -- Added test 'xmllint' to check XML markup files
[0.674s] -- Configuring done (0.7s)
[0.676s] -- Generating done (0.0s)
[0.678s] -- Build files have been written to: /home/artil/ROS/build/limo_description
[0.685s] Invoked command in '/home/artil/ROS/build/limo_description' returned '0': CMAKE_PREFIX_PATH=${CMAKE_PREFIX_PATH}:/opt/ros/jazzy DEBUGINFOD_URLS=https://debuginfod.ubuntu.com /usr/bin/cmake /home/artil/ROS/src/agilex_open_class/limo/limo_description -DCMAKE_INSTALL_PREFIX=/home/artil/ROS/install/limo_description
[0.686s] Invoking command in '/home/artil/ROS/build/limo_description': CMAKE_PREFIX_PATH=${CMAKE_PREFIX_PATH}:/opt/ros/jazzy DEBUGINFOD_URLS=https://debuginfod.ubuntu.com /usr/bin/cmake --build /home/artil/ROS/build/limo_description -- -j16 -l16
[0.735s] Invoked command in '/home/artil/ROS/build/limo_description' returned '0': CMAKE_PREFIX_PATH=${CMAKE_PREFIX_PATH}:/opt/ros/jazzy DEBUGINFOD_URLS=https://debuginfod.ubuntu.com /usr/bin/cmake --build /home/artil/ROS/build/limo_description -- -j16 -l16
[0.736s] Invoking command in '/home/artil/ROS/build/limo_description': CMAKE_PREFIX_PATH=${CMAKE_PREFIX_PATH}:/opt/ros/jazzy DEBUGINFOD_URLS=https://debuginfod.ubuntu.com /usr/bin/cmake --install /home/artil/ROS/build/limo_description
[0.745s] -- Install configuration: ""
[0.745s] -- Installing: /home/artil/ROS/install/limo_description/share/limo_description/launch
[0.745s] -- Installing: /home/artil/ROS/install/limo_description/share/limo_description/launch/display_limo_diff.launch.py
[0.745s] -- Installing: /home/artil/ROS/install/limo_description/share/limo_description/launch/display_limo_ackerman.launch.py
[0.746s] -- Installing: /home/artil/ROS/install/limo_description/share/limo_description/meshes
[0.746s] -- Installing: /home/artil/ROS/install/limo_description/share/limo_description/meshes/limo_wheel.stl
[0.750s] -- Installing: /home/artil/ROS/install/limo_description/share/limo_description/meshes/limo_wheel.dae
[0.756s] -- Installing: /home/artil/ROS/install/limo_description/share/limo_description/meshes/limo_base.dae
[0.793s] -- Installing: /home/artil/ROS/install/limo_description/share/limo_description/meshes/limo_base.stl
[0.818s] -- Installing: /home/artil/ROS/install/limo_description/share/limo_description/rviz
[0.819s] -- Installing: /home/artil/ROS/install/limo_description/share/limo_description/rviz/model_display.rviz
[0.819s] -- Installing: /home/artil/ROS/install/limo_description/share/limo_description/urdf
[0.819s] -- Installing: /home/artil/ROS/install/limo_description/share/limo_description/urdf/limo_xacro.xacro
[0.819s] -- Installing: /home/artil/ROS/install/limo_description/share/limo_description/urdf/limo_steering_hinge.xacro
[0.819s] -- Installing: /home/artil/ROS/install/limo_description/share/limo_description/urdf/limo_four_diff.gazebo
[0.819s] -- Installing: /home/artil/ROS/install/limo_description/share/limo_description/urdf/limo_ackerman.gazebo
[0.819s] -- Installing: /home/artil/ROS/install/limo_description/share/limo_description/urdf/limo_ackerman.xacro
[0.819s] -- Installing: /home/artil/ROS/install/limo_description/share/limo_description/urdf/limo_ackerman_gazebo.gazebo
[0.819s] -- Installing: /home/artil/ROS/install/limo_description/share/limo_description/urdf/limo_four_diff.xacro
[0.820s] -- Installing: /home/artil/ROS/install/limo_description/share/limo_description/urdf/limo_gazebo.gazebo
[0.820s] -- Installing: /home/artil/ROS/install/limo_description/share/ament_index/resource_index/package_run_dependencies/limo_description
[0.820s] -- Installing: /home/artil/ROS/install/limo_description/share/ament_index/resource_index/parent_prefix_path/limo_description
[0.820s] -- Installing: /home/artil/ROS/install/limo_description/share/limo_description/environment/ament_prefix_path.sh
[0.820s] -- Installing: /home/artil/ROS/install/limo_description/share/limo_description/environment/ament_prefix_path.dsv
[0.820s] -- Installing: /home/artil/ROS/install/limo_description/share/limo_description/environment/path.sh
[0.820s] -- Installing: /home/artil/ROS/install/limo_description/share/limo_description/environment/path.dsv
[0.820s] -- Installing: /home/artil/ROS/install/limo_description/share/limo_description/local_setup.bash
[0.820s] -- Installing: /home/artil/ROS/install/limo_description/share/limo_description/local_setup.sh
[0.820s] -- Installing: /home/artil/ROS/install/limo_description/share/limo_description/local_setup.zsh
[0.821s] -- Installing: /home/artil/ROS/install/limo_description/share/limo_description/local_setup.dsv
[0.821s] -- Installing: /home/artil/ROS/install/limo_description/share/limo_description/package.dsv
[0.821s] -- Installing: /home/artil/ROS/install/limo_description/share/ament_index/resource_index/packages/limo_description
[0.821s] -- Installing: /home/artil/ROS/install/limo_description/share/limo_description/cmake/limo_descriptionConfig.cmake
[0.821s] -- Installing: /home/artil/ROS/install/limo_description/share/limo_description/cmake/limo_descriptionConfig-version.cmake
[0.821s] -- Installing: /home/artil/ROS/install/limo_description/share/limo_description/package.xml
