[0.008s] Invoking command in '/home/artil/ROS/build/limo_msgs': CMAKE_PREFIX_PATH=${CMAKE_PREFIX_PATH}:/opt/ros/jazzy DEBUGINFOD_URLS=https://debuginfod.ubuntu.com /usr/bin/cmake /home/artil/ROS/src/agilex_open_class/limo/limo_msgs -DCMAKE_INSTALL_PREFIX=/home/artil/ROS/install/limo_msgs
[0.135s] -- The C compiler identification is GNU 13.3.0
[0.254s] -- The CXX compiler identification is GNU 13.3.0
[0.278s] -- Detecting C compiler ABI info
[0.383s] -- Detecting C compiler ABI info - done
[0.389s] -- Check for working C compiler: /usr/bin/cc - skipped
[0.389s] -- Detecting C compile features
[0.389s] -- Detecting C compile features - done
[0.400s] -- Detecting CXX compiler ABI info
[0.494s] -- Detecting CXX compiler ABI info - done
[0.500s] -- Check for working CXX compiler: /usr/bin/c++ - skipped
[0.500s] -- Detecting CXX compile features
[0.501s] -- Detecting CXX compile features - done
[0.504s] -- Found ament_cmake: 2.5.4 (/opt/ros/jazzy/share/ament_cmake/cmake)
[0.631s] -- Found Python3: /usr/bin/python3 (found version "3.12.3") found components: Interpreter 
[0.730s] -- Found std_msgs: 5.3.6 (/opt/ros/jazzy/share/std_msgs/cmake)
[0.768s] -- Found rosidl_generator_c: 4.6.6 (/opt/ros/jazzy/share/rosidl_generator_c/cmake)
[0.783s] -- Found rosidl_generator_cpp: 4.6.6 (/opt/ros/jazzy/share/rosidl_generator_cpp/cmake)
[0.798s] -- Using all available rosidl_typesupport_c: rosidl_typesupport_fastrtps_c;rosidl_typesupport_introspection_c
[0.814s] -- Using all available rosidl_typesupport_cpp: rosidl_typesupport_fastrtps_cpp;rosidl_typesupport_introspection_cpp
[0.844s] -- Found rosidl_default_generators: 1.6.0 (/opt/ros/jazzy/share/rosidl_default_generators/cmake)
[0.861s] -- Found rosidl_adapter: 4.6.6 (/opt/ros/jazzy/share/rosidl_adapter/cmake)
[1.394s] -- Found ament_cmake_ros: 0.12.0 (/opt/ros/jazzy/share/ament_cmake_ros/cmake)
[2.015s] -- Using all available rosidl_typesupport_c: rosidl_typesupport_fastrtps_c;rosidl_typesupport_introspection_c
[2.261s] -- Using all available rosidl_typesupport_cpp: rosidl_typesupport_fastrtps_cpp;rosidl_typesupport_introspection_cpp
[2.264s] -- Found python_cmake_module: 0.11.1 (/opt/ros/jazzy/share/python_cmake_module/cmake)
[2.376s] -- Found PythonExtra: /usr/bin/python3  
[2.810s] -- Found Python3: /usr/bin/python3 (found version "3.12.3") found components: Interpreter Development NumPy Development.Module Development.Embed 
[2.857s] -- Found ament_lint_auto: 0.17.3 (/opt/ros/jazzy/share/ament_lint_auto/cmake)
[2.885s] -- Added test 'copyright' to check source files copyright and LICENSE
[2.887s] -- Added test 'lint_cmake' to check CMake code style
[2.888s] -- Added test 'xmllint' to check XML markup files
[2.891s] -- Configuring done (2.9s)
[2.931s] -- Generating done (0.0s)
[2.941s] -- Build files have been written to: /home/artil/ROS/build/limo_msgs
[2.951s] Invoked command in '/home/artil/ROS/build/limo_msgs' returned '0': CMAKE_PREFIX_PATH=${CMAKE_PREFIX_PATH}:/opt/ros/jazzy DEBUGINFOD_URLS=https://debuginfod.ubuntu.com /usr/bin/cmake /home/artil/ROS/src/agilex_open_class/limo/limo_msgs -DCMAKE_INSTALL_PREFIX=/home/artil/ROS/install/limo_msgs
[2.952s] Invoking command in '/home/artil/ROS/build/limo_msgs': CMAKE_PREFIX_PATH=${CMAKE_PREFIX_PATH}:/opt/ros/jazzy DEBUGINFOD_URLS=https://debuginfod.ubuntu.com /usr/bin/cmake --build /home/artil/ROS/build/limo_msgs -- -j16 -l16
[3.003s] [  1%] [34m[1mGenerating type hashes for ROS interfaces[0m
[3.011s] [  1%] Built target ament_cmake_python_copy_limo_msgs
[3.172s] [  1%] Built target limo_msgs__rosidl_generator_type_description
[3.183s] [  3%] [34m[1mGenerating C code for ROS interfaces[0m
[3.183s] running egg_info
[3.184s] creating limo_msgs.egg-info
[3.196s] [  5%] [34m[1mGenerating C++ code for ROS interfaces[0m
[3.197s] writing limo_msgs.egg-info/PKG-INFO
[3.197s] writing dependency_links to limo_msgs.egg-info/dependency_links.txt
[3.197s] writing top-level names to limo_msgs.egg-info/top_level.txt
[3.197s] writing manifest file 'limo_msgs.egg-info/SOURCES.txt'
[3.249s] reading manifest file 'limo_msgs.egg-info/SOURCES.txt'
[3.249s] writing manifest file 'limo_msgs.egg-info/SOURCES.txt'
[3.271s] [  5%] Built target ament_cmake_python_build_limo_msgs_egg
[3.558s] [  5%] Built target limo_msgs__cpp
[3.588s] [  7%] [32mBuilding C object CMakeFiles/limo_msgs__rosidl_generator_c.dir/rosidl_generator_c/limo_msgs/srv/detail/limo_srv__functions.c.o[0m
[3.588s] [  9%] [32mBuilding C object CMakeFiles/limo_msgs__rosidl_generator_c.dir/rosidl_generator_c/limo_msgs/msg/detail/limo_status__type_support.c.o[0m
[3.589s] [ 11%] [32mBuilding C object CMakeFiles/limo_msgs__rosidl_generator_c.dir/rosidl_generator_c/limo_msgs/action/detail/limo_action__type_support.c.o[0m
[3.590s] [ 12%] [32mBuilding C object CMakeFiles/limo_msgs__rosidl_generator_c.dir/rosidl_generator_c/limo_msgs/srv/detail/limo_srv__description.c.o[0m
[3.590s] [ 14%] [32mBuilding C object CMakeFiles/limo_msgs__rosidl_generator_c.dir/rosidl_generator_c/limo_msgs/msg/detail/limo_status__functions.c.o[0m
[3.590s] [ 16%] [32mBuilding C object CMakeFiles/limo_msgs__rosidl_generator_c.dir/rosidl_generator_c/limo_msgs/msg/detail/limo_status__description.c.o[0m
[3.594s] [ 18%] [32mBuilding C object CMakeFiles/limo_msgs__rosidl_generator_c.dir/rosidl_generator_c/limo_msgs/srv/detail/limo_srv__type_support.c.o[0m
[3.594s] [ 20%] [32mBuilding C object CMakeFiles/limo_msgs__rosidl_generator_c.dir/rosidl_generator_c/limo_msgs/action/detail/limo_action__description.c.o[0m
[3.594s] [ 22%] [32mBuilding C object CMakeFiles/limo_msgs__rosidl_generator_c.dir/rosidl_generator_c/limo_msgs/action/detail/limo_action__functions.c.o[0m
[3.744s] [ 24%] [32m[1mLinking C shared library liblimo_msgs__rosidl_generator_c.so[0m
[3.786s] [ 24%] Built target limo_msgs__rosidl_generator_c
[3.797s] [ 27%] [34m[1mGenerating C type support for eProsima Fast-RTPS[0m
[3.797s] [ 27%] [34m[1mGenerating C++ type support for eProsima Fast-RTPS[0m
[3.797s] [ 29%] [34m[1mGenerating C introspection for ROS interfaces[0m
[3.797s] [ 31%] [34m[1mGenerating C++ type support dispatch for ROS interfaces[0m
[3.798s] [ 33%] [34m[1mGenerating C type support dispatch for ROS interfaces[0m
[3.801s] [ 35%] [34m[1mGenerating C++ introspection for ROS interfaces[0m
[4.058s] [ 37%] [32mBuilding CXX object CMakeFiles/limo_msgs__rosidl_typesupport_c.dir/rosidl_typesupport_c/limo_msgs/srv/limo_srv__type_support.cpp.o[0m
[4.059s] [ 38%] [32mBuilding CXX object CMakeFiles/limo_msgs__rosidl_typesupport_c.dir/rosidl_typesupport_c/limo_msgs/msg/limo_status__type_support.cpp.o[0m
[4.067s] [ 40%] [32mBuilding CXX object CMakeFiles/limo_msgs__rosidl_typesupport_c.dir/rosidl_typesupport_c/limo_msgs/action/limo_action__type_support.cpp.o[0m
[4.089s] [ 42%] [32mBuilding CXX object CMakeFiles/limo_msgs__rosidl_typesupport_cpp.dir/rosidl_typesupport_cpp/limo_msgs/action/limo_action__type_support.cpp.o[0m
[4.091s] [ 44%] [32mBuilding CXX object CMakeFiles/limo_msgs__rosidl_typesupport_cpp.dir/rosidl_typesupport_cpp/limo_msgs/msg/limo_status__type_support.cpp.o[0m
[4.093s] [ 46%] [32mBuilding CXX object CMakeFiles/limo_msgs__rosidl_typesupport_cpp.dir/rosidl_typesupport_cpp/limo_msgs/srv/limo_srv__type_support.cpp.o[0m
[4.114s] [ 48%] [32mBuilding CXX object CMakeFiles/limo_msgs__rosidl_typesupport_introspection_cpp.dir/rosidl_typesupport_introspection_cpp/limo_msgs/msg/detail/limo_status__type_support.cpp.o[0m
[4.120s] [ 50%] [32mBuilding CXX object CMakeFiles/limo_msgs__rosidl_typesupport_introspection_cpp.dir/rosidl_typesupport_introspection_cpp/limo_msgs/action/detail/limo_action__type_support.cpp.o[0m
[4.121s] [ 51%] [32mBuilding CXX object CMakeFiles/limo_msgs__rosidl_typesupport_introspection_cpp.dir/rosidl_typesupport_introspection_cpp/limo_msgs/srv/detail/limo_srv__type_support.cpp.o[0m
[4.143s] [ 53%] [32m[1mLinking CXX shared library liblimo_msgs__rosidl_typesupport_c.so[0m
[4.170s] [ 55%] [32mBuilding C object CMakeFiles/limo_msgs__rosidl_typesupport_introspection_c.dir/rosidl_typesupport_introspection_c/limo_msgs/msg/detail/limo_status__type_support.c.o[0m
[4.172s] [ 57%] [32mBuilding C object CMakeFiles/limo_msgs__rosidl_typesupport_introspection_c.dir/rosidl_typesupport_introspection_c/limo_msgs/srv/detail/limo_srv__type_support.c.o[0m
[4.173s] [ 59%] [32mBuilding C object CMakeFiles/limo_msgs__rosidl_typesupport_introspection_c.dir/rosidl_typesupport_introspection_c/limo_msgs/action/detail/limo_action__type_support.c.o[0m
[4.194s] [ 59%] Built target limo_msgs__rosidl_typesupport_c
[4.260s] [ 61%] [32m[1mLinking C shared library liblimo_msgs__rosidl_typesupport_introspection_c.so[0m
[4.306s] [ 61%] Built target limo_msgs__rosidl_typesupport_introspection_c
[4.343s] [ 64%] [32mBuilding CXX object CMakeFiles/limo_msgs__rosidl_typesupport_fastrtps_cpp.dir/rosidl_typesupport_fastrtps_cpp/limo_msgs/msg/detail/dds_fastrtps/limo_status__type_support.cpp.o[0m
[4.343s] [ 64%] [32mBuilding CXX object CMakeFiles/limo_msgs__rosidl_typesupport_fastrtps_cpp.dir/rosidl_typesupport_fastrtps_cpp/limo_msgs/srv/detail/dds_fastrtps/limo_srv__type_support.cpp.o[0m
[4.346s] [ 66%] [32mBuilding CXX object CMakeFiles/limo_msgs__rosidl_typesupport_fastrtps_cpp.dir/rosidl_typesupport_fastrtps_cpp/limo_msgs/action/detail/dds_fastrtps/limo_action__type_support.cpp.o[0m
[4.348s] [ 68%] [32mBuilding CXX object CMakeFiles/limo_msgs__rosidl_typesupport_fastrtps_c.dir/rosidl_typesupport_fastrtps_c/limo_msgs/srv/detail/limo_srv__type_support_c.cpp.o[0m
[4.351s] [ 70%] [32mBuilding CXX object CMakeFiles/limo_msgs__rosidl_typesupport_fastrtps_c.dir/rosidl_typesupport_fastrtps_c/limo_msgs/action/detail/limo_action__type_support_c.cpp.o[0m
[4.353s] [ 72%] [32mBuilding CXX object CMakeFiles/limo_msgs__rosidl_typesupport_fastrtps_c.dir/rosidl_typesupport_fastrtps_c/limo_msgs/msg/detail/limo_status__type_support_c.cpp.o[0m
[4.746s] [ 74%] [32m[1mLinking CXX shared library liblimo_msgs__rosidl_typesupport_cpp.so[0m
[4.845s] [ 74%] Built target limo_msgs__rosidl_typesupport_cpp
[4.866s] [ 75%] [32m[1mLinking CXX shared library liblimo_msgs__rosidl_typesupport_introspection_cpp.so[0m
[4.873s] [ 77%] [32m[1mLinking CXX shared library liblimo_msgs__rosidl_typesupport_fastrtps_c.so[0m
[4.923s] [ 77%] Built target limo_msgs__rosidl_typesupport_fastrtps_c
[4.939s] [ 77%] Built target limo_msgs__rosidl_typesupport_introspection_cpp
[5.186s] [ 79%] [32m[1mLinking CXX shared library liblimo_msgs__rosidl_typesupport_fastrtps_cpp.so[0m
[5.258s] [ 79%] Built target limo_msgs__rosidl_typesupport_fastrtps_cpp
[5.279s] [ 79%] Built target limo_msgs
[5.300s] [ 81%] [34m[1mGenerating Python code for ROS interfaces[0m
[5.817s] [ 81%] Built target limo_msgs__py
[5.840s] [ 83%] [32mBuilding C object CMakeFiles/limo_msgs__rosidl_generator_py.dir/rosidl_generator_py/limo_msgs/msg/_limo_status_s.c.o[0m
[5.841s] [ 85%] [32mBuilding C object CMakeFiles/limo_msgs__rosidl_generator_py.dir/rosidl_generator_py/limo_msgs/action/_limo_action_s.c.o[0m
[5.841s] [ 87%] [32mBuilding C object CMakeFiles/limo_msgs__rosidl_generator_py.dir/rosidl_generator_py/limo_msgs/srv/_limo_srv_s.c.o[0m
[6.059s] [ 88%] [32m[1mLinking C shared library liblimo_msgs__rosidl_generator_py.so[0m
[6.108s] [ 88%] Built target limo_msgs__rosidl_generator_py
[6.131s] [ 94%] [32mBuilding C object CMakeFiles/limo_msgs_s__rosidl_typesupport_fastrtps_c.dir/rosidl_generator_py/limo_msgs/_limo_msgs_s.ep.rosidl_typesupport_fastrtps_c.c.o[0m
[6.131s] [ 94%] [32mBuilding C object CMakeFiles/limo_msgs_s__rosidl_typesupport_c.dir/rosidl_generator_py/limo_msgs/_limo_msgs_s.ep.rosidl_typesupport_c.c.o[0m
[6.131s] [ 94%] [32mBuilding C object CMakeFiles/limo_msgs_s__rosidl_typesupport_introspection_c.dir/rosidl_generator_py/limo_msgs/_limo_msgs_s.ep.rosidl_typesupport_introspection_c.c.o[0m
[6.239s] [ 96%] [32m[1mLinking C shared module rosidl_generator_py/limo_msgs/limo_msgs_s__rosidl_typesupport_introspection_c.so[0m
[6.240s] [ 98%] [32m[1mLinking C shared module rosidl_generator_py/limo_msgs/limo_msgs_s__rosidl_typesupport_fastrtps_c.so[0m
[6.243s] [100%] [32m[1mLinking C shared module rosidl_generator_py/limo_msgs/limo_msgs_s__rosidl_typesupport_c.so[0m
[6.273s] [100%] Built target limo_msgs_s__rosidl_typesupport_introspection_c
[6.276s] [100%] Built target limo_msgs_s__rosidl_typesupport_fastrtps_c
[6.277s] [100%] Built target limo_msgs_s__rosidl_typesupport_c
[6.287s] Invoked command in '/home/artil/ROS/build/limo_msgs' returned '0': CMAKE_PREFIX_PATH=${CMAKE_PREFIX_PATH}:/opt/ros/jazzy DEBUGINFOD_URLS=https://debuginfod.ubuntu.com /usr/bin/cmake --build /home/artil/ROS/build/limo_msgs -- -j16 -l16
[6.297s] Invoking command in '/home/artil/ROS/build/limo_msgs': CMAKE_PREFIX_PATH=${CMAKE_PREFIX_PATH}:/opt/ros/jazzy DEBUGINFOD_URLS=https://debuginfod.ubuntu.com /usr/bin/cmake --install /home/artil/ROS/build/limo_msgs
[6.305s] -- Install configuration: ""
[6.305s] -- Installing: /home/artil/ROS/install/limo_msgs/share/ament_index/resource_index/rosidl_interfaces/limo_msgs
[6.305s] -- Installing: /home/artil/ROS/install/limo_msgs/share/limo_msgs/msg/LimoStatus.json
[6.305s] -- Installing: /home/artil/ROS/install/limo_msgs/share/limo_msgs/srv/LimoSrv.json
[6.306s] -- Installing: /home/artil/ROS/install/limo_msgs/share/limo_msgs/action/LimoAction.json
[6.306s] -- Installing: /home/artil/ROS/install/limo_msgs/include/limo_msgs/limo_msgs
[6.306s] -- Installing: /home/artil/ROS/install/limo_msgs/include/limo_msgs/limo_msgs/srv
[6.306s] -- Installing: /home/artil/ROS/install/limo_msgs/include/limo_msgs/limo_msgs/srv/detail
[6.306s] -- Installing: /home/artil/ROS/install/limo_msgs/include/limo_msgs/limo_msgs/srv/detail/limo_srv__functions.h
[6.306s] -- Installing: /home/artil/ROS/install/limo_msgs/include/limo_msgs/limo_msgs/srv/detail/limo_srv__functions.c
[6.306s] -- Installing: /home/artil/ROS/install/limo_msgs/include/limo_msgs/limo_msgs/srv/detail/limo_srv__struct.h
[6.306s] -- Installing: /home/artil/ROS/install/limo_msgs/include/limo_msgs/limo_msgs/srv/detail/limo_srv__type_support.h
[6.306s] -- Installing: /home/artil/ROS/install/limo_msgs/include/limo_msgs/limo_msgs/srv/detail/limo_srv__description.c
[6.306s] -- Installing: /home/artil/ROS/install/limo_msgs/include/limo_msgs/limo_msgs/srv/detail/limo_srv__type_support.c
[6.307s] -- Installing: /home/artil/ROS/install/limo_msgs/include/limo_msgs/limo_msgs/srv/limo_srv.h
[6.307s] -- Installing: /home/artil/ROS/install/limo_msgs/include/limo_msgs/limo_msgs/action
[6.307s] -- Installing: /home/artil/ROS/install/limo_msgs/include/limo_msgs/limo_msgs/action/detail
[6.307s] -- Installing: /home/artil/ROS/install/limo_msgs/include/limo_msgs/limo_msgs/action/detail/limo_action__functions.h
[6.307s] -- Installing: /home/artil/ROS/install/limo_msgs/include/limo_msgs/limo_msgs/action/detail/limo_action__functions.c
[6.307s] -- Installing: /home/artil/ROS/install/limo_msgs/include/limo_msgs/limo_msgs/action/detail/limo_action__struct.h
[6.307s] -- Installing: /home/artil/ROS/install/limo_msgs/include/limo_msgs/limo_msgs/action/detail/limo_action__type_support.c
[6.307s] -- Installing: /home/artil/ROS/install/limo_msgs/include/limo_msgs/limo_msgs/action/detail/limo_action__type_support.h
[6.307s] -- Installing: /home/artil/ROS/install/limo_msgs/include/limo_msgs/limo_msgs/action/detail/limo_action__description.c
[6.307s] -- Installing: /home/artil/ROS/install/limo_msgs/include/limo_msgs/limo_msgs/action/limo_action.h
[6.308s] -- Installing: /home/artil/ROS/install/limo_msgs/include/limo_msgs/limo_msgs/msg
[6.308s] -- Installing: /home/artil/ROS/install/limo_msgs/include/limo_msgs/limo_msgs/msg/rosidl_generator_c__visibility_control.h
[6.308s] -- Installing: /home/artil/ROS/install/limo_msgs/include/limo_msgs/limo_msgs/msg/detail
[6.308s] -- Installing: /home/artil/ROS/install/limo_msgs/include/limo_msgs/limo_msgs/msg/detail/limo_status__type_support.h
[6.308s] -- Installing: /home/artil/ROS/install/limo_msgs/include/limo_msgs/limo_msgs/msg/detail/limo_status__description.c
[6.308s] -- Installing: /home/artil/ROS/install/limo_msgs/include/limo_msgs/limo_msgs/msg/detail/limo_status__type_support.c
[6.308s] -- Installing: /home/artil/ROS/install/limo_msgs/include/limo_msgs/limo_msgs/msg/detail/limo_status__functions.c
[6.308s] -- Installing: /home/artil/ROS/install/limo_msgs/include/limo_msgs/limo_msgs/msg/detail/limo_status__struct.h
[6.309s] -- Installing: /home/artil/ROS/install/limo_msgs/include/limo_msgs/limo_msgs/msg/detail/limo_status__functions.h
[6.309s] -- Installing: /home/artil/ROS/install/limo_msgs/include/limo_msgs/limo_msgs/msg/limo_status.h
[6.309s] -- Installing: /home/artil/ROS/install/limo_msgs/share/limo_msgs/environment/library_path.sh
[6.309s] -- Installing: /home/artil/ROS/install/limo_msgs/share/limo_msgs/environment/library_path.dsv
[6.309s] -- Installing: /home/artil/ROS/install/limo_msgs/lib/liblimo_msgs__rosidl_generator_c.so
[6.309s] -- Set non-toolchain portion of runtime path of "/home/artil/ROS/install/limo_msgs/lib/liblimo_msgs__rosidl_generator_c.so" to ""
[6.309s] -- Up-to-date: /home/artil/ROS/install/limo_msgs/include/limo_msgs/limo_msgs
[6.309s] -- Up-to-date: /home/artil/ROS/install/limo_msgs/include/limo_msgs/limo_msgs/srv
[6.310s] -- Up-to-date: /home/artil/ROS/install/limo_msgs/include/limo_msgs/limo_msgs/srv/detail
[6.310s] -- Installing: /home/artil/ROS/install/limo_msgs/include/limo_msgs/limo_msgs/srv/detail/limo_srv__rosidl_typesupport_fastrtps_c.h
[6.310s] -- Up-to-date: /home/artil/ROS/install/limo_msgs/include/limo_msgs/limo_msgs/action
[6.310s] -- Up-to-date: /home/artil/ROS/install/limo_msgs/include/limo_msgs/limo_msgs/action/detail
[6.310s] -- Installing: /home/artil/ROS/install/limo_msgs/include/limo_msgs/limo_msgs/action/detail/limo_action__rosidl_typesupport_fastrtps_c.h
[6.310s] -- Up-to-date: /home/artil/ROS/install/limo_msgs/include/limo_msgs/limo_msgs/msg
[6.310s] -- Installing: /home/artil/ROS/install/limo_msgs/include/limo_msgs/limo_msgs/msg/rosidl_typesupport_fastrtps_c__visibility_control.h
[6.310s] -- Up-to-date: /home/artil/ROS/install/limo_msgs/include/limo_msgs/limo_msgs/msg/detail
[6.310s] -- Installing: /home/artil/ROS/install/limo_msgs/include/limo_msgs/limo_msgs/msg/detail/limo_status__rosidl_typesupport_fastrtps_c.h
[6.311s] -- Installing: /home/artil/ROS/install/limo_msgs/lib/liblimo_msgs__rosidl_typesupport_fastrtps_c.so
[6.311s] -- Set non-toolchain portion of runtime path of "/home/artil/ROS/install/limo_msgs/lib/liblimo_msgs__rosidl_typesupport_fastrtps_c.so" to ""
[6.311s] -- Up-to-date: /home/artil/ROS/install/limo_msgs/include/limo_msgs/limo_msgs
[6.311s] -- Up-to-date: /home/artil/ROS/install/limo_msgs/include/limo_msgs/limo_msgs/srv
[6.311s] -- Installing: /home/artil/ROS/install/limo_msgs/include/limo_msgs/limo_msgs/srv/limo_srv.hpp
[6.311s] -- Up-to-date: /home/artil/ROS/install/limo_msgs/include/limo_msgs/limo_msgs/srv/detail
[6.311s] -- Installing: /home/artil/ROS/install/limo_msgs/include/limo_msgs/limo_msgs/srv/detail/limo_srv__traits.hpp
[6.312s] -- Installing: /home/artil/ROS/install/limo_msgs/include/limo_msgs/limo_msgs/srv/detail/limo_srv__type_support.hpp
[6.312s] -- Installing: /home/artil/ROS/install/limo_msgs/include/limo_msgs/limo_msgs/srv/detail/limo_srv__struct.hpp
[6.312s] -- Installing: /home/artil/ROS/install/limo_msgs/include/limo_msgs/limo_msgs/srv/detail/limo_srv__builder.hpp
[6.312s] -- Up-to-date: /home/artil/ROS/install/limo_msgs/include/limo_msgs/limo_msgs/action
[6.312s] -- Up-to-date: /home/artil/ROS/install/limo_msgs/include/limo_msgs/limo_msgs/action/detail
[6.312s] -- Installing: /home/artil/ROS/install/limo_msgs/include/limo_msgs/limo_msgs/action/detail/limo_action__type_support.hpp
[6.312s] -- Installing: /home/artil/ROS/install/limo_msgs/include/limo_msgs/limo_msgs/action/detail/limo_action__traits.hpp
[6.312s] -- Installing: /home/artil/ROS/install/limo_msgs/include/limo_msgs/limo_msgs/action/detail/limo_action__struct.hpp
[6.312s] -- Installing: /home/artil/ROS/install/limo_msgs/include/limo_msgs/limo_msgs/action/detail/limo_action__builder.hpp
[6.312s] -- Installing: /home/artil/ROS/install/limo_msgs/include/limo_msgs/limo_msgs/action/limo_action.hpp
[6.313s] -- Up-to-date: /home/artil/ROS/install/limo_msgs/include/limo_msgs/limo_msgs/msg
[6.313s] -- Up-to-date: /home/artil/ROS/install/limo_msgs/include/limo_msgs/limo_msgs/msg/detail
[6.313s] -- Installing: /home/artil/ROS/install/limo_msgs/include/limo_msgs/limo_msgs/msg/detail/limo_status__type_support.hpp
[6.313s] -- Installing: /home/artil/ROS/install/limo_msgs/include/limo_msgs/limo_msgs/msg/detail/limo_status__traits.hpp
[6.313s] -- Installing: /home/artil/ROS/install/limo_msgs/include/limo_msgs/limo_msgs/msg/detail/limo_status__builder.hpp
[6.313s] -- Installing: /home/artil/ROS/install/limo_msgs/include/limo_msgs/limo_msgs/msg/detail/limo_status__struct.hpp
[6.313s] -- Installing: /home/artil/ROS/install/limo_msgs/include/limo_msgs/limo_msgs/msg/rosidl_generator_cpp__visibility_control.hpp
[6.313s] -- Installing: /home/artil/ROS/install/limo_msgs/include/limo_msgs/limo_msgs/msg/limo_status.hpp
[6.313s] -- Up-to-date: /home/artil/ROS/install/limo_msgs/include/limo_msgs/limo_msgs
[6.313s] -- Up-to-date: /home/artil/ROS/install/limo_msgs/include/limo_msgs/limo_msgs/srv
[6.314s] -- Up-to-date: /home/artil/ROS/install/limo_msgs/include/limo_msgs/limo_msgs/srv/detail
[6.314s] -- Installing: /home/artil/ROS/install/limo_msgs/include/limo_msgs/limo_msgs/srv/detail/limo_srv__rosidl_typesupport_fastrtps_cpp.hpp
[6.314s] -- Installing: /home/artil/ROS/install/limo_msgs/include/limo_msgs/limo_msgs/srv/detail/dds_fastrtps
[6.314s] -- Up-to-date: /home/artil/ROS/install/limo_msgs/include/limo_msgs/limo_msgs/action
[6.314s] -- Up-to-date: /home/artil/ROS/install/limo_msgs/include/limo_msgs/limo_msgs/action/detail
[6.314s] -- Installing: /home/artil/ROS/install/limo_msgs/include/limo_msgs/limo_msgs/action/detail/limo_action__rosidl_typesupport_fastrtps_cpp.hpp
[6.314s] -- Installing: /home/artil/ROS/install/limo_msgs/include/limo_msgs/limo_msgs/action/detail/dds_fastrtps
[6.314s] -- Up-to-date: /home/artil/ROS/install/limo_msgs/include/limo_msgs/limo_msgs/msg
[6.314s] -- Up-to-date: /home/artil/ROS/install/limo_msgs/include/limo_msgs/limo_msgs/msg/detail
[6.315s] -- Installing: /home/artil/ROS/install/limo_msgs/include/limo_msgs/limo_msgs/msg/detail/dds_fastrtps
[6.315s] -- Installing: /home/artil/ROS/install/limo_msgs/include/limo_msgs/limo_msgs/msg/detail/limo_status__rosidl_typesupport_fastrtps_cpp.hpp
[6.315s] -- Installing: /home/artil/ROS/install/limo_msgs/include/limo_msgs/limo_msgs/msg/rosidl_typesupport_fastrtps_cpp__visibility_control.h
[6.315s] -- Installing: /home/artil/ROS/install/limo_msgs/lib/liblimo_msgs__rosidl_typesupport_fastrtps_cpp.so
[6.315s] -- Set non-toolchain portion of runtime path of "/home/artil/ROS/install/limo_msgs/lib/liblimo_msgs__rosidl_typesupport_fastrtps_cpp.so" to ""
[6.315s] -- Up-to-date: /home/artil/ROS/install/limo_msgs/include/limo_msgs/limo_msgs
[6.315s] -- Up-to-date: /home/artil/ROS/install/limo_msgs/include/limo_msgs/limo_msgs/srv
[6.315s] -- Up-to-date: /home/artil/ROS/install/limo_msgs/include/limo_msgs/limo_msgs/srv/detail
[6.315s] -- Installing: /home/artil/ROS/install/limo_msgs/include/limo_msgs/limo_msgs/srv/detail/limo_srv__rosidl_typesupport_introspection_c.h
[6.316s] -- Installing: /home/artil/ROS/install/limo_msgs/include/limo_msgs/limo_msgs/srv/detail/limo_srv__type_support.c
[6.316s] -- Up-to-date: /home/artil/ROS/install/limo_msgs/include/limo_msgs/limo_msgs/action
[6.316s] -- Up-to-date: /home/artil/ROS/install/limo_msgs/include/limo_msgs/limo_msgs/action/detail
[6.316s] -- Installing: /home/artil/ROS/install/limo_msgs/include/limo_msgs/limo_msgs/action/detail/limo_action__rosidl_typesupport_introspection_c.h
[6.316s] -- Installing: /home/artil/ROS/install/limo_msgs/include/limo_msgs/limo_msgs/action/detail/limo_action__type_support.c
[6.316s] -- Up-to-date: /home/artil/ROS/install/limo_msgs/include/limo_msgs/limo_msgs/msg
[6.316s] -- Up-to-date: /home/artil/ROS/install/limo_msgs/include/limo_msgs/limo_msgs/msg/detail
[6.317s] -- Installing: /home/artil/ROS/install/limo_msgs/include/limo_msgs/limo_msgs/msg/detail/limo_status__rosidl_typesupport_introspection_c.h
[6.317s] -- Installing: /home/artil/ROS/install/limo_msgs/include/limo_msgs/limo_msgs/msg/detail/limo_status__type_support.c
[6.317s] -- Installing: /home/artil/ROS/install/limo_msgs/include/limo_msgs/limo_msgs/msg/rosidl_typesupport_introspection_c__visibility_control.h
[6.317s] -- Installing: /home/artil/ROS/install/limo_msgs/lib/liblimo_msgs__rosidl_typesupport_introspection_c.so
[6.317s] -- Set non-toolchain portion of runtime path of "/home/artil/ROS/install/limo_msgs/lib/liblimo_msgs__rosidl_typesupport_introspection_c.so" to ""
[6.317s] -- Installing: /home/artil/ROS/install/limo_msgs/lib/liblimo_msgs__rosidl_typesupport_c.so
[6.317s] -- Set non-toolchain portion of runtime path of "/home/artil/ROS/install/limo_msgs/lib/liblimo_msgs__rosidl_typesupport_c.so" to ""
[6.317s] -- Up-to-date: /home/artil/ROS/install/limo_msgs/include/limo_msgs/limo_msgs
[6.317s] -- Up-to-date: /home/artil/ROS/install/limo_msgs/include/limo_msgs/limo_msgs/srv
[6.317s] -- Up-to-date: /home/artil/ROS/install/limo_msgs/include/limo_msgs/limo_msgs/srv/detail
[6.317s] -- Installing: /home/artil/ROS/install/limo_msgs/include/limo_msgs/limo_msgs/srv/detail/limo_srv__type_support.cpp
[6.317s] -- Installing: /home/artil/ROS/install/limo_msgs/include/limo_msgs/limo_msgs/srv/detail/limo_srv__rosidl_typesupport_introspection_cpp.hpp
[6.317s] -- Up-to-date: /home/artil/ROS/install/limo_msgs/include/limo_msgs/limo_msgs/action
[6.317s] -- Up-to-date: /home/artil/ROS/install/limo_msgs/include/limo_msgs/limo_msgs/action/detail
[6.318s] -- Installing: /home/artil/ROS/install/limo_msgs/include/limo_msgs/limo_msgs/action/detail/limo_action__rosidl_typesupport_introspection_cpp.hpp
[6.318s] -- Installing: /home/artil/ROS/install/limo_msgs/include/limo_msgs/limo_msgs/action/detail/limo_action__type_support.cpp
[6.318s] -- Up-to-date: /home/artil/ROS/install/limo_msgs/include/limo_msgs/limo_msgs/msg
[6.318s] -- Up-to-date: /home/artil/ROS/install/limo_msgs/include/limo_msgs/limo_msgs/msg/detail
[6.318s] -- Installing: /home/artil/ROS/install/limo_msgs/include/limo_msgs/limo_msgs/msg/detail/limo_status__type_support.cpp
[6.318s] -- Installing: /home/artil/ROS/install/limo_msgs/include/limo_msgs/limo_msgs/msg/detail/limo_status__rosidl_typesupport_introspection_cpp.hpp
[6.318s] -- Installing: /home/artil/ROS/install/limo_msgs/lib/liblimo_msgs__rosidl_typesupport_introspection_cpp.so
[6.318s] -- Set non-toolchain portion of runtime path of "/home/artil/ROS/install/limo_msgs/lib/liblimo_msgs__rosidl_typesupport_introspection_cpp.so" to ""
[6.318s] -- Installing: /home/artil/ROS/install/limo_msgs/lib/liblimo_msgs__rosidl_typesupport_cpp.so
[6.318s] -- Set non-toolchain portion of runtime path of "/home/artil/ROS/install/limo_msgs/lib/liblimo_msgs__rosidl_typesupport_cpp.so" to ""
[6.319s] -- Installing: /home/artil/ROS/install/limo_msgs/share/limo_msgs/environment/pythonpath.sh
[6.319s] -- Installing: /home/artil/ROS/install/limo_msgs/share/limo_msgs/environment/pythonpath.dsv
[6.319s] -- Installing: /home/artil/ROS/install/limo_msgs/lib/python3.12/site-packages/limo_msgs-0.0.0-py3.12.egg-info
[6.319s] -- Installing: /home/artil/ROS/install/limo_msgs/lib/python3.12/site-packages/limo_msgs-0.0.0-py3.12.egg-info/SOURCES.txt
[6.319s] -- Installing: /home/artil/ROS/install/limo_msgs/lib/python3.12/site-packages/limo_msgs-0.0.0-py3.12.egg-info/PKG-INFO
[6.319s] -- Installing: /home/artil/ROS/install/limo_msgs/lib/python3.12/site-packages/limo_msgs-0.0.0-py3.12.egg-info/top_level.txt
[6.319s] -- Installing: /home/artil/ROS/install/limo_msgs/lib/python3.12/site-packages/limo_msgs-0.0.0-py3.12.egg-info/dependency_links.txt
[6.319s] -- Installing: /home/artil/ROS/install/limo_msgs/lib/python3.12/site-packages/limo_msgs
[6.319s] -- Installing: /home/artil/ROS/install/limo_msgs/lib/python3.12/site-packages/limo_msgs/_limo_msgs_s.ep.rosidl_typesupport_fastrtps_c.c
[6.319s] -- Installing: /home/artil/ROS/install/limo_msgs/lib/python3.12/site-packages/limo_msgs/srv
[6.319s] -- Installing: /home/artil/ROS/install/limo_msgs/lib/python3.12/site-packages/limo_msgs/srv/_limo_srv_s.c
[6.320s] -- Installing: /home/artil/ROS/install/limo_msgs/lib/python3.12/site-packages/limo_msgs/srv/__init__.py
[6.320s] -- Installing: /home/artil/ROS/install/limo_msgs/lib/python3.12/site-packages/limo_msgs/srv/_limo_srv.py
[6.320s] -- Installing: /home/artil/ROS/install/limo_msgs/lib/python3.12/site-packages/limo_msgs/__init__.py
[6.320s] -- Installing: /home/artil/ROS/install/limo_msgs/lib/python3.12/site-packages/limo_msgs/limo_msgs_s__rosidl_typesupport_introspection_c.so
[6.320s] -- Installing: /home/artil/ROS/install/limo_msgs/lib/python3.12/site-packages/limo_msgs/action
[6.320s] -- Installing: /home/artil/ROS/install/limo_msgs/lib/python3.12/site-packages/limo_msgs/action/__init__.py
[6.320s] -- Installing: /home/artil/ROS/install/limo_msgs/lib/python3.12/site-packages/limo_msgs/action/_limo_action.py
[6.320s] -- Installing: /home/artil/ROS/install/limo_msgs/lib/python3.12/site-packages/limo_msgs/action/_limo_action_s.c
[6.320s] -- Installing: /home/artil/ROS/install/limo_msgs/lib/python3.12/site-packages/limo_msgs/_limo_msgs_s.ep.rosidl_typesupport_c.c
[6.320s] -- Installing: /home/artil/ROS/install/limo_msgs/lib/python3.12/site-packages/limo_msgs/msg
[6.321s] -- Installing: /home/artil/ROS/install/limo_msgs/lib/python3.12/site-packages/limo_msgs/msg/__init__.py
[6.321s] -- Installing: /home/artil/ROS/install/limo_msgs/lib/python3.12/site-packages/limo_msgs/msg/_limo_status.py
[6.321s] -- Installing: /home/artil/ROS/install/limo_msgs/lib/python3.12/site-packages/limo_msgs/msg/_limo_status_s.c
[6.321s] -- Installing: /home/artil/ROS/install/limo_msgs/lib/python3.12/site-packages/limo_msgs/_limo_msgs_s.ep.rosidl_typesupport_introspection_c.c
[6.321s] -- Installing: /home/artil/ROS/install/limo_msgs/lib/python3.12/site-packages/limo_msgs/limo_msgs_s__rosidl_typesupport_fastrtps_c.so
[6.321s] -- Installing: /home/artil/ROS/install/limo_msgs/lib/python3.12/site-packages/limo_msgs/limo_msgs_s__rosidl_typesupport_c.so
[6.365s] Listing '/home/artil/ROS/install/limo_msgs/lib/python3.12/site-packages/limo_msgs'...
[6.365s] Compiling '/home/artil/ROS/install/limo_msgs/lib/python3.12/site-packages/limo_msgs/__init__.py'...
[6.365s] Listing '/home/artil/ROS/install/limo_msgs/lib/python3.12/site-packages/limo_msgs/action'...
[6.365s] Compiling '/home/artil/ROS/install/limo_msgs/lib/python3.12/site-packages/limo_msgs/action/__init__.py'...
[6.365s] Compiling '/home/artil/ROS/install/limo_msgs/lib/python3.12/site-packages/limo_msgs/action/_limo_action.py'...
[6.365s] Listing '/home/artil/ROS/install/limo_msgs/lib/python3.12/site-packages/limo_msgs/msg'...
[6.365s] Compiling '/home/artil/ROS/install/limo_msgs/lib/python3.12/site-packages/limo_msgs/msg/__init__.py'...
[6.365s] Compiling '/home/artil/ROS/install/limo_msgs/lib/python3.12/site-packages/limo_msgs/msg/_limo_status.py'...
[6.365s] Listing '/home/artil/ROS/install/limo_msgs/lib/python3.12/site-packages/limo_msgs/srv'...
[6.365s] Compiling '/home/artil/ROS/install/limo_msgs/lib/python3.12/site-packages/limo_msgs/srv/__init__.py'...
[6.365s] Compiling '/home/artil/ROS/install/limo_msgs/lib/python3.12/site-packages/limo_msgs/srv/_limo_srv.py'...
[6.369s] -- Installing: /home/artil/ROS/install/limo_msgs/lib/python3.12/site-packages/limo_msgs/limo_msgs_s__rosidl_typesupport_fastrtps_c.so
[6.370s] -- Set non-toolchain portion of runtime path of "/home/artil/ROS/install/limo_msgs/lib/python3.12/site-packages/limo_msgs/limo_msgs_s__rosidl_typesupport_fastrtps_c.so" to ""
[6.370s] -- Installing: /home/artil/ROS/install/limo_msgs/lib/python3.12/site-packages/limo_msgs/limo_msgs_s__rosidl_typesupport_introspection_c.so
[6.371s] -- Set non-toolchain portion of runtime path of "/home/artil/ROS/install/limo_msgs/lib/python3.12/site-packages/limo_msgs/limo_msgs_s__rosidl_typesupport_introspection_c.so" to ""
[6.371s] -- Installing: /home/artil/ROS/install/limo_msgs/lib/python3.12/site-packages/limo_msgs/limo_msgs_s__rosidl_typesupport_c.so
[6.371s] -- Set non-toolchain portion of runtime path of "/home/artil/ROS/install/limo_msgs/lib/python3.12/site-packages/limo_msgs/limo_msgs_s__rosidl_typesupport_c.so" to ""
[6.371s] -- Installing: /home/artil/ROS/install/limo_msgs/lib/liblimo_msgs__rosidl_generator_py.so
[6.371s] -- Set non-toolchain portion of runtime path of "/home/artil/ROS/install/limo_msgs/lib/liblimo_msgs__rosidl_generator_py.so" to ""
[6.371s] -- Installing: /home/artil/ROS/install/limo_msgs/share/limo_msgs/msg/LimoStatus.idl
[6.371s] -- Installing: /home/artil/ROS/install/limo_msgs/share/limo_msgs/srv/LimoSrv.idl
[6.372s] -- Installing: /home/artil/ROS/install/limo_msgs/share/limo_msgs/action/LimoAction.idl
[6.372s] -- Installing: /home/artil/ROS/install/limo_msgs/share/limo_msgs/msg/LimoStatus.msg
[6.372s] -- Installing: /home/artil/ROS/install/limo_msgs/share/limo_msgs/srv/LimoSrv.srv
[6.372s] -- Installing: /home/artil/ROS/install/limo_msgs/share/limo_msgs/action/LimoAction.action
[6.372s] -- Installing: /home/artil/ROS/install/limo_msgs/share/ament_index/resource_index/package_run_dependencies/limo_msgs
[6.372s] -- Installing: /home/artil/ROS/install/limo_msgs/share/ament_index/resource_index/parent_prefix_path/limo_msgs
[6.372s] -- Installing: /home/artil/ROS/install/limo_msgs/share/limo_msgs/environment/ament_prefix_path.sh
[6.372s] -- Installing: /home/artil/ROS/install/limo_msgs/share/limo_msgs/environment/ament_prefix_path.dsv
[6.373s] -- Installing: /home/artil/ROS/install/limo_msgs/share/limo_msgs/environment/path.sh
[6.373s] -- Installing: /home/artil/ROS/install/limo_msgs/share/limo_msgs/environment/path.dsv
[6.373s] -- Installing: /home/artil/ROS/install/limo_msgs/share/limo_msgs/local_setup.bash
[6.373s] -- Installing: /home/artil/ROS/install/limo_msgs/share/limo_msgs/local_setup.sh
[6.373s] -- Installing: /home/artil/ROS/install/limo_msgs/share/limo_msgs/local_setup.zsh
[6.373s] -- Installing: /home/artil/ROS/install/limo_msgs/share/limo_msgs/local_setup.dsv
[6.373s] -- Installing: /home/artil/ROS/install/limo_msgs/share/limo_msgs/package.dsv
[6.373s] -- Installing: /home/artil/ROS/install/limo_msgs/share/ament_index/resource_index/packages/limo_msgs
[6.373s] -- Installing: /home/artil/ROS/install/limo_msgs/share/limo_msgs/cmake/export_limo_msgs__rosidl_generator_cExport.cmake
[6.373s] -- Installing: /home/artil/ROS/install/limo_msgs/share/limo_msgs/cmake/export_limo_msgs__rosidl_generator_cExport-noconfig.cmake
[6.373s] -- Installing: /home/artil/ROS/install/limo_msgs/share/limo_msgs/cmake/export_limo_msgs__rosidl_typesupport_fastrtps_cExport.cmake
[6.374s] -- Installing: /home/artil/ROS/install/limo_msgs/share/limo_msgs/cmake/export_limo_msgs__rosidl_typesupport_fastrtps_cExport-noconfig.cmake
[6.374s] -- Installing: /home/artil/ROS/install/limo_msgs/share/limo_msgs/cmake/export_limo_msgs__rosidl_generator_cppExport.cmake
[6.374s] -- Installing: /home/artil/ROS/install/limo_msgs/share/limo_msgs/cmake/export_limo_msgs__rosidl_typesupport_fastrtps_cppExport.cmake
[6.374s] -- Installing: /home/artil/ROS/install/limo_msgs/share/limo_msgs/cmake/export_limo_msgs__rosidl_typesupport_fastrtps_cppExport-noconfig.cmake
[6.374s] -- Installing: /home/artil/ROS/install/limo_msgs/share/limo_msgs/cmake/limo_msgs__rosidl_typesupport_introspection_cExport.cmake
[6.374s] -- Installing: /home/artil/ROS/install/limo_msgs/share/limo_msgs/cmake/limo_msgs__rosidl_typesupport_introspection_cExport-noconfig.cmake
[6.375s] -- Installing: /home/artil/ROS/install/limo_msgs/share/limo_msgs/cmake/limo_msgs__rosidl_typesupport_cExport.cmake
[6.375s] -- Installing: /home/artil/ROS/install/limo_msgs/share/limo_msgs/cmake/limo_msgs__rosidl_typesupport_cExport-noconfig.cmake
[6.375s] -- Installing: /home/artil/ROS/install/limo_msgs/share/limo_msgs/cmake/limo_msgs__rosidl_typesupport_introspection_cppExport.cmake
[6.375s] -- Installing: /home/artil/ROS/install/limo_msgs/share/limo_msgs/cmake/limo_msgs__rosidl_typesupport_introspection_cppExport-noconfig.cmake
[6.375s] -- Installing: /home/artil/ROS/install/limo_msgs/share/limo_msgs/cmake/limo_msgs__rosidl_typesupport_cppExport.cmake
[6.375s] -- Installing: /home/artil/ROS/install/limo_msgs/share/limo_msgs/cmake/limo_msgs__rosidl_typesupport_cppExport-noconfig.cmake
[6.376s] -- Installing: /home/artil/ROS/install/limo_msgs/share/limo_msgs/cmake/export_limo_msgs__rosidl_generator_pyExport.cmake
[6.376s] -- Installing: /home/artil/ROS/install/limo_msgs/share/limo_msgs/cmake/export_limo_msgs__rosidl_generator_pyExport-noconfig.cmake
[6.376s] -- Installing: /home/artil/ROS/install/limo_msgs/share/limo_msgs/cmake/rosidl_cmake-extras.cmake
[6.376s] -- Installing: /home/artil/ROS/install/limo_msgs/share/limo_msgs/cmake/ament_cmake_export_dependencies-extras.cmake
[6.376s] -- Installing: /home/artil/ROS/install/limo_msgs/share/limo_msgs/cmake/ament_cmake_export_include_directories-extras.cmake
[6.376s] -- Installing: /home/artil/ROS/install/limo_msgs/share/limo_msgs/cmake/ament_cmake_export_libraries-extras.cmake
[6.376s] -- Installing: /home/artil/ROS/install/limo_msgs/share/limo_msgs/cmake/ament_cmake_export_targets-extras.cmake
[6.376s] -- Installing: /home/artil/ROS/install/limo_msgs/share/limo_msgs/cmake/rosidl_cmake_export_typesupport_targets-extras.cmake
[6.376s] -- Installing: /home/artil/ROS/install/limo_msgs/share/limo_msgs/cmake/rosidl_cmake_export_typesupport_libraries-extras.cmake
[6.376s] -- Installing: /home/artil/ROS/install/limo_msgs/share/limo_msgs/cmake/limo_msgsConfig.cmake
[6.376s] -- Installing: /home/artil/ROS/install/limo_msgs/share/limo_msgs/cmake/limo_msgsConfig-version.cmake
[6.376s] -- Installing: /home/artil/ROS/install/limo_msgs/share/limo_msgs/package.xml
[6.378s] Invoked command in '/home/artil/ROS/build/limo_msgs' returned '0': CMAKE_PREFIX_PATH=${CMAKE_PREFIX_PATH}:/opt/ros/jazzy DEBUGINFOD_URLS=https://debuginfod.ubuntu.com /usr/bin/cmake --install /home/artil/ROS/build/limo_msgs
