[0.015s] Invoking command in '/home/artil/ROS/build/limo_gazebo_sim': CMAKE_PREFIX_PATH=${CMAKE_PREFIX_PATH}:/opt/ros/jazzy DEBUGINFOD_URLS=https://debuginfod.ubuntu.com /usr/bin/cmake --build /home/artil/ROS/build/limo_gazebo_sim -- -j16 -l16
[0.049s] -- Found ament_cmake: 2.5.4 (/opt/ros/jazzy/share/ament_cmake/cmake)
[0.248s] -- Found ament_lint_auto: 0.17.3 (/opt/ros/jazzy/share/ament_lint_auto/cmake)
[0.334s] -- Added test 'copyright' to check source files copyright and LICENSE
[0.338s] -- Added test 'flake8' to check Python code syntax and style conventions
[0.338s] -- Configured 'flake8' exclude dirs and/or files: 
[0.338s] -- Added test 'lint_cmake' to check CMake code style
[0.339s] -- Added test 'pep257' to check Python code against some of the docstring style conventions in PEP 257
[0.339s] -- Added test 'xmllint' to check XML markup files
[0.340s] -- Configuring done (0.3s)
[0.343s] -- Generating done (0.0s)
[0.347s] -- Build files have been written to: /home/artil/ROS/build/limo_gazebo_sim
[0.377s] Invoked command in '/home/artil/ROS/build/limo_gazebo_sim' returned '0': CMAKE_PREFIX_PATH=${CMAKE_PREFIX_PATH}:/opt/ros/jazzy DEBUGINFOD_URLS=https://debuginfod.ubuntu.com /usr/bin/cmake --build /home/artil/ROS/build/limo_gazebo_sim -- -j16 -l16
[0.378s] Invoking command in '/home/artil/ROS/build/limo_gazebo_sim': CMAKE_PREFIX_PATH=${CMAKE_PREFIX_PATH}:/opt/ros/jazzy DEBUGINFOD_URLS=https://debuginfod.ubuntu.com /usr/bin/cmake --install /home/artil/ROS/build/limo_gazebo_sim
[0.387s] -- Install configuration: ""
[0.387s] -- Up-to-date: /home/artil/ROS/install/limo_gazebo_sim/share/limo_gazebo_sim/launch
[0.387s] -- Up-to-date: /home/artil/ROS/install/limo_gazebo_sim/share/limo_gazebo_sim/launch/limo_ackerman_empty_world.launch.py
[0.388s] -- Up-to-date: /home/artil/ROS/install/limo_gazebo_sim/share/limo_gazebo_sim/launch/limo_ackerman_spawn.launch.py
[0.388s] -- Up-to-date: /home/artil/ROS/install/limo_gazebo_sim/share/limo_gazebo_sim/launch/limo_diff_empty_world.launch.py
[0.388s] -- Up-to-date: /home/artil/ROS/install/limo_gazebo_sim/share/limo_gazebo_sim/launch/limo_diff.launch.py
[0.388s] -- Up-to-date: /home/artil/ROS/install/limo_gazebo_sim/share/limo_gazebo_sim/launch/limo_diff_spawn.launch.py
[0.388s] -- Up-to-date: /home/artil/ROS/install/limo_gazebo_sim/share/limo_gazebo_sim/launch/limo_ackerman.launch.py
[0.391s] -- Installing: /home/artil/ROS/install/limo_gazebo_sim/share/limo_gazebo_sim/worlds
[0.391s] -- Installing: /home/artil/ROS/install/limo_gazebo_sim/share/limo_gazebo_sim/worlds/clearpath_playpen.world
[0.391s] -- Installing: /home/artil/ROS/install/limo_gazebo_sim/share/limo_gazebo_sim/worlds/willowgarage.world
[0.392s] -- Installing: /home/artil/ROS/install/limo_gazebo_sim/share/limo_gazebo_sim/worlds/empty.world
[0.392s] -- Installing: /home/artil/ROS/install/limo_gazebo_sim/share/limo_gazebo_sim/worlds/world_v1.world
[0.393s] -- Installing: /home/artil/ROS/install/limo_gazebo_sim/share/limo_gazebo_sim/worlds/world_v1
[0.393s] -- Installing: /home/artil/ROS/install/limo_gazebo_sim/share/limo_gazebo_sim/worlds/world_v1/model.sdf
[0.393s] -- Installing: /home/artil/ROS/install/limo_gazebo_sim/share/limo_gazebo_sim/worlds/world_v1/model.config
[0.393s] -- Installing: /home/artil/ROS/install/limo_gazebo_sim/share/ament_index/resource_index/package_run_dependencies/limo_gazebo_sim
[0.393s] -- Installing: /home/artil/ROS/install/limo_gazebo_sim/share/ament_index/resource_index/parent_prefix_path/limo_gazebo_sim
[0.394s] -- Installing: /home/artil/ROS/install/limo_gazebo_sim/share/limo_gazebo_sim/environment/ament_prefix_path.sh
[0.394s] -- Installing: /home/artil/ROS/install/limo_gazebo_sim/share/limo_gazebo_sim/environment/ament_prefix_path.dsv
[0.394s] -- Installing: /home/artil/ROS/install/limo_gazebo_sim/share/limo_gazebo_sim/environment/path.sh
[0.394s] -- Installing: /home/artil/ROS/install/limo_gazebo_sim/share/limo_gazebo_sim/environment/path.dsv
[0.394s] -- Installing: /home/artil/ROS/install/limo_gazebo_sim/share/limo_gazebo_sim/local_setup.bash
[0.394s] -- Installing: /home/artil/ROS/install/limo_gazebo_sim/share/limo_gazebo_sim/local_setup.sh
[0.395s] -- Installing: /home/artil/ROS/install/limo_gazebo_sim/share/limo_gazebo_sim/local_setup.zsh
[0.395s] -- Installing: /home/artil/ROS/install/limo_gazebo_sim/share/limo_gazebo_sim/local_setup.dsv
[0.396s] -- Up-to-date: /home/artil/ROS/install/limo_gazebo_sim/share/limo_gazebo_sim/package.dsv
[0.396s] -- Installing: /home/artil/ROS/install/limo_gazebo_sim/share/ament_index/resource_index/packages/limo_gazebo_sim
[0.396s] -- Installing: /home/artil/ROS/install/limo_gazebo_sim/share/limo_gazebo_sim/cmake/limo_gazebo_simConfig.cmake
[0.396s] -- Installing: /home/artil/ROS/install/limo_gazebo_sim/share/limo_gazebo_sim/cmake/limo_gazebo_simConfig-version.cmake
[0.396s] -- Installing: /home/artil/ROS/install/limo_gazebo_sim/share/limo_gazebo_sim/package.xml
[0.396s] Invoked command in '/home/artil/ROS/build/limo_gazebo_sim' returned '0': CMAKE_PREFIX_PATH=${CMAKE_PREFIX_PATH}:/opt/ros/jazzy DEBUGINFOD_URLS=https://debuginfod.ubuntu.com /usr/bin/cmake --install /home/artil/ROS/build/limo_gazebo_sim
